03-19 17:36:05.388   776 20067 E C2MtkVdec: [0xEA009900] fetch graphic block err = 110
03-19 17:36:05.388   776 20112 E C2MtkVdec: [0xE953A600] fetch graphic block err = 110
03-19 17:36:05.388   776 20251 E C2MtkVdec: [0xEA7E7100] fetch graphic block err = 110
03-19 17:36:05.388   776 20205 E C2MtkVdec: [0xEAC61400] fetch graphic block err = 110
03-19 17:36:05.389   776 21911 E C2MtkVdec: [0xE9169300] fetch graphic block err = 110
03-19 17:36:05.488   776 20112 E C2MtkVdec: [0xE953A600] fetch graphic block err = 110
03-19 17:36:05.488   776 20067 E C2MtkVdec: [0xEA009900] fetch graphic block err = 110
03-19 17:36:05.489   776 20251 E C2MtkVdec: [0xEA7E7100] fetch graphic block err = 110
03-19 17:36:05.489   776 20205 E C2MtkVdec: [0xEAC61400] fetch graphic block err = 110
03-19 17:36:05.489   776 21911 E C2MtkVdec: [0xE9169300] fetch graphic block err = 110
03-19 17:36:05.522  1702  1702 I WifiHAL : Get link layer stats
03-19 17:36:05.522  1702  1702 I WifiHAL : GetLinkStatsCommand::create
03-19 17:36:05.522  1702  1702 D android.hardware.wifi@1.0-service-lazy: WifiRequest::create vendor command to iface 31, vendor_id=0x1a11, subcmd=0x1200, res=0
03-19 17:36:05.523  1702  1702 I android.hardware.wifi@1.0-service-lazy: WifiCommand::requestResponse err=-14
03-19 17:36:05.523  1702  1702 I WifiHAL : wifi_get_link_stats: result=-1
03-19 17:36:05.526  1432  1639 E WifiVendorHal: getWifiLinkLayerStats_1_5_Internal(l.1176) failed {.code = ERROR_UNKNOWN, .description = unknown}
03-19 17:36:05.589   776 20067 E C2MtkVdec: [0xEA009900] fetch graphic block err = 110
03-19 17:36:05.589   776 20112 E C2MtkVdec: [0xE953A600] fetch graphic block err = 110
03-19 17:36:05.589   776 20251 E C2MtkVdec: [0xEA7E7100] fetch graphic block err = 110
03-19 17:36:05.589   776 20205 E C2MtkVdec: [0xEAC61400] fetch graphic block err = 110
03-19 17:36:05.589   776 21911 E C2MtkVdec: [0xE9169300] fetch graphic block err = 110
03-19 17:36:05.680   776 20071 W C2BqBuffer: last successful dequeue was 68144764567 us ago, 0 consecutive failures
03-19 17:36:05.689   776 20251 E C2MtkVdec: [0xEA7E7100] fetch graphic block err = 110
03-19 17:36:05.689   776 20067 E C2MtkVdec: [0xEA009900] fetch graphic block err = 110
03-19 17:36:05.690   776 20112 E C2MtkVdec: [0xE953A600] fetch graphic block err = 110
03-19 17:36:05.690   776 20205 E C2MtkVdec: [0xEAC61400] fetch graphic block err = 110
03-19 17:36:05.690   776 21911 E C2MtkVdec: [0xE9169300] fetch graphic block err = 110
03-19 17:36:05.722   776 11841 W C2BqBuffer: last successful dequeue was 135908505783 us ago, 0 consecutive failures
03-19 17:36:05.731   776 20255 W C2BqBuffer: last successful dequeue was 205912956631 us ago, 0 consecutive failures
03-19 17:36:05.790   776 20251 E C2MtkVdec: [0xEA7E7100] fetch graphic block err = 110
03-19 17:36:05.790   776 20067 E C2MtkVdec: [0xEA009900] fetch graphic block err = 110
03-19 17:36:05.790   776 20205 E C2MtkVdec: [0xEAC61400] fetch graphic block err = 110
03-19 17:36:05.790   776 20112 E C2MtkVdec: [0xE953A600] fetch graphic block err = 110
03-19 17:36:05.790   776 21911 E C2MtkVdec: [0xE9169300] fetch graphic block err = 110
03-19 17:36:05.890   776 20205 E C2MtkVdec: [0xEAC61400] fetch graphic block err = 110
03-19 17:36:05.890   776 20067 E C2MtkVdec: [0xEA009900] fetch graphic block err = 110
03-19 17:36:05.891   776 20251 E C2MtkVdec: [0xEA7E7100] fetch graphic block err = 110
03-19 17:36:05.891   776 20112 E C2MtkVdec: [0xE953A600] fetch graphic block err = 110
03-19 17:36:05.891   776 21911 E C2MtkVdec: [0xE9169300] fetch graphic block err = 110
03-19 17:36:05.991   776 20251 E C2MtkVdec: [0xEA7E7100] fetch graphic block err = 110
03-19 17:36:05.991   776 20205 E C2MtkVdec: [0xEAC61400] fetch graphic block err = 110
03-19 17:36:05.991   776 20067 E C2MtkVdec: [0xEA009900] fetch graphic block err = 110
03-19 17:36:05.991   776 21911 E C2MtkVdec: [0xE9169300] fetch graphic block err = 110
03-19 17:36:05.991   776 20112 E C2MtkVdec: [0xE953A600] fetch graphic block err = 110
03-19 17:36:06.011  1432  7351 D ActivityManager: getProcessesInErrorState callingUid=10182, CallingPid=24596
03-19 17:36:06.066   776 20116 W C2BqBuffer: last successful dequeue was 68144670633 us ago, 0 consecutive failures
03-19 17:36:06.091   776 20205 E C2MtkVdec: [0xEAC61400] fetch graphic block err = 110
03-19 17:36:06.091   776 21911 E C2MtkVdec: [0xE9169300] fetch graphic block err = 110
03-19 17:36:06.091   776 20251 E C2MtkVdec: [0xEA7E7100] fetch graphic block err = 110
03-19 17:36:06.091   776 20067 E C2MtkVdec: [0xEA009900] fetch graphic block err = 110
03-19 17:36:06.092   776 20112 E C2MtkVdec: [0xE953A600] fetch graphic block err = 110
03-19 17:36:06.100   776 20251 D VCodec  : [VCodecProprietaryD] BQ disconnect or rety timeout, return null to release process thread
03-19 17:36:06.101   776 20251 E VDO_LOG : ### +VDEC_DRV_GET_TYPE_GET_PIXEL_FORMAT
03-19 17:36:06.101   776 20251 E VDO_LOG : [Info] get updated pixel format:  4
03-19 17:36:06.192   776 21911 E C2MtkVdec: [0xE9169300] fetch graphic block err = 110
03-19 17:36:06.192   776 20067 E C2MtkVdec: [0xEA009900] fetch graphic block err = 110
03-19 17:36:06.192   776 20205 E C2MtkVdec: [0xEAC61400] fetch graphic block err = 110
03-19 17:36:06.192   776 21911 D VCodec  : [VCodecProprietaryD] BQ disconnect or rety timeout, return null to release process thread
03-19 17:36:06.192   776 21911 E VDO_LOG : ### +VDEC_DRV_GET_TYPE_GET_PIXEL_FORMAT
03-19 17:36:06.192   776 21911 E VDO_LOG : [Info] get updated pixel format:  4
03-19 17:36:06.192   776 20112 E C2MtkVdec: [0xE953A600] fetch graphic block err = 110
03-19 17:36:06.202   776 20251 E C2MtkVdec: [0xEA7E7100] fetch graphic block err = 110
03-19 17:36:06.292   776 20205 E C2MtkVdec: [0xEAC61400] fetch graphic block err = 110
03-19 17:36:06.292   776 20067 E C2MtkVdec: [0xEA009900] fetch graphic block err = 110
03-19 17:36:06.292   776 20112 E C2MtkVdec: [0xE953A600] fetch graphic block err = 110
03-19 17:36:06.292   776 21911 E C2MtkVdec: [0xE9169300] fetch graphic block err = 110
03-19 17:36:06.302   776 20251 E C2MtkVdec: [0xEA7E7100] fetch graphic block err = 110
03-19 17:36:06.392   776 20205 E C2MtkVdec: [0xEAC61400] fetch graphic block err = 110
03-19 17:36:06.392   776 20067 E C2MtkVdec: [0xEA009900] fetch graphic block err = 110
03-19 17:36:06.393   776 20112 E C2MtkVdec: [0xE953A600] fetch graphic block err = 110
03-19 17:36:06.393   776 21911 E C2MtkVdec: [0xE9169300] fetch graphic block err = 110
03-19 17:36:06.403   776 20251 E C2MtkVdec: [0xEA7E7100] fetch graphic block err = 110
03-19 17:36:06.493   776 20205 E C2MtkVdec: [0xEAC61400] fetch graphic block err = 110
03-19 17:36:06.493   776 20067 E C2MtkVdec: [0xEA009900] fetch graphic block err = 110
03-19 17:36:06.493   776 20112 E C2MtkVdec: [0xE953A600] fetch graphic block err = 110
03-19 17:36:06.493   776 21911 E C2MtkVdec: [0xE9169300] fetch graphic block err = 110
03-19 17:36:06.503   776 20251 E C2MtkVdec: [0xEA7E7100] fetch graphic block err = 110
03-19 17:36:06.593   776 20067 E C2MtkVdec: [0xEA009900] fetch graphic block err = 110
03-19 17:36:06.593   776 20205 E C2MtkVdec: [0xEAC61400] fetch graphic block err = 110
03-19 17:36:06.593   776 20112 E C2MtkVdec: [0xE953A600] fetch graphic block err = 110
03-19 17:36:06.594   776 21911 E C2MtkVdec: [0xE9169300] fetch graphic block err = 110
03-19 17:36:06.604   776 20251 E C2MtkVdec: [0xEA7E7100] fetch graphic block err = 110
03-19 17:36:06.694   776 20205 E C2MtkVdec: [0xEAC61400] fetch graphic block err = 110
03-19 17:36:06.694   776 20067 E C2MtkVdec: [0xEA009900] fetch graphic block err = 110
03-19 17:36:06.694   776 20112 E C2MtkVdec: [0xE953A600] fetch graphic block err = 110
03-19 17:36:06.694   776 21911 E C2MtkVdec: [0xE9169300] fetch graphic block err = 110
03-19 17:36:06.704   776 20251 E C2MtkVdec: [0xEA7E7100] fetch graphic block err = 110
03-19 17:36:06.794   776 20112 E C2MtkVdec: [0xE953A600] fetch graphic block err = 110
03-19 17:36:06.794   776 20205 E C2MtkVdec: [0xEAC61400] fetch graphic block err = 110
03-19 17:36:06.794   776 20067 E C2MtkVdec: [0xEA009900] fetch graphic block err = 110
03-19 17:36:06.794   776 21911 E C2MtkVdec: [0xE9169300] fetch graphic block err = 110
03-19 17:36:06.805   776 20251 E C2MtkVdec: [0xEA7E7100] fetch graphic block err = 110
03-19 17:36:06.895   776 20112 E C2MtkVdec: [0xE953A600] fetch graphic block err = 110
03-19 17:36:06.895   776 20205 E C2MtkVdec: [0xEAC61400] fetch graphic block err = 110
03-19 17:36:06.895   776 21911 E C2MtkVdec: [0xE9169300] fetch graphic block err = 110
03-19 17:36:06.895   776 20067 E C2MtkVdec: [0xEA009900] fetch graphic block err = 110
03-19 17:36:06.905   776 20251 E C2MtkVdec: [0xEA7E7100] fetch graphic block err = 110
03-19 17:36:06.995   776 20205 E C2MtkVdec: [0xEAC61400] fetch graphic block err = 110
03-19 17:36:06.995   776 21911 E C2MtkVdec: [0xE9169300] fetch graphic block err = 110
03-19 17:36:06.995   776 20112 E C2MtkVdec: [0xE953A600] fetch graphic block err = 110
03-19 17:36:06.995   776 20205 D VCodec  : [VCodecProprietaryD] BQ disconnect or rety timeout, return null to release process thread
03-19 17:36:06.995   776 20067 E C2MtkVdec: [0xEA009900] fetch graphic block err = 110
03-19 17:36:06.996   776 20205 E VDO_LOG : ### +VDEC_DRV_GET_TYPE_GET_PIXEL_FORMAT
03-19 17:36:06.996   776 20205 E VDO_LOG : [Info] get updated pixel format:  4
03-19 17:36:07.006   776 20251 E C2MtkVdec: [0xEA7E7100] fetch graphic block err = 110
03-19 17:36:07.095   776 21911 E C2MtkVdec: [0xE9169300] fetch graphic block err = 110
03-19 17:36:07.095   776 20112 E C2MtkVdec: [0xE953A600] fetch graphic block err = 110
03-19 17:36:07.096   776 20112 D VCodec  : [VCodecProprietaryD] BQ disconnect or rety timeout, return null to release process thread
03-19 17:36:07.096   776 20112 E VDO_LOG : ### +VDEC_DRV_GET_TYPE_GET_PIXEL_FORMAT
03-19 17:36:07.096   776 20112 E VDO_LOG : [Info] get updated pixel format:  4
03-19 17:36:07.097   776 20067 E C2MtkVdec: [0xEA009900] fetch graphic block err = 110
03-19 17:36:07.097   776 20205 E C2MtkVdec: [0xEAC61400] fetch graphic block err = 110
03-19 17:36:07.106   776 20251 E C2MtkVdec: [0xEA7E7100] fetch graphic block err = 110
03-19 17:36:07.148  1432  1461 D AES     : AEEIOCTL_GET/SET_SF_STATE IOCTL,cmd= 1074294797, lParam=0. 
03-19 17:36:07.148  1432  1461 D AES     : AEEIOCTL_RT_MON_Kick IOCTL,cmd= 2147774474, lParam=300. 
03-19 17:36:07.196   776 21911 E C2MtkVdec: [0xE9169300] fetch graphic block err = 110
03-19 17:36:07.197   776 20112 E C2MtkVdec: [0xE953A600] fetch graphic block err = 110
03-19 17:36:07.197   776 20205 E C2MtkVdec: [0xEAC61400] fetch graphic block err = 110
03-19 17:36:07.197   776 20067 E C2MtkVdec: [0xEA009900] fetch graphic block err = 110
03-19 17:36:07.207   776 20251 E C2MtkVdec: [0xEA7E7100] fetch graphic block err = 110
03-19 17:36:07.296   776 21911 E C2MtkVdec: [0xE9169300] fetch graphic block err = 110
03-19 17:36:07.298   776 20112 E C2MtkVdec: [0xE953A600] fetch graphic block err = 110
03-19 17:36:07.298   776 20067 E C2MtkVdec: [0xEA009900] fetch graphic block err = 110
03-19 17:36:07.298   776 20205 E C2MtkVdec: [0xEAC61400] fetch graphic block err = 110
03-19 17:36:07.307   776 20251 E C2MtkVdec: [0xEA7E7100] fetch graphic block err = 110
03-19 17:36:07.397   776 21911 E C2MtkVdec: [0xE9169300] fetch graphic block err = 110
03-19 17:36:07.398   776 20112 E C2MtkVdec: [0xE953A600] fetch graphic block err = 110
03-19 17:36:07.398   776 20067 E C2MtkVdec: [0xEA009900] fetch graphic block err = 110
03-19 17:36:07.399   776 20205 E C2MtkVdec: [0xEAC61400] fetch graphic block err = 110
03-19 17:36:07.408   776 20251 E C2MtkVdec: [0xEA7E7100] fetch graphic block err = 110
03-19 17:36:07.497   776 21911 E C2MtkVdec: [0xE9169300] fetch graphic block err = 110
03-19 17:36:07.499   776 20112 E C2MtkVdec: [0xE953A600] fetch graphic block err = 110
03-19 17:36:07.499   776 20067 E C2MtkVdec: [0xEA009900] fetch graphic block err = 110
03-19 17:36:07.499   776 20067 D VCodec  : [VCodecProprietaryD] BQ disconnect or rety timeout, return null to release process thread
03-19 17:36:07.499   776 20067 E VDO_LOG : ### +VDEC_DRV_GET_TYPE_GET_PIXEL_FORMAT
03-19 17:36:07.500   776 20067 E VDO_LOG : [Info] get updated pixel format:  4
03-19 17:36:07.501   776 20205 E C2MtkVdec: [0xEAC61400] fetch graphic block err = 110
03-19 17:36:07.508   776 20251 E C2MtkVdec: [0xEA7E7100] fetch graphic block err = 110
03-19 17:36:07.542  1432  1464 I lq ThermalManagerService: getBoardTemp: 39000
03-19 17:36:07.545  1432  1464 I PowerManagerService: getBoardTemp for outdoor mode: 39000
03-19 17:36:07.563   813   839 D ccci_mdinit: (1):monitor_time_update_thread round:32330 ########
03-19 17:36:07.598   776 21911 E C2MtkVdec: [0xE9169300] fetch graphic block err = 110
03-19 17:36:07.599   776 20112 E C2MtkVdec: [0xE953A600] fetch graphic block err = 110
03-19 17:36:07.601   776 20067 E C2MtkVdec: [0xEA009900] fetch graphic block err = 110
03-19 17:36:07.601   776 20205 E C2MtkVdec: [0xEAC61400] fetch graphic block err = 110
03-19 17:36:07.609   776 20251 E C2MtkVdec: [0xEA7E7100] fetch graphic block err = 110
03-19 17:36:07.699   776 21911 E C2MtkVdec: [0xE9169300] fetch graphic block err = 110
03-19 17:36:07.699   776 20112 E C2MtkVdec: [0xE953A600] fetch graphic block err = 110
03-19 17:36:07.701   776 20067 E C2MtkVdec: [0xEA009900] fetch graphic block err = 110
03-19 17:36:07.702   776 20205 E C2MtkVdec: [0xEAC61400] fetch graphic block err = 110
03-19 17:36:07.710   776 20251 E C2MtkVdec: [0xEA7E7100] fetch graphic block err = 110
03-19 17:36:07.799   776 21911 E C2MtkVdec: [0xE9169300] fetch graphic block err = 110
03-19 17:36:07.800   776 20112 E C2MtkVdec: [0xE953A600] fetch graphic block err = 110
03-19 17:36:07.802   776 20067 E C2MtkVdec: [0xEA009900] fetch graphic block err = 110
03-19 17:36:07.802   776 20205 E C2MtkVdec: [0xEAC61400] fetch graphic block err = 110
03-19 17:36:07.810   776 20251 E C2MtkVdec: [0xEA7E7100] fetch graphic block err = 110
03-19 17:36:07.900   776 21911 E C2MtkVdec: [0xE9169300] fetch graphic block err = 110
03-19 17:36:07.901   776 20112 E C2MtkVdec: [0xE953A600] fetch graphic block err = 110
03-19 17:36:07.902   776 20067 E C2MtkVdec: [0xEA009900] fetch graphic block err = 110
03-19 17:36:07.903   776 20205 E C2MtkVdec: [0xEAC61400] fetch graphic block err = 110
03-19 17:36:07.911   776 20251 E C2MtkVdec: [0xEA7E7100] fetch graphic block err = 110
03-19 17:36:08.001   776 21911 E C2MtkVdec: [0xE9169300] fetch graphic block err = 110
03-19 17:36:08.001   776 20112 E C2MtkVdec: [0xE953A600] fetch graphic block err = 110
03-19 17:36:08.003   776 20067 E C2MtkVdec: [0xEA009900] fetch graphic block err = 110
03-19 17:36:08.003   776 20205 E C2MtkVdec: [0xEAC61400] fetch graphic block err = 110
03-19 17:36:08.011   776 20251 E C2MtkVdec: [0xEA7E7100] fetch graphic block err = 110
03-19 17:36:08.013  1432  7351 D ActivityManager: getProcessesInErrorState callingUid=10182, CallingPid=24596
03-19 17:36:08.101   776 21911 E C2MtkVdec: [0xE9169300] fetch graphic block err = 110
03-19 17:36:08.102   776 20112 E C2MtkVdec: [0xE953A600] fetch graphic block err = 110
03-19 17:36:08.103   776 20067 E C2MtkVdec: [0xEA009900] fetch graphic block err = 110
03-19 17:36:08.103   776 20205 E C2MtkVdec: [0xEAC61400] fetch graphic block err = 110
03-19 17:36:08.111   776 20251 E C2MtkVdec: [0xEA7E7100] fetch graphic block err = 110
03-19 17:36:08.202   776 20112 E C2MtkVdec: [0xE953A600] fetch graphic block err = 110
03-19 17:36:08.202   776 21911 E C2MtkVdec: [0xE9169300] fetch graphic block err = 110
03-19 17:36:08.204   776 20067 E C2MtkVdec: [0xEA009900] fetch graphic block err = 110
03-19 17:36:08.204   776 20205 E C2MtkVdec: [0xEAC61400] fetch graphic block err = 110
03-19 17:36:08.212   776 20251 E C2MtkVdec: [0xEA7E7100] fetch graphic block err = 110
03-19 17:36:08.302   776 20112 E C2MtkVdec: [0xE953A600] fetch graphic block err = 110
03-19 17:36:08.303   776 21911 E C2MtkVdec: [0xE9169300] fetch graphic block err = 110
03-19 17:36:08.304   776 20067 E C2MtkVdec: [0xEA009900] fetch graphic block err = 110
03-19 17:36:08.304   776 20205 E C2MtkVdec: [0xEAC61400] fetch graphic block err = 110
03-19 17:36:08.312   776 20251 E C2MtkVdec: [0xEA7E7100] fetch graphic block err = 110
03-19 17:36:08.403   776 20112 E C2MtkVdec: [0xE953A600] fetch graphic block err = 110
03-19 17:36:08.403   776 21911 E C2MtkVdec: [0xE9169300] fetch graphic block err = 110
03-19 17:36:08.404   776 20067 E C2MtkVdec: [0xEA009900] fetch graphic block err = 110
03-19 17:36:08.405   776 20205 E C2MtkVdec: [0xEAC61400] fetch graphic block err = 110
03-19 17:36:08.413   776 20251 E C2MtkVdec: [0xEA7E7100] fetch graphic block err = 110
03-19 17:36:08.504   776 20112 E C2MtkVdec: [0xE953A600] fetch graphic block err = 110
03-19 17:36:08.504   776 21911 E C2MtkVdec: [0xE9169300] fetch graphic block err = 110
03-19 17:36:08.505   776 20067 E C2MtkVdec: [0xEA009900] fetch graphic block err = 110
03-19 17:36:08.505   776 20205 E C2MtkVdec: [0xEAC61400] fetch graphic block err = 110
03-19 17:36:08.513   776 20251 E C2MtkVdec: [0xEA7E7100] fetch graphic block err = 110
03-19 17:36:08.543  1702  1702 I WifiHAL : Get link layer stats
03-19 17:36:08.543  1702  1702 I WifiHAL : GetLinkStatsCommand::create
03-19 17:36:08.544  1702  1702 D android.hardware.wifi@1.0-service-lazy: WifiRequest::create vendor command to iface 31, vendor_id=0x1a11, subcmd=0x1200, res=0
03-19 17:36:08.544  1702  1702 I android.hardware.wifi@1.0-service-lazy: WifiCommand::requestResponse err=-14
03-19 17:36:08.544  1702  1702 I WifiHAL : wifi_get_link_stats: result=-1
03-19 17:36:08.546  1432  1639 E WifiVendorHal: getWifiLinkLayerStats_1_5_Internal(l.1176) failed {.code = ERROR_UNKNOWN, .description = unknown}
03-19 17:36:08.560  1718  1718 D WifiSignalController: isWifi6: false,wifiVisible: false
03-19 17:36:08.562  1718  1718 D WifiSignalController: iconId: 2131232264
03-19 17:36:08.590  1432  7351 D ConnectivityService: requestNetwork for uid/pid:10180/24972 activeRequest: null callbackRequest: 10500 [NetworkRequest [ REQUEST id=10501, [ Capabilities: INTERNET&NOT_RESTRICTED&TRUSTED&NOT_VCN_MANAGED Uid: 10180 RequestorUid: 10180 RequestorPkg: com.linkedin.android UnderlyingNetworks: Null] ]] callback flags: 0 order: 2147483647
03-19 17:36:08.599  1432  1639 D WifiNetworkFactory: got request NetworkRequest [ REQUEST id=10501, [ Capabilities: INTERNET&NOT_RESTRICTED&TRUSTED&NOT_VCN_MANAGED Uid: 10180 RequestorUid: 10180 RequestorPkg: com.linkedin.android UnderlyingNetworks: Null] ]
03-19 17:36:08.600  1432  1639 D UntrustedWifiNetworkFactory: got request NetworkRequest [ REQUEST id=10501, [ Capabilities: INTERNET&NOT_RESTRICTED&TRUSTED&NOT_VCN_MANAGED Uid: 10180 RequestorUid: 10180 RequestorPkg: com.linkedin.android UnderlyingNetworks: Null] ]
03-19 17:36:08.600  1432  1639 D OemPaidWifiNetworkFactory: got request NetworkRequest [ REQUEST id=10501, [ Capabilities: INTERNET&NOT_RESTRICTED&TRUSTED&NOT_VCN_MANAGED Uid: 10180 RequestorUid: 10180 RequestorPkg: com.linkedin.android UnderlyingNetworks: Null] ]
03-19 17:36:08.601  1432  1639 D MultiInternetWifiNetworkFactory: got request NetworkRequest [ REQUEST id=10501, [ Capabilities: INTERNET&NOT_RESTRICTED&TRUSTED&NOT_VCN_MANAGED Uid: 10180 RequestorUid: 10180 RequestorPkg: com.linkedin.android UnderlyingNetworks: Null] ]
03-19 17:36:08.603  1432  1647 D ConnectivityService: NetReassign [10501 : null  348] [c 1] [a 2] [i 8]
03-19 17:36:08.604   776 21911 E C2MtkVdec: [0xE9169300] fetch graphic block err = 110
03-19 17:36:08.604   776 20112 E C2MtkVdec: [0xE953A600] fetch graphic block err = 110
03-19 17:36:08.605   776 20067 E C2MtkVdec: [0xEA009900] fetch graphic block err = 110
03-19 17:36:08.605   776 20205 E C2MtkVdec: [0xEAC61400] fetch graphic block err = 110
03-19 17:36:08.613   776 20251 E C2MtkVdec: [0xEA7E7100] fetch graphic block err = 110
03-19 17:36:08.651   776 20209 W C2BqBuffer: last successful dequeue was 205916164726 us ago, 0 consecutive failures
03-19 17:36:08.704   776 20112 E C2MtkVdec: [0xE953A600] fetch graphic block err = 110
03-19 17:36:08.704   776 21911 E C2MtkVdec: [0xE9169300] fetch graphic block err = 110
03-19 17:36:08.705   776 20205 E C2MtkVdec: [0xEAC61400] fetch graphic block err = 110
03-19 17:36:08.706   776 20067 E C2MtkVdec: [0xEA009900] fetch graphic block err = 110
03-19 17:36:08.714   776 20251 E C2MtkVdec: [0xEA7E7100] fetch graphic block err = 110
03-19 17:36:08.805   776 21911 E C2MtkVdec: [0xE9169300] fetch graphic block err = 110
03-19 17:36:08.805   776 20112 E C2MtkVdec: [0xE953A600] fetch graphic block err = 110
03-19 17:36:08.806   776 20205 E C2MtkVdec: [0xEAC61400] fetch graphic block err = 110
03-19 17:36:08.806   776 20067 E C2MtkVdec: [0xEA009900] fetch graphic block err = 110
03-19 17:36:08.814   776 20251 E C2MtkVdec: [0xEA7E7100] fetch graphic block err = 110
03-19 17:36:08.860   993   993 I thermal_repeater: [recvMdThermalInfo] ret=26, strLen=127,  3, 41, -14, 196, 32767, 0
03-19 17:36:08.905   776 21911 E C2MtkVdec: [0xE9169300] fetch graphic block err = 110
03-19 17:36:08.905   776 20112 E C2MtkVdec: [0xE953A600] fetch graphic block err = 110
03-19 17:36:08.906   776 20205 E C2MtkVdec: [0xEAC61400] fetch graphic block err = 110
03-19 17:36:08.907   776 20067 E C2MtkVdec: [0xEA009900] fetch graphic block err = 110
03-19 17:36:08.915   776 20251 E C2MtkVdec: [0xEA7E7100] fetch graphic block err = 110
03-19 17:36:08.939 24972 25087 I WM-WorkerWrapper: Worker result SUCCESS for Work [ id=33a20b51-e11d-4a34-bfcb-9ef6a39a9abb, tags={ com.linkedin.android.tracking.sensor.SensorMetricTapeWorker } ]
03-19 17:36:08.955  1432  7351 D AlarmManagerService: inside native alarm timerfd set Alarm Type = 2
03-19 17:36:08.957  1432  7351 D AlarmManagerService: inside native alarm timerfd set Alarm Type = 3
03-19 17:36:08.960  1432  7351 D AlarmManagerService: inside native alarm timerfd set Alarm Type = 2
03-19 17:36:08.960  1432  7351 D AlarmManagerService: inside native alarm timerfd set Alarm Type = 3
03-19 17:36:09.006   776 20112 E C2MtkVdec: [0xE953A600] fetch graphic block err = 110
03-19 17:36:09.006   776 21911 E C2MtkVdec: [0xE9169300] fetch graphic block err = 110
03-19 17:36:09.006   776 20205 E C2MtkVdec: [0xEAC61400] fetch graphic block err = 110
03-19 17:36:09.007   776 20067 E C2MtkVdec: [0xEA009900] fetch graphic block err = 110
03-19 17:36:09.015   776 20251 E C2MtkVdec: [0xEA7E7100] fetch graphic block err = 110
03-19 17:36:09.106   776 21911 E C2MtkVdec: [0xE9169300] fetch graphic block err = 110
03-19 17:36:09.106   776 20112 E C2MtkVdec: [0xE953A600] fetch graphic block err = 110
03-19 17:36:09.107   776 20205 E C2MtkVdec: [0xEAC61400] fetch graphic block err = 110
03-19 17:36:09.107   776 20067 E C2MtkVdec: [0xEA009900] fetch graphic block err = 110
03-19 17:36:09.115   776 20251 E C2MtkVdec: [0xEA7E7100] fetch graphic block err = 110
03-19 17:36:09.116   776 20251 D VCodec  : [VCodecProprietaryD] BQ disconnect or rety timeout, return null to release process thread
03-19 17:36:09.116   776 20251 E VDO_LOG : ### +VDEC_DRV_GET_TYPE_GET_PIXEL_FORMAT
03-19 17:36:09.116   776 20251 E VDO_LOG : [Info] get updated pixel format:  4
03-19 17:36:09.207   776 20112 E C2MtkVdec: [0xE953A600] fetch graphic block err = 110
03-19 17:36:09.207   776 21911 E C2MtkVdec: [0xE9169300] fetch graphic block err = 110
03-19 17:36:09.207   776 21911 D VCodec  : [VCodecProprietaryD] BQ disconnect or rety timeout, return null to release process thread
03-19 17:36:09.207   776 21911 E VDO_LOG : ### +VDEC_DRV_GET_TYPE_GET_PIXEL_FORMAT
03-19 17:36:09.207   776 20205 E C2MtkVdec: [0xEAC61400] fetch graphic block err = 110
03-19 17:36:09.207   776 21911 E VDO_LOG : [Info] get updated pixel format:  4
03-19 17:36:09.208   776 20067 E C2MtkVdec: [0xEA009900] fetch graphic block err = 110
03-19 17:36:09.218   776 20251 E C2MtkVdec: [0xEA7E7100] fetch graphic block err = 110
03-19 17:36:09.307   776 20112 E C2MtkVdec: [0xE953A600] fetch graphic block err = 110
03-19 17:36:09.308   776 20205 E C2MtkVdec: [0xEAC61400] fetch graphic block err = 110
03-19 17:36:09.308   776 20067 E C2MtkVdec: [0xEA009900] fetch graphic block err = 110
03-19 17:36:09.309   776 21911 E C2MtkVdec: [0xE9169300] fetch graphic block err = 110
03-19 17:36:09.318   776 20251 E C2MtkVdec: [0xEA7E7100] fetch graphic block err = 110
03-19 17:36:09.407   776 20112 E C2MtkVdec: [0xE953A600] fetch graphic block err = 110
03-19 17:36:09.408   776 20205 E C2MtkVdec: [0xEAC61400] fetch graphic block err = 110
03-19 17:36:09.409   776 20067 E C2MtkVdec: [0xEA009900] fetch graphic block err = 110
03-19 17:36:09.409   776 21911 E C2MtkVdec: [0xE9169300] fetch graphic block err = 110
03-19 17:36:09.419   776 20251 E C2MtkVdec: [0xEA7E7100] fetch graphic block err = 110
03-19 17:36:09.508   776 20112 E C2MtkVdec: [0xE953A600] fetch graphic block err = 110
03-19 17:36:09.508   776 20205 E C2MtkVdec: [0xEAC61400] fetch graphic block err = 110
03-19 17:36:09.509   776 20067 E C2MtkVdec: [0xEA009900] fetch graphic block err = 110
03-19 17:36:09.510   776 21911 E C2MtkVdec: [0xE9169300] fetch graphic block err = 110
03-19 17:36:09.519   776 20251 E C2MtkVdec: [0xEA7E7100] fetch graphic block err = 110
03-19 17:36:09.608   776 20112 E C2MtkVdec: [0xE953A600] fetch graphic block err = 110
03-19 17:36:09.609   776 20205 E C2MtkVdec: [0xEAC61400] fetch graphic block err = 110
03-19 17:36:09.609   776 20067 E C2MtkVdec: [0xEA009900] fetch graphic block err = 110
03-19 17:36:09.610   776 21911 E C2MtkVdec: [0xE9169300] fetch graphic block err = 110
03-19 17:36:09.620   776 20251 E C2MtkVdec: [0xEA7E7100] fetch graphic block err = 110
03-19 17:36:09.709   776 20112 E C2MtkVdec: [0xE953A600] fetch graphic block err = 110
03-19 17:36:09.709   776 20205 E C2MtkVdec: [0xEAC61400] fetch graphic block err = 110
03-19 17:36:09.710   776 20067 E C2MtkVdec: [0xEA009900] fetch graphic block err = 110
03-19 17:36:09.710   776 21911 E C2MtkVdec: [0xE9169300] fetch graphic block err = 110
03-19 17:36:09.720   776 20251 E C2MtkVdec: [0xEA7E7100] fetch graphic block err = 110
03-19 17:36:09.809   776 20112 E C2MtkVdec: [0xE953A600] fetch graphic block err = 110
03-19 17:36:09.809   776 20205 E C2MtkVdec: [0xEAC61400] fetch graphic block err = 110
03-19 17:36:09.810   776 20067 E C2MtkVdec: [0xEA009900] fetch graphic block err = 110
03-19 17:36:09.811   776 21911 E C2MtkVdec: [0xE9169300] fetch graphic block err = 110
03-19 17:36:09.821   776 20251 E C2MtkVdec: [0xEA7E7100] fetch graphic block err = 110
03-19 17:36:09.862   776 21915 W C2BqBuffer: last successful dequeue was 21989203164 us ago, 0 consecutive failures
03-19 17:36:09.910   776 20205 E C2MtkVdec: [0xEAC61400] fetch graphic block err = 110
03-19 17:36:09.910   776 20112 E C2MtkVdec: [0xE953A600] fetch graphic block err = 110
03-19 17:36:09.910   776 20067 E C2MtkVdec: [0xEA009900] fetch graphic block err = 110
03-19 17:36:09.911   776 21911 E C2MtkVdec: [0xE9169300] fetch graphic block err = 110
03-19 17:36:09.921   776 20251 E C2MtkVdec: [0xEA7E7100] fetch graphic block err = 110
03-19 17:36:10.010   776 20112 E C2MtkVdec: [0xE953A600] fetch graphic block err = 110
03-19 17:36:10.010   776 20205 E C2MtkVdec: [0xEAC61400] fetch graphic block err = 110
03-19 17:36:10.010   776 20205 D VCodec  : [VCodecProprietaryD] BQ disconnect or rety timeout, return null to release process thread
03-19 17:36:10.011   776 20205 E VDO_LOG : ### +VDEC_DRV_GET_TYPE_GET_PIXEL_FORMAT
03-19 17:36:10.011   776 20205 E VDO_LOG : [Info] get updated pixel format:  4
03-19 17:36:10.011   776 20067 E C2MtkVdec: [0xEA009900] fetch graphic block err = 110
03-19 17:36:10.012   776 21911 E C2MtkVdec: [0xE9169300] fetch graphic block err = 110
03-19 17:36:10.015  1432  7351 D ActivityManager: getProcessesInErrorState callingUid=10182, CallingPid=24596
03-19 17:36:10.022   776 20251 E C2MtkVdec: [0xEA7E7100] fetch graphic block err = 110
03-19 17:36:10.111   776 20112 E C2MtkVdec: [0xE953A600] fetch graphic block err = 110
03-19 17:36:10.111   776 20112 D VCodec  : [VCodecProprietaryD] BQ disconnect or rety timeout, return null to release process thread
03-19 17:36:10.111   776 20112 E VDO_LOG : ### +VDEC_DRV_GET_TYPE_GET_PIXEL_FORMAT
03-19 17:36:10.111   776 20112 E VDO_LOG : [Info] get updated pixel format:  4
03-19 17:36:10.112   776 21911 E C2MtkVdec: [0xE9169300] fetch graphic block err = 110
03-19 17:36:10.112   776 20205 E C2MtkVdec: [0xEAC61400] fetch graphic block err = 110
03-19 17:36:10.113   776 20067 E C2MtkVdec: [0xEA009900] fetch graphic block err = 110
03-19 17:36:10.122   776 20251 E C2MtkVdec: [0xEA7E7100] fetch graphic block err = 110
03-19 17:36:10.149   807   807 I BufferQueueProducer: [StatusBar#77](this:0xf3744cdc,id:-1,api:0,p:-1,c:807) queueBuffer: fps=0.12 dur=8043.32 max=8043.32 min=8043.32
03-19 17:36:10.153   774   774 I hwcomposer: [HWCDisplay] [Display_0 (type:1)] fps:0.208825,dur:4788.69,max:4788.69,min:4788.69  
03-19 17:36:10.213   776 21911 E C2MtkVdec: [0xE9169300] fetch graphic block err = 110
03-19 17:36:10.213   776 20112 E C2MtkVdec: [0xE953A600] fetch graphic block err = 110
03-19 17:36:10.213   776 20205 E C2MtkVdec: [0xEAC61400] fetch graphic block err = 110
03-19 17:36:10.213   776 20067 E C2MtkVdec: [0xEA009900] fetch graphic block err = 110
03-19 17:36:10.223   776 20251 E C2MtkVdec: [0xEA7E7100] fetch graphic block err = 110
03-19 17:36:10.313   776 21911 E C2MtkVdec: [0xE9169300] fetch graphic block err = 110
03-19 17:36:10.313   776 20112 E C2MtkVdec: [0xE953A600] fetch graphic block err = 110
03-19 17:36:10.313   776 20205 E C2MtkVdec: [0xEAC61400] fetch graphic block err = 110
03-19 17:36:10.314   776 20067 E C2MtkVdec: [0xEA009900] fetch graphic block err = 110
03-19 17:36:10.323   776 20251 E C2MtkVdec: [0xEA7E7100] fetch graphic block err = 110
03-19 17:36:10.413   776 20112 E C2MtkVdec: [0xE953A600] fetch graphic block err = 110
03-19 17:36:10.414   776 21911 E C2MtkVdec: [0xE9169300] fetch graphic block err = 110
03-19 17:36:10.414   776 20205 E C2MtkVdec: [0xEAC61400] fetch graphic block err = 110
03-19 17:36:10.414   776 20067 E C2MtkVdec: [0xEA009900] fetch graphic block err = 110
03-19 17:36:10.424   776 20251 E C2MtkVdec: [0xEA7E7100] fetch graphic block err = 110
03-19 17:36:10.514   776 20112 E C2MtkVdec: [0xE953A600] fetch graphic block err = 110
03-19 17:36:10.514   776 21911 E C2MtkVdec: [0xE9169300] fetch graphic block err = 110
03-19 17:36:10.514   776 20067 E C2MtkVdec: [0xEA009900] fetch graphic block err = 110
03-19 17:36:10.515   776 20067 D VCodec  : [VCodecProprietaryD] BQ disconnect or rety timeout, return null to release process thread
03-19 17:36:10.515   776 20067 E VDO_LOG : ### +VDEC_DRV_GET_TYPE_GET_PIXEL_FORMAT
03-19 17:36:10.515   776 20067 E VDO_LOG : [Info] get updated pixel format:  4
03-19 17:36:10.515   776 20205 E C2MtkVdec: [0xEAC61400] fetch graphic block err = 110
03-19 17:36:10.524   776 20251 E C2MtkVdec: [0xEA7E7100] fetch graphic block err = 110
03-19 17:36:10.614   776 21911 E C2MtkVdec: [0xE9169300] fetch graphic block err = 110
03-19 17:36:10.614   776 20112 E C2MtkVdec: [0xE953A600] fetch graphic block err = 110
03-19 17:36:10.615   776 20205 E C2MtkVdec: [0xEAC61400] fetch graphic block err = 110
03-19 17:36:10.617   776 20067 E C2MtkVdec: [0xEA009900] fetch graphic block err = 110
03-19 17:36:10.625   776 20251 E C2MtkVdec: [0xEA7E7100] fetch graphic block err = 110
03-19 17:36:10.683   776 20071 W C2BqBuffer: last successful dequeue was 68149767047 us ago, 0 consecutive failures
03-19 17:36:10.715   776 20112 E C2MtkVdec: [0xE953A600] fetch graphic block err = 110
03-19 17:36:10.715   776 21911 E C2MtkVdec: [0xE9169300] fetch graphic block err = 110
03-19 17:36:10.716   776 20205 E C2MtkVdec: [0xEAC61400] fetch graphic block err = 110
03-19 17:36:10.717   776 20067 E C2MtkVdec: [0xEA009900] fetch graphic block err = 110
03-19 17:36:10.722   776 11841 W C2BqBuffer: last successful dequeue was 135913505819 us ago, 0 consecutive failures
03-19 17:36:10.725   776 20251 E C2MtkVdec: [0xEA7E7100] fetch graphic block err = 110
03-19 17:36:10.742   776 20255 W C2BqBuffer: last successful dequeue was 205917966749 us ago, 0 consecutive failures
03-19 17:36:10.815   776 20112 E C2MtkVdec: [0xE953A600] fetch graphic block err = 110
03-19 17:36:10.816   776 21911 E C2MtkVdec: [0xE9169300] fetch graphic block err = 110
03-19 17:36:10.816   776 20205 E C2MtkVdec: [0xEAC61400] fetch graphic block err = 110
03-19 17:36:10.817   776 20067 E C2MtkVdec: [0xEA009900] fetch graphic block err = 110
03-19 17:36:10.825   776 20251 E C2MtkVdec: [0xEA7E7100] fetch graphic block err = 110
03-19 17:36:10.916   776 20112 E C2MtkVdec: [0xE953A600] fetch graphic block err = 110
03-19 17:36:10.916   776 21911 E C2MtkVdec: [0xE9169300] fetch graphic block err = 110
03-19 17:36:10.917   776 20205 E C2MtkVdec: [0xEAC61400] fetch graphic block err = 110
03-19 17:36:10.918   776 20067 E C2MtkVdec: [0xEA009900] fetch graphic block err = 110
03-19 17:36:10.926   776 20251 E C2MtkVdec: [0xEA7E7100] fetch graphic block err = 110
03-19 17:36:11.016   776 21911 E C2MtkVdec: [0xE9169300] fetch graphic block err = 110
03-19 17:36:11.016   776 20112 E C2MtkVdec: [0xE953A600] fetch graphic block err = 110
03-19 17:36:11.017   776 20205 E C2MtkVdec: [0xEAC61400] fetch graphic block err = 110
03-19 17:36:11.018   776 20067 E C2MtkVdec: [0xEA009900] fetch graphic block err = 110
03-19 17:36:11.026   776 20251 E C2MtkVdec: [0xEA7E7100] fetch graphic block err = 110
03-19 17:36:11.071   776 20116 W C2BqBuffer: last successful dequeue was 68149675929 us ago, 0 consecutive failures
03-19 17:36:11.117   776 20112 E C2MtkVdec: [0xE953A600] fetch graphic block err = 110
03-19 17:36:11.117   776 21911 E C2MtkVdec: [0xE9169300] fetch graphic block err = 110
03-19 17:36:11.117   776 20205 E C2MtkVdec: [0xEAC61400] fetch graphic block err = 110
03-19 17:36:11.118   776 20067 E C2MtkVdec: [0xEA009900] fetch graphic block err = 110
03-19 17:36:11.127   776 20251 E C2MtkVdec: [0xEA7E7100] fetch graphic block err = 110
03-19 17:36:11.217   776 21911 E C2MtkVdec: [0xE9169300] fetch graphic block err = 110
03-19 17:36:11.217   776 20112 E C2MtkVdec: [0xE953A600] fetch graphic block err = 110
03-19 17:36:11.217   776 20205 E C2MtkVdec: [0xEAC61400] fetch graphic block err = 110
03-19 17:36:11.219   776 20067 E C2MtkVdec: [0xEA009900] fetch graphic block err = 110
03-19 17:36:11.227   776 20251 E C2MtkVdec: [0xEA7E7100] fetch graphic block err = 110
03-19 17:36:11.317   776 21911 E C2MtkVdec: [0xE9169300] fetch graphic block err = 110
03-19 17:36:11.318   776 20112 E C2MtkVdec: [0xE953A600] fetch graphic block err = 110
03-19 17:36:11.318   776 20205 E C2MtkVdec: [0xEAC61400] fetch graphic block err = 110
03-19 17:36:11.319   776 20067 E C2MtkVdec: [0xEA009900] fetch graphic block err = 110
03-19 17:36:11.327   776 20251 E C2MtkVdec: [0xEA7E7100] fetch graphic block err = 110
03-19 17:36:11.418   776 20112 E C2MtkVdec: [0xE953A600] fetch graphic block err = 110
03-19 17:36:11.418   776 20205 E C2MtkVdec: [0xEAC61400] fetch graphic block err = 110
03-19 17:36:11.418   776 21911 E C2MtkVdec: [0xE9169300] fetch graphic block err = 110
03-19 17:36:11.419   776 20067 E C2MtkVdec: [0xEA009900] fetch graphic block err = 110
03-19 17:36:11.428   776 20251 E C2MtkVdec: [0xEA7E7100] fetch graphic block err = 110
03-19 17:36:11.518   776 20205 E C2MtkVdec: [0xEAC61400] fetch graphic block err = 110
03-19 17:36:11.518   776 21911 E C2MtkVdec: [0xE9169300] fetch graphic block err = 110
03-19 17:36:11.518   776 20112 E C2MtkVdec: [0xE953A600] fetch graphic block err = 110
03-19 17:36:11.520   776 20067 E C2MtkVdec: [0xEA009900] fetch graphic block err = 110
03-19 17:36:11.528   776 20251 E C2MtkVdec: [0xEA7E7100] fetch graphic block err = 110
03-19 17:36:11.562  1702  1702 I WifiHAL : Get link layer stats
03-19 17:36:11.562  1702  1702 I WifiHAL : GetLinkStatsCommand::create
03-19 17:36:11.562  1702  1702 D android.hardware.wifi@1.0-service-lazy: WifiRequest::create vendor command to iface 31, vendor_id=0x1a11, subcmd=0x1200, res=0
03-19 17:36:11.563  1702  1702 I android.hardware.wifi@1.0-service-lazy: WifiCommand::requestResponse err=-14
03-19 17:36:11.563  1702  1702 I WifiHAL : wifi_get_link_stats: result=-1
03-19 17:36:11.564  1432  1639 E WifiVendorHal: getWifiLinkLayerStats_1_5_Internal(l.1176) failed {.code = ERROR_UNKNOWN, .description = unknown}
03-19 17:36:11.575  1718  1718 D WifiSignalController: isWifi6: false,wifiVisible: false
03-19 17:36:11.575  1718  1718 D WifiSignalController: iconId: 2131232264
03-19 17:36:11.604  1432  1445 I system_server: Background concurrent copying GC freed 119817(6038KB) AllocSpace objects, 23(1908KB) LOS objects, 11% free, 46MB/52MB, paused 406us,289us total 457.219ms
03-19 17:36:11.609  1432  1447 W System  : A resource failed to call close. 
03-19 17:36:11.609  1432  1447 D MediaPlayer: finalize() native_finalize called
03-19 17:36:11.609  1432  1447 W MediaPlayer-JNI: MediaPlayer finalized without being released
03-19 17:36:11.609   960 25719 D NuPlayerDriver: reset(0xea251640) at state 6
03-19 17:36:11.611   960 25002 D AudioTrack: pause(1759): 0xea248400, prior state:STATE_STOPPED
03-19 17:36:11.611   960 25002 D AudioTrack: flush(1759): 0xea248400, prior state:STATE_STOPPED
03-19 17:36:11.612   960 25002 D AudioTrack: stop(1759): 0xea248400, prior state:STATE_FLUSHED
03-19 17:36:11.613   960 25004 D MediaCodec: [0xea244c00] setState: 7
03-19 17:36:11.614   960 25004 D MediaCodec: [0xea244c00] setState: 8
03-19 17:36:11.614   960 25003 D MediaCodec: [0xea244c00] [c2.android.vorbis.decoder] release
03-19 17:36:11.615   960 25004 D MediaCodec: [0xea244c00] setState: 10
03-19 17:36:11.618   960 25004 I hw-BpHwBinder: onLastStrongRef automatically unlinking death recipients
03-19 17:36:11.618  1015  3515 I hw-BpHwBinder: onLastStrongRef automatically unlinking death recipients
03-19 17:36:11.618  1015  3515 I hw-BpHwBinder: onLastStrongRef automatically unlinking death recipients
03-19 17:36:11.618   776 20112 E C2MtkVdec: [0xE953A600] fetch graphic block err = 110
03-19 17:36:11.619   776 21911 E C2MtkVdec: [0xE9169300] fetch graphic block err = 110
03-19 17:36:11.619   776 20205 E C2MtkVdec: [0xEAC61400] fetch graphic block err = 110
03-19 17:36:11.620   960 25004 D BufferPoolAccessor2.0: bufferpool2 0xea23bbd8 : 0(0 size) total buffers - 0(0 size) used buffers - 214/226 (recycle/alloc) - 16/448 (fetch/transfer)
03-19 17:36:11.620   776 20067 E C2MtkVdec: [0xEA009900] fetch graphic block err = 110
03-19 17:36:11.620   960 25004 D MediaCodec: [0xea244c00] [c2.android.vorbis.decoder] kWhatReleaseCompleted
03-19 17:36:11.621   960 25004 D MediaCodec: [0xea244c00] setState: 0
03-19 17:36:11.621   960 25003 D MediaCodec: [0xea244c00] ~MediaCodec
03-19 17:36:11.621   960 25003 D MediaCodec: flushMediametrics
03-19 17:36:11.622  1015 13283 D BufferPoolAccessor2.0: bufferpool2 0xf08e0858 : 0(0 size) total buffers - 0(0 size) used buffers - 217/222 (recycle/alloc) - 5/221 (fetch/transfer)
03-19 17:36:11.625   960 24999 D NuPlayerDriver: notifyResetComplete(0xea251640)
03-19 17:36:11.627   960 25719 D AudioTrack: ~AudioTrack(1759): 0xea248400
03-19 17:36:11.627  1432  1447 D MediaPlayer: finalize() native_finalize finished
03-19 17:36:11.628  1432  1447 V MediaPlayer: resetDrmState:  mDrmInfo=null mDrmProvisioningThread=null mPrepareDrmInProgress=false mActiveDrmScheme=false
03-19 17:36:11.628  1432  1447 V MediaPlayer: cleanDrmObj: mDrmObj=null mDrmSessionId=null
03-19 17:36:11.628  1432  1447 D MediaPlayer: _release native called
03-19 17:36:11.628  1432  1447 D MediaPlayer: _release native finished
03-19 17:36:11.628   960 25003 W AMessage: failed to post message as target looper for handler 0 is gone.
03-19 17:36:11.628   960 25719 D AudioTrack: stop(1759): 0xea248400, prior state:STATE_FLUSHED
03-19 17:36:11.628   776 20251 E C2MtkVdec: [0xEA7E7100] fetch graphic block err = 110
03-19 17:36:11.629   792  1514 V AudioPolicyIntefaceImpl: releaseOutput()
03-19 17:36:11.637   792  1009 V AudioPolicyIntefaceImpl: doReleaseOutput from tid 1009
03-19 17:36:11.637   792  1009 D APM_AudioPolicyManager: [MTK_APM_Output]releaseOutput() 13 portId 1759
03-19 17:36:11.719   776 21911 E C2MtkVdec: [0xE9169300] fetch graphic block err = 110
03-19 17:36:11.719   776 20112 E C2MtkVdec: [0xE953A600] fetch graphic block err = 110
03-19 17:36:11.719   776 20205 E C2MtkVdec: [0xEAC61400] fetch graphic block err = 110
03-19 17:36:11.720   776 20067 E C2MtkVdec: [0xEA009900] fetch graphic block err = 110
03-19 17:36:11.728   776 20251 E C2MtkVdec: [0xEA7E7100] fetch graphic block err = 110
03-19 17:36:11.819   776 21911 E C2MtkVdec: [0xE9169300] fetch graphic block err = 110
03-19 17:36:11.820   776 20112 E C2MtkVdec: [0xE953A600] fetch graphic block err = 110
03-19 17:36:11.820   776 20205 E C2MtkVdec: [0xEAC61400] fetch graphic block err = 110
03-19 17:36:11.821   776 20067 E C2MtkVdec: [0xEA009900] fetch graphic block err = 110
03-19 17:36:11.829   776 20251 E C2MtkVdec: [0xEA7E7100] fetch graphic block err = 110
03-19 17:36:11.920   776 21911 E C2MtkVdec: [0xE9169300] fetch graphic block err = 110
03-19 17:36:11.920   776 20112 E C2MtkVdec: [0xE953A600] fetch graphic block err = 110
03-19 17:36:11.921   776 20205 E C2MtkVdec: [0xEAC61400] fetch graphic block err = 110
03-19 17:36:11.921   776 20067 E C2MtkVdec: [0xEA009900] fetch graphic block err = 110
03-19 17:36:11.929   776 20251 E C2MtkVdec: [0xEA7E7100] fetch graphic block err = 110
03-19 17:36:12.018  1432  7351 D ActivityManager: getProcessesInErrorState callingUid=10182, CallingPid=24596
03-19 17:36:12.020   776 21911 E C2MtkVdec: [0xE9169300] fetch graphic block err = 110
03-19 17:36:12.021   776 20112 E C2MtkVdec: [0xE953A600] fetch graphic block err = 110
03-19 17:36:12.021   776 20205 E C2MtkVdec: [0xEAC61400] fetch graphic block err = 110
03-19 17:36:12.021   776 20067 E C2MtkVdec: [0xEA009900] fetch graphic block err = 110
03-19 17:36:12.030   776 20251 E C2MtkVdec: [0xEA7E7100] fetch graphic block err = 110
03-19 17:36:12.121   776 21911 E C2MtkVdec: [0xE9169300] fetch graphic block err = 110
03-19 17:36:12.121   776 20112 E C2MtkVdec: [0xE953A600] fetch graphic block err = 110
03-19 17:36:12.121   776 20205 E C2MtkVdec: [0xEAC61400] fetch graphic block err = 110
03-19 17:36:12.122   776 20067 E C2MtkVdec: [0xEA009900] fetch graphic block err = 110
03-19 17:36:12.131   776 20251 E C2MtkVdec: [0xEA7E7100] fetch graphic block err = 110
03-19 17:36:12.131   776 20251 D VCodec  : [VCodecProprietaryD] BQ disconnect or rety timeout, return null to release process thread
03-19 17:36:12.131   776 20251 E VDO_LOG : ### +VDEC_DRV_GET_TYPE_GET_PIXEL_FORMAT
03-19 17:36:12.131   776 20251 E VDO_LOG : [Info] get updated pixel format:  4
03-19 17:36:12.221   776 20112 E C2MtkVdec: [0xE953A600] fetch graphic block err = 110
03-19 17:36:12.221   776 21911 E C2MtkVdec: [0xE9169300] fetch graphic block err = 110
03-19 17:36:12.222   776 20205 E C2MtkVdec: [0xEAC61400] fetch graphic block err = 110
03-19 17:36:12.222   776 21911 D VCodec  : [VCodecProprietaryD] BQ disconnect or rety timeout, return null to release process thread
03-19 17:36:12.222   776 21911 E VDO_LOG : ### +VDEC_DRV_GET_TYPE_GET_PIXEL_FORMAT
03-19 17:36:12.222   776 21911 E VDO_LOG : [Info] get updated pixel format:  4
03-19 17:36:12.222   776 20067 E C2MtkVdec: [0xEA009900] fetch graphic block err = 110
03-19 17:36:12.232   776 20251 E C2MtkVdec: [0xEA7E7100] fetch graphic block err = 110
03-19 17:36:12.322   776 20112 E C2MtkVdec: [0xE953A600] fetch graphic block err = 110
03-19 17:36:12.322   776 20205 E C2MtkVdec: [0xEAC61400] fetch graphic block err = 110
03-19 17:36:12.322   776 20067 E C2MtkVdec: [0xEA009900] fetch graphic block err = 110
03-19 17:36:12.324   776 21911 E C2MtkVdec: [0xE9169300] fetch graphic block err = 110
03-19 17:36:12.333   776 20251 E C2MtkVdec: [0xEA7E7100] fetch graphic block err = 110
03-19 17:36:12.375   807   807 I BufferQueueProducer: [com.gogo.launcher/com.android.launcher3.Launcher3QuickStepGo#28894](this:0xf398acdc,id:-1,api:0,p:-1,c:807) queueBuffer: fps=0.14 dur=7014.69 max=7014.69 min=7014.69
03-19 17:36:12.378   774   774 I hwcomposer: [HWCDisplay] [Display_0 (type:1)] fps:0.898928,dur:2224.87,max:1231.29,min:993.58  
03-19 17:36:12.422   776 20112 E C2MtkVdec: [0xE953A600] fetch graphic block err = 110
03-19 17:36:12.422   776 20205 E C2MtkVdec: [0xEAC61400] fetch graphic block err = 110
03-19 17:36:12.423   776 20067 E C2MtkVdec: [0xEA009900] fetch graphic block err = 110
03-19 17:36:12.424   776 21911 E C2MtkVdec: [0xE9169300] fetch graphic block err = 110
03-19 17:36:12.434   776 20251 E C2MtkVdec: [0xEA7E7100] fetch graphic block err = 110
03-19 17:36:12.523   776 20112 E C2MtkVdec: [0xE953A600] fetch graphic block err = 110
03-19 17:36:12.523   776 20205 E C2MtkVdec: [0xEAC61400] fetch graphic block err = 110
03-19 17:36:12.523   776 20067 E C2MtkVdec: [0xEA009900] fetch graphic block err = 110
03-19 17:36:12.525   776 21911 E C2MtkVdec: [0xE9169300] fetch graphic block err = 110
03-19 17:36:12.534   776 20251 E C2MtkVdec: [0xEA7E7100] fetch graphic block err = 110
03-19 17:36:12.547  1432  1464 I lq ThermalManagerService: getBoardTemp: 39000
03-19 17:36:12.548  1432  1464 I PowerManagerService: getBoardTemp for outdoor mode: 39000
03-19 17:36:12.623   776 20112 E C2MtkVdec: [0xE953A600] fetch graphic block err = 110
03-19 17:36:12.623   776 20205 E C2MtkVdec: [0xEAC61400] fetch graphic block err = 110
03-19 17:36:12.623   776 20067 E C2MtkVdec: [0xEA009900] fetch graphic block err = 110
03-19 17:36:12.625   776 21911 E C2MtkVdec: [0xE9169300] fetch graphic block err = 110
03-19 17:36:12.635   776 20251 E C2MtkVdec: [0xEA7E7100] fetch graphic block err = 110
03-19 17:36:12.723   776 20112 E C2MtkVdec: [0xE953A600] fetch graphic block err = 110
03-19 17:36:12.724   776 20205 E C2MtkVdec: [0xEAC61400] fetch graphic block err = 110
03-19 17:36:12.724   776 20067 E C2MtkVdec: [0xEA009900] fetch graphic block err = 110
03-19 17:36:12.726   776 21911 E C2MtkVdec: [0xE9169300] fetch graphic block err = 110
03-19 17:36:12.735   776 20251 E C2MtkVdec: [0xEA7E7100] fetch graphic block err = 110
03-19 17:36:12.824   776 20112 E C2MtkVdec: [0xE953A600] fetch graphic block err = 110
03-19 17:36:12.824   776 20205 E C2MtkVdec: [0xEAC61400] fetch graphic block err = 110
03-19 17:36:12.825   776 20067 E C2MtkVdec: [0xEA009900] fetch graphic block err = 110
03-19 17:36:12.826   776 21911 E C2MtkVdec: [0xE9169300] fetch graphic block err = 110
03-19 17:36:12.836   776 20251 E C2MtkVdec: [0xEA7E7100] fetch graphic block err = 110
03-19 17:36:12.924   776 20112 E C2MtkVdec: [0xE953A600] fetch graphic block err = 110
03-19 17:36:12.925   776 20205 E C2MtkVdec: [0xEAC61400] fetch graphic block err = 110
03-19 17:36:12.925   776 20067 E C2MtkVdec: [0xEA009900] fetch graphic block err = 110
03-19 17:36:12.926   776 21911 E C2MtkVdec: [0xE9169300] fetch graphic block err = 110
03-19 17:36:12.937   776 20251 E C2MtkVdec: [0xEA7E7100] fetch graphic block err = 110
03-19 17:36:13.025   776 20205 E C2MtkVdec: [0xEAC61400] fetch graphic block err = 110
03-19 17:36:13.025   776 20112 E C2MtkVdec: [0xE953A600] fetch graphic block err = 110
03-19 17:36:13.025   776 20205 D VCodec  : [VCodecProprietaryD] BQ disconnect or rety timeout, return null to release process thread
03-19 17:36:13.025   776 20067 E C2MtkVdec: [0xEA009900] fetch graphic block err = 110
03-19 17:36:13.026   776 20205 E VDO_LOG : ### +VDEC_DRV_GET_TYPE_GET_PIXEL_FORMAT
03-19 17:36:13.026   776 20205 E VDO_LOG : [Info] get updated pixel format:  4
03-19 17:36:13.026   776 21911 E C2MtkVdec: [0xE9169300] fetch graphic block err = 110
03-19 17:36:13.037   776 20251 E C2MtkVdec: [0xEA7E7100] fetch graphic block err = 110
03-19 17:36:13.125   776 20112 E C2MtkVdec: [0xE953A600] fetch graphic block err = 110
03-19 17:36:13.126   776 20112 D VCodec  : [VCodecProprietaryD] BQ disconnect or rety timeout, return null to release process thread
03-19 17:36:13.126   776 20067 E C2MtkVdec: [0xEA009900] fetch graphic block err = 110
03-19 17:36:13.126   776 20112 E VDO_LOG : ### +VDEC_DRV_GET_TYPE_GET_PIXEL_FORMAT
03-19 17:36:13.126   776 20112 E VDO_LOG : [Info] get updated pixel format:  4
03-19 17:36:13.127   776 21911 E C2MtkVdec: [0xE9169300] fetch graphic block err = 110
03-19 17:36:13.127   776 20205 E C2MtkVdec: [0xEAC61400] fetch graphic block err = 110
03-19 17:36:13.137   776 20251 E C2MtkVdec: [0xEA7E7100] fetch graphic block err = 110
03-19 17:36:13.226   776 20067 E C2MtkVdec: [0xEA009900] fetch graphic block err = 110
03-19 17:36:13.227   776 21911 E C2MtkVdec: [0xE9169300] fetch graphic block err = 110
03-19 17:36:13.227   776 20112 E C2MtkVdec: [0xE953A600] fetch graphic block err = 110
03-19 17:36:13.227   776 20205 E C2MtkVdec: [0xEAC61400] fetch graphic block err = 110
03-19 17:36:13.238   776 20251 E C2MtkVdec: [0xEA7E7100] fetch graphic block err = 110
03-19 17:36:13.326   776 20067 E C2MtkVdec: [0xEA009900] fetch graphic block err = 110
03-19 17:36:13.327   776 21911 E C2MtkVdec: [0xE9169300] fetch graphic block err = 110
03-19 17:36:13.328   776 20112 E C2MtkVdec: [0xE953A600] fetch graphic block err = 110
03-19 17:36:13.328   776 20205 E C2MtkVdec: [0xEAC61400] fetch graphic block err = 110
03-19 17:36:13.339   776 20251 E C2MtkVdec: [0xEA7E7100] fetch graphic block err = 110
03-19 17:36:13.427   776 20067 E C2MtkVdec: [0xEA009900] fetch graphic block err = 110
03-19 17:36:13.428   776 21911 E C2MtkVdec: [0xE9169300] fetch graphic block err = 110
03-19 17:36:13.428   776 20112 E C2MtkVdec: [0xE953A600] fetch graphic block err = 110
03-19 17:36:13.428   776 20205 E C2MtkVdec: [0xEAC61400] fetch graphic block err = 110
03-19 17:36:13.439   776 20251 E C2MtkVdec: [0xEA7E7100] fetch graphic block err = 110
03-19 17:36:13.527   776 20067 E C2MtkVdec: [0xEA009900] fetch graphic block err = 110
