03-19 17:36:27.860  1432  4166 W ContextImpl: Calling a method in the system process without a qualified user: android.app.ContextImpl.sendBroadcastMultiplePermissions:1222 com.android.server.TelephonyRegistry.broadcastServiceStateChanged:3113 com.android.server.TelephonyRegistry.notifyServiceStateForPhoneId:1641 com.android.internal.telephony.ITelephonyRegistry$Stub.onTransact:492 android.os.Binder.execTransactInternal:1280 
03-19 17:36:27.861  1432  1630 W WindowManager: Execute app transition: mNextAppTransitionRequests=[TRANSIT_OPEN, TRANSIT_OPEN], mNextAppTransitionFlags=, displayId: 0 Callers=com.android.server.wm.RootWindowContainer.executeAppTransitionForAllDisplay:2174 com.android.server.wm.ActivityTaskSupervisor.reportResumedActivityLocked:1886 com.android.server.wm.ActivityRecord.completeResumeLocked:6059 com.android.server.wm.Task.minimalResumeActivityLocked:4800 com.android.server.wm.ActivityTaskSupervisor.realStartActivityLocked:975 
03-19 17:36:27.861  1432  1630 I ThermalControlBrightness: CHANGE_SCENE: NORMAL
03-19 17:36:27.861  1432  1630 I lq ThermalManagerService: onForegroundPkgChanged, curPkg is: com.android.stk, prePkg is: com.gogo.launcher
03-19 17:36:27.861  1432  1466 W BroadcastQueue: Permission Denial: receiving Intent { act=android.intent.action.SERVICE_STATE flg=0x1000010 (has extras) } to ProcessRecord{4a2b10e 1718:com.android.systemui/u0a157} (pid=1718, uid=10157) requires android.permission.ACCESS_FINE_LOCATION due to sender android (uid 1001)
03-19 17:36:27.862   782   804 I mtkpower@impl: [notifyAppState] pc:0, com.gogo.launcher => com.android.stk
03-19 17:36:27.863  1432  1466 W BroadcastQueue: Permission Denial: receiving Intent { act=android.intent.action.SERVICE_STATE flg=0x1000010 (has extras) } to com.google.android.cellbroadcastreceiver/com.android.cellbroadcastreceiver.CellBroadcastReceiver requires android.permission.READ_PHONE_STATE due to sender android (uid 1001)
03-19 17:36:27.864  1432  4166 W ContextImpl: Calling a method in the system process without a qualified user: android.app.ContextImpl.sendBroadcastMultiplePermissions:1272 android.content.Context.sendBroadcastMultiplePermissions:2272 com.android.server.TelephonyRegistry.broadcastServiceStateChanged:3117 com.android.server.TelephonyRegistry.notifyServiceStateForPhoneId:1641 com.android.internal.telephony.ITelephonyRegistry$Stub.onTransact:492 
03-19 17:36:27.864  1432  1466 W BroadcastQueue: Permission Denial: receiving Intent { act=android.intent.action.SERVICE_STATE flg=0x1000010 (has extras) } to ProcessRecord{4a2b10e 1718:com.android.systemui/u0a157} (pid=1718, uid=10157) requires android.permission.ACCESS_FINE_LOCATION due to sender android (uid 1001)
03-19 17:36:27.865  1432  1630 I PowerHalWrapper: amsBoostNotify pid:1913,activity:com.android.launcher3.Launcher3QuickStepGo, package:com.gogo.launcher, mProcessCreatePackcom.mobile 
03-19 17:36:27.865  1432  1630 I PowerHalWrapper: state: 0 
03-19 17:36:27.865  1432  1630 I mtkpower_client: [Legacy][PowerHal_Wrap_notifyAppState] com.gogo.launcher/com.android.launcher3.Launcher3QuickStepGo pid=1913 state:0
03-19 17:36:27.865  1432  4166 W ContextImpl: Calling a method in the system process without a qualified user: android.app.ContextImpl.sendBroadcastMultiplePermissions:1272 android.content.Context.sendBroadcastMultiplePermissions:2272 com.android.server.TelephonyRegistry.broadcastServiceStateChanged:3124 com.android.server.TelephonyRegistry.notifyServiceStateForPhoneId:1641 com.android.internal.telephony.ITelephonyRegistry$Stub.onTransact:492 
03-19 17:36:27.865  1432  1630 I game_scn: collectForegroundAppList packName=com.gogo.launcher, actName=com.android.launcher3.Launcher3QuickStepGo, pid=1913, uid=10058, state:PAUSED
03-19 17:36:27.865  1432  1630 I PowerHalWrapper: amsBoostNotify AMS_BOOST_PROCESS_CREATE_BOOST:false 
03-19 17:36:27.865  1432  1466 W BroadcastQueue: Appop Denial: receiving Intent { act=android.intent.action.SERVICE_STATE flg=0x1000010 (has extras) } to ProcessRecord{35934b5 1432:system/1000} (pid=1432, uid=1000) excludes appop android:read_phone_state due to sender android (uid 1001)
03-19 17:36:27.866 24368 25200 I ChatReadinessManagerImp: processRcsReadinessReason: Current ChatTransportType is: 2, ready: true
03-19 17:36:27.866  1432  1466 W BroadcastQueue: Appop Denial: receiving Intent { act=android.intent.action.SERVICE_STATE flg=0x1000010 (has extras) } to ProcessRecord{bf96670 1869:com.android.phone/1001} (pid=1869, uid=1001) excludes appop android:read_phone_state due to sender android (uid 1001)
03-19 17:36:27.866   782   876 I libPowerHal: [perfNotifyAppState] pack:com.gogo.launcher, act:com.android.launcher3.Launcher3QuickStepGo, state:0, pid:1913, uid:10058, fps:60
03-19 17:36:27.867 24368 25200 I ChatReadinessManagerImp: shouldLaunchPostReadyWork is false. Returning from the method
03-19 17:36:27.867  1432  1466 W BroadcastQueue: Permission Denial: receiving Intent { act=android.intent.action.SERVICE_STATE flg=0x1000010 (has extras) } to com.google.android.cellbroadcastreceiver/com.android.cellbroadcastreceiver.CellBroadcastReceiver requires android.permission.ACCESS_FINE_LOCATION due to sender android (uid 1001)
03-19 17:36:27.868  1432  4166 W ContextImpl: Calling a method in the system process without a qualified user: android.app.ContextImpl.sendBroadcastMultiplePermissions:1272 android.content.Context.sendBroadcastMultiplePermissions:2272 com.android.server.TelephonyRegistry.broadcastServiceStateChanged:3128 com.android.server.TelephonyRegistry.notifyServiceStateForPhoneId:1641 com.android.internal.telephony.ITelephonyRegistry$Stub.onTransact:492 
03-19 17:36:27.870  1432  1466 W BroadcastQueue: Appop Denial: receiving Intent { act=android.intent.action.SERVICE_STATE flg=0x1000010 (has extras) } to ProcessRecord{35934b5 1432:system/1000} (pid=1432, uid=1000) excludes appop android:fine_location due to sender android (uid 1001)
03-19 17:36:27.870  1432  1466 W BroadcastQueue: Appop Denial: receiving Intent { act=android.intent.action.SERVICE_STATE flg=0x1000010 (has extras) } to ProcessRecord{bf96670 1869:com.android.phone/1001} (pid=1869, uid=1001) excludes appop android:fine_location due to sender android (uid 1001)
03-19 17:36:27.870  1432  1466 W BroadcastQueue: Permission Denial: receiving Intent { act=android.intent.action.SERVICE_STATE flg=0x1000010 (has extras) } to com.google.android.cellbroadcastreceiver/com.android.cellbroadcastreceiver.CellBroadcastReceiver requires android.permission.READ_PHONE_STATE due to sender android (uid 1001)
03-19 17:36:27.871  1432  1466 W BroadcastQueue: Appop Denial: receiving Intent { act=android.intent.action.SERVICE_STATE flg=0x1000010 (has extras) } to ProcessRecord{4a2b10e 1718:com.android.systemui/u0a157} (pid=1718, uid=10157) excludes appop android:read_phone_state due to sender android (uid 1001)
03-19 17:36:27.871  1432  1466 W BroadcastQueue: Appop Denial: receiving Intent { act=android.intent.action.SERVICE_STATE flg=0x1000010 (has extras) } to ProcessRecord{35934b5 1432:system/1000} (pid=1432, uid=1000) excludes appop android:read_phone_state due to sender android (uid 1001)
03-19 17:36:27.871  1432  1466 W BroadcastQueue: Appop Denial: receiving Intent { act=android.intent.action.SERVICE_STATE flg=0x1000010 (has extras) } to ProcessRecord{bf96670 1869:com.android.phone/1001} (pid=1869, uid=1001) excludes appop android:read_phone_state due to sender android (uid 1001)
03-19 17:36:27.892  1869  1869 E m.android.phone: Invalid ID 0x00000000.
03-19 17:36:27.896   776 20067 E C2MtkVdec: [0xEA009900] fetch graphic block err = 110
03-19 17:36:27.897   776 21911 E C2MtkVdec: [0xE9169300] fetch graphic block err = 110
03-19 17:36:27.897   776 20205 E C2MtkVdec: [0xEAC61400] fetch graphic block err = 110
03-19 17:36:27.897   776 20112 E C2MtkVdec: [0xE953A600] fetch graphic block err = 110
03-19 17:36:27.913   776 20251 E C2MtkVdec: [0xEA7E7100] fetch graphic block err = 110
03-19 17:36:27.922  1432  4166 W WindowManager: Changing focus from null to Window{50f28b4 u0 com.android.stk/com.android.stk.StkDialogActivity} displayId=0 Callers=com.android.server.wm.RootWindowContainer.updateFocusedWindowLocked:476 com.android.server.wm.WindowManagerService.updateFocusedWindowLocked:6086 com.android.server.wm.WindowManagerService.addWindow:1882 com.android.server.wm.Session.addToDisplayAsUser:215 
03-19 17:36:27.952  1869  1869 I Telephony: isRttCurrentlySupported -- regular acct, hasVoiceAvailability: false
03-19 17:36:27.952  1869  1869 I Telephony:  isRttSupported: false
03-19 17:36:27.952  1869  1869 I Telephony:  alwaysAllowWhileRoaming: false
03-19 17:36:27.952  1869  1869 I Telephony:  isRoaming: false
03-19 17:36:27.952  1869  1869 I Telephony:  isOnWfc: false
03-19 17:36:27.954  1869  1869 I Telephony: isRttCurrentlySupported -- regular acct, hasVoiceAvailability: false
03-19 17:36:27.954  1869  1869 I Telephony:  isRttSupported: false
03-19 17:36:27.954  1869  1869 I Telephony:  alwaysAllowWhileRoaming: false
03-19 17:36:27.954  1869  1869 I Telephony:  isRoaming: false
03-19 17:36:27.954  1869  1869 I Telephony:  isOnWfc: false
03-19 17:36:27.956  1432  1630 W ActivityManager: Unable to start service Intent { act=com.google.android.gms.presencemanager.service.START pkg=com.google.android.gms } U=0: not found
03-19 17:36:27.956  1432  1630 W ActivityManager: Unbind failed: could not find connection for android.os.BinderProxy@30d4476
03-19 17:36:27.958 21389 21427 W GmsClient: unable to connect to service: com.google.android.gms.presencemanager.service.START on com.google.android.gms
03-19 17:36:27.961  1432  7351 W ActivityManager: Unable to start service Intent { act=com.google.android.gms.presencemanager.service.INTERNAL_IDENTITY pkg=com.google.android.gms } U=0: not found
03-19 17:36:27.962  1432  7351 W ActivityManager: Unbind failed: could not find connection for android.os.BinderProxy@c64a77
03-19 17:36:27.962 21389 21427 W GmsClient: unable to connect to service: com.google.android.gms.presencemanager.service.INTERNAL_IDENTITY on com.google.android.gms
03-19 17:36:27.973   807  1191 I BufferQueueDebug: [com.android.stk/com.android.stk.StkDialogActivity#28912](this:0xf3267cdc,id:-1,api:0,p:-1,c:-1) BufferQueue core=(807:/system/bin/surfaceflinger)
03-19 17:36:27.978 29387 24956 W NetworkScheduler: Error inserting flex_time=3420000 job_id=-1 period=6842000 source=16 requires_charging=0 preferred_network_type=1 target_class=com.google.android.gms.measurement.PackageMeasurementTaskService user_id=0 target_package=com.google.android.gms tag=Measurement.PackageMeasurementTaskService.UPLOAD_TASK_TAG task_type=0 required_idleness_state=0 service_kind=0 source_version=240812000 persistence_level=1 preferred_charging_state=1 required_network_type=0 runtime=1710844587971 retry_strategy={"maximum_backoff_seconds":{"3600":0},"initial_backoff_seconds":{"30":0},"retry_policy":{"0":0}} last_runtime=0 [CONTEXT service_id=218 ]
03-19 17:36:27.978 29387 24956 W NetworkScheduler: android.database.sqlite.SQLiteConstraintException: UNIQUE constraint failed: pending_ops.tag, pending_ops.target_class, pending_ops.target_package, pending_ops.user_id (code 2067 SQLITE_CONSTRAINT_UNIQUE)
03-19 17:36:27.978 29387 24956 W NetworkScheduler: 	at android.database.sqlite.SQLiteConnection.nativeExecuteForLastInsertedRowId(Native Method)
03-19 17:36:27.978 29387 24956 W NetworkScheduler: 	at android.database.sqlite.SQLiteConnection.executeForLastInsertedRowId(SQLiteConnection.java:961)
03-19 17:36:27.978 29387 24956 W NetworkScheduler: 	at android.database.sqlite.SQLiteSession.executeForLastInsertedRowId(SQLiteSession.java:790)
03-19 17:36:27.978 29387 24956 W NetworkScheduler: 	at android.database.sqlite.SQLiteStatement.executeInsert(SQLiteStatement.java:89)
03-19 17:36:27.978 29387 24956 W NetworkScheduler: 	at android.database.sqlite.SQLiteDatabase.insertWithOnConflict(SQLiteDatabase.java:1868)
03-19 17:36:27.978 29387 24956 W NetworkScheduler: 	at android.database.sqlite.SQLiteDatabase.insertOrThrow(SQLiteDatabase.java:1763)
03-19 17:36:27.978 29387 24956 W NetworkScheduler: 	at bvxj.d(:com.google.android.gms@240812064@24.08.12 (200306-608507424):743)
03-19 17:36:27.978 29387 24956 W NetworkScheduler: 	at bvvg.n(:com.google.android.gms@240812064@24.08.12 (200306-608507424):29)
03-19 17:36:27.978 29387 24956 W NetworkScheduler: 	at bvvg.u(:com.google.android.gms@240812064@24.08.12 (200306-608507424):362)
03-19 17:36:27.978 29387 24956 W NetworkScheduler: 	at bvvg.h(:com.google.android.gms@240812064@24.08.12 (200306-608507424):51)
03-19 17:36:27.978 29387 24956 W NetworkScheduler: 	at bvqj.run(:com.google.android.gms@240812064@24.08.12 (200306-608507424):72)
03-19 17:36:27.978 29387 24956 W NetworkScheduler: 	at ainl.c(:com.google.android.gms@240812064@24.08.12 (200306-608507424):50)
03-19 17:36:27.978 29387 24956 W NetworkScheduler: 	at ainl.run(:com.google.android.gms@240812064@24.08.12 (200306-608507424):76)
03-19 17:36:27.978 29387 24956 W NetworkScheduler: 	at java.util.concurrent.ThreadPoolExecutor.runWorker(ThreadPoolExecutor.java:1145)
03-19 17:36:27.978 29387 24956 W NetworkScheduler: 	at java.util.concurrent.ThreadPoolExecutor$Worker.run(ThreadPoolExecutor.java:644)
03-19 17:36:27.978 29387 24956 W NetworkScheduler: 	at aisw.run(:com.google.android.gms@240812064@24.08.12 (200306-608507424):8)
03-19 17:36:27.978 29387 24956 W NetworkScheduler: 	at java.lang.Thread.run(Thread.java:1012)
03-19 17:36:27.997   776 20067 E C2MtkVdec: [0xEA009900] fetch graphic block err = 110
03-19 17:36:27.997  1869 25287 W Parcel  : Expecting binder but got null!
03-19 17:36:27.997   776 20205 E C2MtkVdec: [0xEAC61400] fetch graphic block err = 110
03-19 17:36:27.997   776 21911 E C2MtkVdec: [0xE9169300] fetch graphic block err = 110
03-19 17:36:27.998   776 20112 E C2MtkVdec: [0xE953A600] fetch graphic block err = 110
03-19 17:36:27.999   807  1191 I BufferQueueDebug: [com.android.stk/com.android.stk.StkDialogActivity#28913](this:0xf3183cdc,id:-1,api:0,p:-1,c:-1) BufferQueue core=(807:/system/bin/surfaceflinger)
03-19 17:36:28.004  1432  7351 I WindowManager: Relayout Window{f7c4f9b u0 com.android.stk/com.android.stk.StkDialogActivity}: oldVis=4 newVis=0 focusMayChange = true requestedWidth = 0 requestedHeight = 0 outFrames = ClientWindowFrames{frame=[360,776][360,776] display=[0,48][720,1504] parentFrame=[0,0][0,0] parentClippedByDisplayCutout=false} outSurfaceControl = Surface(name=com.android.stk/com.android.stk.StkDialogActivity)/@0xe013202
03-19 17:36:28.013   776 20251 E C2MtkVdec: [0xEA7E7100] fetch graphic block err = 110
03-19 17:36:28.032  1432  1454 I ActivityTaskManager: Displayed com.android.stk/.StkDialogActivity: +223ms
03-19 17:36:28.040   782   805 I mtkpower@impl: [setMode] type:5, enabled:0
03-19 17:36:28.041  1432  7351 I PowerHalWrapper: amsBoostStop AMS_BOOST_PACK_SWITCH:true, AMS_BOOST_ACT_SWITCH:false, AMS_BOOST_PROCESS_CREATE:false 
03-19 17:36:28.041   782   876 I libPowerHal: [perfLockRel] hdl:70611, idx:19
03-19 17:36:28.043   782   804 I mtkpower@impl: [mtkPowerHint] hint:22, hold:0, ext:30, ext_hold:2000
03-19 17:36:28.044   782   876 I libPowerHal: [perfLockRel] hdl:70612, idx:20
03-19 17:36:28.045   782   876 I libPowerHal: MTKPOWER_HINT_PACK_SWITCH: cpu_ctrl set cpu freq: -1 -1 -1 -1
03-19 17:36:28.045   782   876 I libPowerHal: MTKPOWER_HINT_PACK_SWITCH: set gpu opp level: 2
03-19 17:36:28.045   782   876 I libPowerHal: MTKPOWER_HINT_PACK_SWITCH: set gpu opp level max: 0
03-19 17:36:28.045   782   876 I libPowerHal: [PD] MTKPOWER_HINT_PACK_SWITCH update cmd:1000000, param:-1
03-19 17:36:28.045   782   876 I libPowerHal: [PD] MTKPOWER_HINT_PACK_SWITCH update cmd:1408300 param:0
03-19 17:36:28.045   782   876 I libPowerHal: [PD] MTKPOWER_HINT_PACK_SWITCH update cmd:1000000 param:-1
03-19 17:36:28.047   782   876 I libPowerHal: [perfLockAcq] idx:19 hdl:70613 hint:30 pid:782 duration:2000 lock_user:mtkpower@1.0-se => ret_hdl:70613
03-19 17:36:28.047   782   876 I libPowerHal: [PE] MTKPOWER_HINT_EXT_LAUNCH update cmd:1000000, param:1
03-19 17:36:28.048   782   876 I libPowerHal: [PE] MTKPOWER_HINT_EXT_LAUNCH update cmd:2020000, param:15
03-19 17:36:28.049   782   876 I libPowerHal: [PE] MTKPOWER_HINT_EXT_LAUNCH update cmd:1408300, param:40
03-19 17:36:28.049   782   876 I libPowerHal: [PE] MTKPOWER_HINT_EXT_LAUNCH update cmd:1000000 param:1
03-19 17:36:28.075   807   807 I BufferQueueProducer: [NavigationBar0#73](this:0xf3751cdc,id:-1,api:0,p:-1,c:807) queueBuffer: fps=0.04 dur=110780.42 max=110655.34 min=33.49
03-19 17:36:28.084   807   807 I BufferQueueProducer: [FramebufferSurface](this:0xf406c068,id:-1,api:1,p:807,c:807) queueBuffer: fps=0.51 dur=106376.32 max=105466.34 min=14.73
03-19 17:36:28.097   776 20067 E C2MtkVdec: [0xEA009900] fetch graphic block err = 110
03-19 17:36:28.098   776 20205 E C2MtkVdec: [0xEAC61400] fetch graphic block err = 110
03-19 17:36:28.098   776 20112 E C2MtkVdec: [0xE953A600] fetch graphic block err = 110
03-19 17:36:28.098   776 20205 E VDO_LOG : ### +VDEC_DRV_GET_TYPE_GET_PIXEL_FORMAT
03-19 17:36:28.098   776 20205 E VDO_LOG : [Info] get updated pixel format:  4
03-19 17:36:28.098   776 21911 E C2MtkVdec: [0xE9169300] fetch graphic block err = 110
03-19 17:36:28.114   776 20251 E C2MtkVdec: [0xEA7E7100] fetch graphic block err = 110
03-19 17:36:28.186   813   837 W ccci_fsd(1): O: X://NA77_005, flag 0x700, ret 1
03-19 17:36:28.195   813   837 W ccci_fsd(1): O: X://NA77_005, flag 0x10400, ret 1
03-19 17:36:28.197   776 20067 E C2MtkVdec: [0xEA009900] fetch graphic block err = 110
03-19 17:36:28.198   776 20112 E C2MtkVdec: [0xE953A600] fetch graphic block err = 110
03-19 17:36:28.198   776 20112 E VDO_LOG : ### +VDEC_DRV_GET_TYPE_GET_PIXEL_FORMAT
03-19 17:36:28.198   776 20112 E VDO_LOG : [Info] get updated pixel format:  4
03-19 17:36:28.198   776 20205 E C2MtkVdec: [0xEAC61400] fetch graphic block err = 110
03-19 17:36:28.198   776 21911 E C2MtkVdec: [0xE9169300] fetch graphic block err = 110
03-19 17:36:28.204   813   837 W ccci_fsd(1): O: Y://NA77_005, flag 0x10400, ret 1
03-19 17:36:28.212   813   837 W ccci_fsd(1): O: X://NA77_005, flag 0x21010400, ret 1
03-19 17:36:28.214   776 20251 E C2MtkVdec: [0xEA7E7100] fetch graphic block err = 110
03-19 17:36:28.226   813   837 W ccci_fsd(1): O: Y://NA77_005, flag 0x21010400, ret 1
03-19 17:36:28.233   782   858 I libPerfCtl: xgfGetFPS pid:1718 fps:60
03-19 17:36:28.233   782   858 I libPerfCtl: xgfGetFPS pid:1869 fps:60
03-19 17:36:28.237  1432  4166 W ContextImpl: Calling a method in the system process without a qualified user: android.app.ContextImpl.sendBroadcastMultiplePermissions:1222 com.android.server.TelephonyRegistry.broadcastServiceStateChanged:3113 com.android.server.TelephonyRegistry.notifyServiceStateForPhoneId:1641 com.android.internal.telephony.ITelephonyRegistry$Stub.onTransact:492 android.os.Binder.execTransactInternal:1280 
03-19 17:36:28.238  1432  1466 W BroadcastQueue: Permission Denial: receiving Intent { act=android.intent.action.SERVICE_STATE flg=0x1000010 (has extras) } to ProcessRecord{4a2b10e 1718:com.android.systemui/u0a157} (pid=1718, uid=10157) requires android.permission.ACCESS_FINE_LOCATION due to sender android (uid 1001)
03-19 17:36:28.240  1432  4166 W ContextImpl: Calling a method in the system process without a qualified user: android.app.ContextImpl.sendBroadcastMultiplePermissions:1272 android.content.Context.sendBroadcastMultiplePermissions:2272 com.android.server.TelephonyRegistry.broadcastServiceStateChanged:3117 com.android.server.TelephonyRegistry.notifyServiceStateForPhoneId:1641 com.android.internal.telephony.ITelephonyRegistry$Stub.onTransact:492 
03-19 17:36:28.241   813   837 W ccci_fsd(1): O: X://NA77_005, flag 0x700, ret 1
03-19 17:36:28.241 24368 25200 I ChatReadinessManagerImp: processRcsReadinessReason: Current ChatTransportType is: 2, ready: true
03-19 17:36:28.242  1432  1466 W BroadcastQueue: Permission Denial: receiving Intent { act=android.intent.action.SERVICE_STATE flg=0x1000010 (has extras) } to com.google.android.cellbroadcastreceiver/com.android.cellbroadcastreceiver.CellBroadcastReceiver requires android.permission.READ_PHONE_STATE due to sender android (uid 1001)
03-19 17:36:28.242 24368 25200 I ChatReadinessManagerImp: shouldLaunchPostReadyWork is false. Returning from the method
03-19 17:36:28.243  1432  1466 W BroadcastQueue: Permission Denial: receiving Intent { act=android.intent.action.SERVICE_STATE flg=0x1000010 (has extras) } to ProcessRecord{4a2b10e 1718:com.android.systemui/u0a157} (pid=1718, uid=10157) requires android.permission.ACCESS_FINE_LOCATION due to sender android (uid 1001)
03-19 17:36:28.243  1432  4166 W ContextImpl: Calling a method in the system process without a qualified user: android.app.ContextImpl.sendBroadcastMultiplePermissions:1272 android.content.Context.sendBroadcastMultiplePermissions:2272 com.android.server.TelephonyRegistry.broadcastServiceStateChanged:3124 com.android.server.TelephonyRegistry.notifyServiceStateForPhoneId:1641 com.android.internal.telephony.ITelephonyRegistry$Stub.onTransact:492 
03-19 17:36:28.244  1432  1466 W BroadcastQueue: Appop Denial: receiving Intent { act=android.intent.action.SERVICE_STATE flg=0x1000010 (has extras) } to ProcessRecord{35934b5 1432:system/1000} (pid=1432, uid=1000) excludes appop android:read_phone_state due to sender android (uid 1001)
03-19 17:36:28.244  1432  1466 W BroadcastQueue: Appop Denial: receiving Intent { act=android.intent.action.SERVICE_STATE flg=0x1000010 (has extras) } to ProcessRecord{bf96670 1869:com.android.phone/1001} (pid=1869, uid=1001) excludes appop android:read_phone_state due to sender android (uid 1001)
03-19 17:36:28.244  1432  1466 W BroadcastQueue: Permission Denial: receiving Intent { act=android.intent.action.SERVICE_STATE flg=0x1000010 (has extras) } to com.google.android.cellbroadcastreceiver/com.android.cellbroadcastreceiver.CellBroadcastReceiver requires android.permission.ACCESS_FINE_LOCATION due to sender android (uid 1001)
03-19 17:36:28.246  1432  4166 W ContextImpl: Calling a method in the system process without a qualified user: android.app.ContextImpl.sendBroadcastMultiplePermissions:1272 android.content.Context.sendBroadcastMultiplePermissions:2272 com.android.server.TelephonyRegistry.broadcastServiceStateChanged:3128 com.android.server.TelephonyRegistry.notifyServiceStateForPhoneId:1641 com.android.internal.telephony.ITelephonyRegistry$Stub.onTransact:492 
03-19 17:36:28.246   813   837 W ccci_fsd(1): O: X://NA77_005, flag 0x10400, ret 1
03-19 17:36:28.247  1432  1466 W BroadcastQueue: Appop Denial: receiving Intent { act=android.intent.action.SERVICE_STATE flg=0x1000010 (has extras) } to ProcessRecord{35934b5 1432:system/1000} (pid=1432, uid=1000) excludes appop android:fine_location due to sender android (uid 1001)
03-19 17:36:28.247  1432  1466 W BroadcastQueue: Appop Denial: receiving Intent { act=android.intent.action.SERVICE_STATE flg=0x1000010 (has extras) } to ProcessRecord{bf96670 1869:com.android.phone/1001} (pid=1869, uid=1001) excludes appop android:fine_location due to sender android (uid 1001)
03-19 17:36:28.248  1432  1466 W BroadcastQueue: Permission Denial: receiving Intent { act=android.intent.action.SERVICE_STATE flg=0x1000010 (has extras) } to com.google.android.cellbroadcastreceiver/com.android.cellbroadcastreceiver.CellBroadcastReceiver requires android.permission.READ_PHONE_STATE due to sender android (uid 1001)
03-19 17:36:28.249  1432  1466 W BroadcastQueue: Appop Denial: receiving Intent { act=android.intent.action.SERVICE_STATE flg=0x1000010 (has extras) } to ProcessRecord{4a2b10e 1718:com.android.systemui/u0a157} (pid=1718, uid=10157) excludes appop android:read_phone_state due to sender android (uid 1001)
03-19 17:36:28.249  1432  1466 W BroadcastQueue: Appop Denial: receiving Intent { act=android.intent.action.SERVICE_STATE flg=0x1000010 (has extras) } to ProcessRecord{35934b5 1432:system/1000} (pid=1432, uid=1000) excludes appop android:read_phone_state due to sender android (uid 1001)
03-19 17:36:28.249  1432  1466 W BroadcastQueue: Appop Denial: receiving Intent { act=android.intent.action.SERVICE_STATE flg=0x1000010 (has extras) } to ProcessRecord{bf96670 1869:com.android.phone/1001} (pid=1869, uid=1001) excludes appop android:read_phone_state due to sender android (uid 1001)
03-19 17:36:28.253   813   837 W ccci_fsd(1): O: Y://NA77_005, flag 0x10400, ret 1
03-19 17:36:28.262   813   837 W ccci_fsd(1): O: X://NA77_005, flag 0x21010400, ret 1
03-19 17:36:28.267  1869  1869 I Telephony: isRttCurrentlySupported -- regular acct, hasVoiceAvailability: false
03-19 17:36:28.267  1869  1869 I Telephony:  isRttSupported: false
03-19 17:36:28.267  1869  1869 I Telephony:  alwaysAllowWhileRoaming: false
03-19 17:36:28.267  1869  1869 I Telephony:  isRoaming: false
03-19 17:36:28.267  1869  1869 I Telephony:  isOnWfc: false
03-19 17:36:28.269  1869  1869 I Telephony: isRttCurrentlySupported -- regular acct, hasVoiceAvailability: false
03-19 17:36:28.269  1869  1869 I Telephony:  isRttSupported: false
03-19 17:36:28.269  1869  1869 I Telephony:  alwaysAllowWhileRoaming: false
03-19 17:36:28.269  1869  1869 I Telephony:  isRoaming: false
03-19 17:36:28.269  1869  1869 I Telephony:  isOnWfc: false
03-19 17:36:28.272   813   837 W ccci_fsd(1): O: Y://NA77_005, flag 0x21010400, ret 1
03-19 17:36:28.297   776 20067 E C2MtkVdec: [0xEA009900] fetch graphic block err = 110
03-19 17:36:28.298   776 20112 E C2MtkVdec: [0xE953A600] fetch graphic block err = 110
03-19 17:36:28.299   776 20205 E C2MtkVdec: [0xEAC61400] fetch graphic block err = 110
03-19 17:36:28.299   776 21911 E C2MtkVdec: [0xE9169300] fetch graphic block err = 110
03-19 17:36:28.314   776 20251 E C2MtkVdec: [0xEA7E7100] fetch graphic block err = 110
03-19 17:36:28.316   774   774 I hwcomposer: [HWCDisplay] [Display_0 (type:1)] fps:27.607109,dur:1014.23,max:526.35,min:15.11  
03-19 17:36:28.378   807   807 I BufferQueueProducer: [StatusBar#77](this:0xf3744cdc,id:-1,api:0,p:-1,c:807) queueBuffer: fps=10.19 dur=1079.57 max=742.97 min=16.54
03-19 17:36:28.397   776 20067 E C2MtkVdec: [0xEA009900] fetch graphic block err = 110
03-19 17:36:28.399   776 20112 E C2MtkVdec: [0xE953A600] fetch graphic block err = 110
03-19 17:36:28.399   776 20205 E C2MtkVdec: [0xEAC61400] fetch graphic block err = 110
03-19 17:36:28.399   776 21911 E C2MtkVdec: [0xE9169300] fetch graphic block err = 110
03-19 17:36:28.405  1432  4166 W ContextImpl: Calling a method in the system process without a qualified user: android.app.ContextImpl.sendBroadcastMultiplePermissions:1222 com.android.server.TelephonyRegistry.broadcastServiceStateChanged:3113 com.android.server.TelephonyRegistry.notifyServiceStateForPhoneId:1641 com.android.internal.telephony.ITelephonyRegistry$Stub.onTransact:492 android.os.Binder.execTransactInternal:1280 
03-19 17:36:28.405  1432  4166 W ContextImpl: Calling a method in the system process without a qualified user: android.app.ContextImpl.sendBroadcastMultiplePermissions:1272 android.content.Context.sendBroadcastMultiplePermissions:2272 com.android.server.TelephonyRegistry.broadcastServiceStateChanged:3117 com.android.server.TelephonyRegistry.notifyServiceStateForPhoneId:1641 com.android.internal.telephony.ITelephonyRegistry$Stub.onTransact:492 
03-19 17:36:28.406  1432  1466 W BroadcastQueue: Permission Denial: receiving Intent { act=android.intent.action.SERVICE_STATE flg=0x1000010 (has extras) } to ProcessRecord{4a2b10e 1718:com.android.systemui/u0a157} (pid=1718, uid=10157) requires android.permission.ACCESS_FINE_LOCATION due to sender android (uid 1001)
03-19 17:36:28.408  1432  1466 W BroadcastQueue: Permission Denial: receiving Intent { act=android.intent.action.SERVICE_STATE flg=0x1000010 (has extras) } to com.google.android.cellbroadcastreceiver/com.android.cellbroadcastreceiver.CellBroadcastReceiver requires android.permission.READ_PHONE_STATE due to sender android (uid 1001)
03-19 17:36:28.410  1432  1466 W BroadcastQueue: Permission Denial: receiving Intent { act=android.intent.action.SERVICE_STATE flg=0x1000010 (has extras) } to ProcessRecord{4a2b10e 1718:com.android.systemui/u0a157} (pid=1718, uid=10157) requires android.permission.ACCESS_FINE_LOCATION due to sender android (uid 1001)
03-19 17:36:28.411  1432  4166 W ContextImpl: Calling a method in the system process without a qualified user: android.app.ContextImpl.sendBroadcastMultiplePermissions:1272 android.content.Context.sendBroadcastMultiplePermissions:2272 com.android.server.TelephonyRegistry.broadcastServiceStateChanged:3124 com.android.server.TelephonyRegistry.notifyServiceStateForPhoneId:1641 com.android.internal.telephony.ITelephonyRegistry$Stub.onTransact:492 
03-19 17:36:28.411  1432  1466 W BroadcastQueue: Appop Denial: receiving Intent { act=android.intent.action.SERVICE_STATE flg=0x1000010 (has extras) } to ProcessRecord{35934b5 1432:system/1000} (pid=1432, uid=1000) excludes appop android:read_phone_state due to sender android (uid 1001)
03-19 17:36:28.412  1432  1466 W BroadcastQueue: Appop Denial: receiving Intent { act=android.intent.action.SERVICE_STATE flg=0x1000010 (has extras) } to ProcessRecord{bf96670 1869:com.android.phone/1001} (pid=1869, uid=1001) excludes appop android:read_phone_state due to sender android (uid 1001)
03-19 17:36:28.412  1432  1466 W BroadcastQueue: Permission Denial: receiving Intent { act=android.intent.action.SERVICE_STATE flg=0x1000010 (has extras) } to com.google.android.cellbroadcastreceiver/com.android.cellbroadcastreceiver.CellBroadcastReceiver requires android.permission.ACCESS_FINE_LOCATION due to sender android (uid 1001)
03-19 17:36:28.413 24368 25200 I ChatReadinessManagerImp: processRcsReadinessReason: Current ChatTransportType is: 2, ready: true
03-19 17:36:28.413  1432  4166 W ContextImpl: Calling a method in the system process without a qualified user: android.app.ContextImpl.sendBroadcastMultiplePermissions:1272 android.content.Context.sendBroadcastMultiplePermissions:2272 com.android.server.TelephonyRegistry.broadcastServiceStateChanged:3128 com.android.server.TelephonyRegistry.notifyServiceStateForPhoneId:1641 com.android.internal.telephony.ITelephonyRegistry$Stub.onTransact:492 
03-19 17:36:28.414 24368 25200 I ChatReadinessManagerImp: shouldLaunchPostReadyWork is false. Returning from the method
03-19 17:36:28.414  1432  1466 W BroadcastQueue: Appop Denial: receiving Intent { act=android.intent.action.SERVICE_STATE flg=0x1000010 (has extras) } to ProcessRecord{35934b5 1432:system/1000} (pid=1432, uid=1000) excludes appop android:fine_location due to sender android (uid 1001)
03-19 17:36:28.415   776 20251 E C2MtkVdec: [0xEA7E7100] fetch graphic block err = 110
03-19 17:36:28.415  1432  1466 W BroadcastQueue: Appop Denial: receiving Intent { act=android.intent.action.SERVICE_STATE flg=0x1000010 (has extras) } to ProcessRecord{bf96670 1869:com.android.phone/1001} (pid=1869, uid=1001) excludes appop android:fine_location due to sender android (uid 1001)
03-19 17:36:28.415  1432  1466 W BroadcastQueue: Permission Denial: receiving Intent { act=android.intent.action.SERVICE_STATE flg=0x1000010 (has extras) } to com.google.android.cellbroadcastreceiver/com.android.cellbroadcastreceiver.CellBroadcastReceiver requires android.permission.READ_PHONE_STATE due to sender android (uid 1001)
03-19 17:36:28.417  1432  1466 W BroadcastQueue: Appop Denial: receiving Intent { act=android.intent.action.SERVICE_STATE flg=0x1000010 (has extras) } to ProcessRecord{4a2b10e 1718:com.android.systemui/u0a157} (pid=1718, uid=10157) excludes appop android:read_phone_state due to sender android (uid 1001)
03-19 17:36:28.417  1432  1466 W BroadcastQueue: Appop Denial: receiving Intent { act=android.intent.action.SERVICE_STATE flg=0x1000010 (has extras) } to ProcessRecord{35934b5 1432:system/1000} (pid=1432, uid=1000) excludes appop android:read_phone_state due to sender android (uid 1001)
03-19 17:36:28.417  1432  1466 W BroadcastQueue: Appop Denial: receiving Intent { act=android.intent.action.SERVICE_STATE flg=0x1000010 (has extras) } to ProcessRecord{bf96670 1869:com.android.phone/1001} (pid=1869, uid=1001) excludes appop android:read_phone_state due to sender android (uid 1001)
03-19 17:36:28.498   776 20067 E C2MtkVdec: [0xEA009900] fetch graphic block err = 110
03-19 17:36:28.499   776 20112 E C2MtkVdec: [0xE953A600] fetch graphic block err = 110
03-19 17:36:28.499   776 20205 E C2MtkVdec: [0xEAC61400] fetch graphic block err = 110
03-19 17:36:28.499   776 21911 E C2MtkVdec: [0xE9169300] fetch graphic block err = 110
03-19 17:36:28.515   776 20251 E C2MtkVdec: [0xEA7E7100] fetch graphic block err = 110
03-19 17:36:28.598   776 20067 E C2MtkVdec: [0xEA009900] fetch graphic block err = 110
03-19 17:36:28.598   776 20067 E VDO_LOG : ### +VDEC_DRV_GET_TYPE_GET_PIXEL_FORMAT
03-19 17:36:28.598   776 20067 E VDO_LOG : [Info] get updated pixel format:  4
03-19 17:36:28.600   776 21911 E C2MtkVdec: [0xE9169300] fetch graphic block err = 110
03-19 17:36:28.600   776 20112 E C2MtkVdec: [0xE953A600] fetch graphic block err = 110
03-19 17:36:28.600   776 20205 E C2MtkVdec: [0xEAC61400] fetch graphic block err = 110
03-19 17:36:28.615   776 20251 E C2MtkVdec: [0xEA7E7100] fetch graphic block err = 110
03-19 17:36:28.700   776 20067 E C2MtkVdec: [0xEA009900] fetch graphic block err = 110
03-19 17:36:28.700   776 21911 E C2MtkVdec: [0xE9169300] fetch graphic block err = 110
03-19 17:36:28.700   776 20112 E C2MtkVdec: [0xE953A600] fetch graphic block err = 110
03-19 17:36:28.700   776 20205 E C2MtkVdec: [0xEAC61400] fetch graphic block err = 110
03-19 17:36:28.716   776 20251 E C2MtkVdec: [0xEA7E7100] fetch graphic block err = 110
03-19 17:36:28.718   776 20209 W C2BqBuffer: last successful dequeue was 205936232048 us ago, 0 consecutive failures
03-19 17:36:28.801   776 20067 E C2MtkVdec: [0xEA009900] fetch graphic block err = 110
03-19 17:36:28.801   776 21911 E C2MtkVdec: [0xE9169300] fetch graphic block err = 110
03-19 17:36:28.801   776 20205 E C2MtkVdec: [0xEAC61400] fetch graphic block err = 110
03-19 17:36:28.802   776 20112 E C2MtkVdec: [0xE953A600] fetch graphic block err = 110
03-19 17:36:28.816   776 20251 E C2MtkVdec: [0xEA7E7100] fetch graphic block err = 110
03-19 17:36:28.892   993   993 I thermal_repeater: [recvMdThermalInfo] ret=25, strLen=127,  3, 42, -6, 196, 32767, 0
03-19 17:36:28.901   776 20067 E C2MtkVdec: [0xEA009900] fetch graphic block err = 110
03-19 17:36:28.901   776 21911 E C2MtkVdec: [0xE9169300] fetch graphic block err = 110
03-19 17:36:28.902   776 20205 E C2MtkVdec: [0xEAC61400] fetch graphic block err = 110
03-19 17:36:28.902   776 20112 E C2MtkVdec: [0xE953A600] fetch graphic block err = 110
03-19 17:36:28.917   776 20251 E C2MtkVdec: [0xEA7E7100] fetch graphic block err = 110
03-19 17:36:29.002   776 20067 E C2MtkVdec: [0xEA009900] fetch graphic block err = 110
03-19 17:36:29.002   776 21911 E C2MtkVdec: [0xE9169300] fetch graphic block err = 110
03-19 17:36:29.002   776 20205 E C2MtkVdec: [0xEAC61400] fetch graphic block err = 110
03-19 17:36:29.002   776 20112 E C2MtkVdec: [0xE953A600] fetch graphic block err = 110
03-19 17:36:29.017   776 20251 E C2MtkVdec: [0xEA7E7100] fetch graphic block err = 110
03-19 17:36:29.102   776 21911 E C2MtkVdec: [0xE9169300] fetch graphic block err = 110
03-19 17:36:29.103   776 20205 E C2MtkVdec: [0xEAC61400] fetch graphic block err = 110
03-19 17:36:29.103   776 20112 E C2MtkVdec: [0xE953A600] fetch graphic block err = 110
03-19 17:36:29.103   776 20067 E C2MtkVdec: [0xEA009900] fetch graphic block err = 110
03-19 17:36:29.118   776 20251 E C2MtkVdec: [0xEA7E7100] fetch graphic block err = 110
03-19 17:36:29.203   776 20112 E C2MtkVdec: [0xE953A600] fetch graphic block err = 110
03-19 17:36:29.203   776 21911 E C2MtkVdec: [0xE9169300] fetch graphic block err = 110
03-19 17:36:29.203   776 20067 E C2MtkVdec: [0xEA009900] fetch graphic block err = 110
03-19 17:36:29.203   776 20205 E C2MtkVdec: [0xEAC61400] fetch graphic block err = 110
03-19 17:36:29.218   776 20251 E C2MtkVdec: [0xEA7E7100] fetch graphic block err = 110
03-19 17:36:29.230   807   807 I BufferQueueProducer: [FramebufferSurface](this:0xf406c068,id:-1,api:1,p:807,c:807) queueBuffer: fps=13.96 dur=1146.08 max=848.29 min=15.36
03-19 17:36:29.304   776 20112 E C2MtkVdec: [0xE953A600] fetch graphic block err = 110
03-19 17:36:29.304   776 21911 E C2MtkVdec: [0xE9169300] fetch graphic block err = 110
03-19 17:36:29.304   776 20067 E C2MtkVdec: [0xEA009900] fetch graphic block err = 110
03-19 17:36:29.304   776 20205 E C2MtkVdec: [0xEAC61400] fetch graphic block err = 110
03-19 17:36:29.319   776 20251 E C2MtkVdec: [0xEA7E7100] fetch graphic block err = 110
03-19 17:36:29.404   776 20112 E C2MtkVdec: [0xE953A600] fetch graphic block err = 110
03-19 17:36:29.404   776 21911 E C2MtkVdec: [0xE9169300] fetch graphic block err = 110
03-19 17:36:29.404   776 20067 E C2MtkVdec: [0xEA009900] fetch graphic block err = 110
03-19 17:36:29.404   776 20205 E C2MtkVdec: [0xEAC61400] fetch graphic block err = 110
03-19 17:36:29.419   776 20251 E C2MtkVdec: [0xEA7E7100] fetch graphic block err = 110
03-19 17:36:29.504   776 20112 E C2MtkVdec: [0xE953A600] fetch graphic block err = 110
03-19 17:36:29.504   776 21911 E C2MtkVdec: [0xE9169300] fetch graphic block err = 110
03-19 17:36:29.505   776 20067 E C2MtkVdec: [0xEA009900] fetch graphic block err = 110
03-19 17:36:29.505   776 20205 E C2MtkVdec: [0xEAC61400] fetch graphic block err = 110
03-19 17:36:29.519   776 20251 E C2MtkVdec: [0xEA7E7100] fetch graphic block err = 110
03-19 17:36:29.577   807   807 I BufferQueueProducer: [com.android.stk/com.android.stk.StkDialogActivity#28912](this:0xf3267cdc,id:-1,api:0,p:-1,c:807) queueBuffer: fps=7.65 dur=1569.36 max=1383.69 min=16.43
03-19 17:36:29.588   774   774 I hwcomposer: [HWCDisplay] [Display_0 (type:1)] fps:2.359335,dur:1271.54,max:848.72,min:66.07  
03-19 17:36:29.605   776 20112 E C2MtkVdec: [0xE953A600] fetch graphic block err = 110
03-19 17:36:29.605   776 21911 E C2MtkVdec: [0xE9169300] fetch graphic block err = 110
03-19 17:36:29.605   776 20067 E C2MtkVdec: [0xEA009900] fetch graphic block err = 110
03-19 17:36:29.605   776 20205 E C2MtkVdec: [0xEAC61400] fetch graphic block err = 110
03-19 17:36:29.620   776 20251 E C2MtkVdec: [0xEA7E7100] fetch graphic block err = 110
03-19 17:36:29.694  1702  1702 I WifiHAL : Get link layer stats
03-19 17:36:29.695  1702  1702 I WifiHAL : GetLinkStatsCommand::create
03-19 17:36:29.695  1702  1702 I android.hardware.wifi@1.0-service-lazy: WifiCommand::requestResponse err=-14
03-19 17:36:29.695  1702  1702 I WifiHAL : wifi_get_link_stats: result=-1
03-19 17:36:29.697  1432  1639 E WifiVendorHal: getWifiLinkLayerStats_1_5_Internal(l.1176) failed {.code = ERROR_UNKNOWN, .description = unknown}
03-19 17:36:29.705   776 20112 E C2MtkVdec: [0xE953A600] fetch graphic block err = 110
03-19 17:36:29.705   776 21911 E C2MtkVdec: [0xE9169300] fetch graphic block err = 110
03-19 17:36:29.705   776 20067 E C2MtkVdec: [0xEA009900] fetch graphic block err = 110
03-19 17:36:29.706   776 20205 E C2MtkVdec: [0xEAC61400] fetch graphic block err = 110
03-19 17:36:29.720   776 20251 E C2MtkVdec: [0xEA7E7100] fetch graphic block err = 110
03-19 17:36:29.805   776 21911 E C2MtkVdec: [0xE9169300] fetch graphic block err = 110
03-19 17:36:29.805   776 20112 E C2MtkVdec: [0xE953A600] fetch graphic block err = 110
03-19 17:36:29.806   776 20067 E C2MtkVdec: [0xEA009900] fetch graphic block err = 110
03-19 17:36:29.806   776 20205 E C2MtkVdec: [0xEAC61400] fetch graphic block err = 110
03-19 17:36:29.821   776 20251 E C2MtkVdec: [0xEA7E7100] fetch graphic block err = 110
03-19 17:36:29.885  1913 25221 I FA      : Application backgrounded at: timestamp_millis: 1710844587882
03-19 17:36:29.906   776 20112 E C2MtkVdec: [0xE953A600] fetch graphic block err = 110
03-19 17:36:29.906   776 21911 E C2MtkVdec: [0xE9169300] fetch graphic block err = 110
03-19 17:36:29.906   776 20067 E C2MtkVdec: [0xEA009900] fetch graphic block err = 110
03-19 17:36:29.906   776 20205 E C2MtkVdec: [0xEAC61400] fetch graphic block err = 110
03-19 17:36:29.914   776 21915 W C2BqBuffer: last successful dequeue was 22009255405 us ago, 0 consecutive failures
03-19 17:36:29.921   776 20251 E C2MtkVdec: [0xEA7E7100] fetch graphic block err = 110
03-19 17:36:30.006   776 21911 E C2MtkVdec: [0xE9169300] fetch graphic block err = 110
03-19 17:36:30.006   776 20112 E C2MtkVdec: [0xE953A600] fetch graphic block err = 110
03-19 17:36:30.006   776 20067 E C2MtkVdec: [0xEA009900] fetch graphic block err = 110
03-19 17:36:30.007   776 20205 E C2MtkVdec: [0xEAC61400] fetch graphic block err = 110
03-19 17:36:30.021   776 20251 E C2MtkVdec: [0xEA7E7100] fetch graphic block err = 110
03-19 17:36:30.052   782   876 I mtkpower@impl: [powerd_req] TIMER_MSG_PERF_LOCK_TIMEOUT hdl:70613
03-19 17:36:30.052   782   876 I libPowerHal: [perfLockRel] hdl:70613, idx:19
03-19 17:36:30.053   782   876 I libPowerHal: [PD] MTKPOWER_HINT_EXT_LAUNCH update cmd:1000000, param:-1
03-19 17:36:30.053   782   876 I libPowerHal: [PD] MTKPOWER_HINT_EXT_LAUNCH update cmd:2020000 param:1
03-19 17:36:30.053   782   876 I libPowerHal: [PD] MTKPOWER_HINT_EXT_LAUNCH update cmd:1408300 param:0
03-19 17:36:30.055   782   876 I libPowerHal: [PD] MTKPOWER_HINT_EXT_LAUNCH update cmd:1000000 param:-1
03-19 17:36:30.106   776 20112 E C2MtkVdec: [0xE953A600] fetch graphic block err = 110
03-19 17:36:30.107   776 21911 E C2MtkVdec: [0xE9169300] fetch graphic block err = 110
03-19 17:36:30.107   776 20067 E C2MtkVdec: [0xEA009900] fetch graphic block err = 110
03-19 17:36:30.107   776 20205 E C2MtkVdec: [0xEAC61400] fetch graphic block err = 110
03-19 17:36:30.122   776 20251 E C2MtkVdec: [0xEA7E7100] fetch graphic block err = 110
03-19 17:36:30.207   776 21911 E C2MtkVdec: [0xE9169300] fetch graphic block err = 110
03-19 17:36:30.207   776 20112 E C2MtkVdec: [0xE953A600] fetch graphic block err = 110
03-19 17:36:30.207   776 20067 E C2MtkVdec: [0xEA009900] fetch graphic block err = 110
03-19 17:36:30.207   776 20205 E C2MtkVdec: [0xEAC61400] fetch graphic block err = 110
03-19 17:36:30.218   807   807 I BufferQueueProducer: [StatusBar#77](this:0xf3744cdc,id:-1,api:0,p:-1,c:807) queueBuffer: fps=1.09 dur=1840.06 max=996.22 min=843.85
03-19 17:36:30.224   776 20251 E C2MtkVdec: [0xEA7E7100] fetch graphic block err = 110
03-19 17:36:30.224   776 20251 E VDO_LOG : ### +VDEC_DRV_GET_TYPE_GET_PIXEL_FORMAT
03-19 17:36:30.224   776 20251 E VDO_LOG : [Info] get updated pixel format:  4
03-19 17:36:30.234   782   858 I libPerfCtl: xgfGetFPS pid:1869 fps:63
03-19 17:36:30.307   776 21911 E C2MtkVdec: [0xE9169300] fetch graphic block err = 110
03-19 17:36:30.307   776 20112 E C2MtkVdec: [0xE953A600] fetch graphic block err = 110
03-19 17:36:30.308   776 20067 E C2MtkVdec: [0xEA009900] fetch graphic block err = 110
03-19 17:36:30.308   776 21911 E VDO_LOG : ### +VDEC_DRV_GET_TYPE_GET_PIXEL_FORMAT
03-19 17:36:30.308   776 20205 E C2MtkVdec: [0xEAC61400] fetch graphic block err = 110
03-19 17:36:30.308   776 21911 E VDO_LOG : [Info] get updated pixel format:  4
03-19 17:36:30.325   776 20251 E C2MtkVdec: [0xEA7E7100] fetch graphic block err = 110
03-19 17:36:30.408   776 20112 E C2MtkVdec: [0xE953A600] fetch graphic block err = 110
03-19 17:36:30.408   776 20205 E C2MtkVdec: [0xEAC61400] fetch graphic block err = 110
03-19 17:36:30.408   776 20067 E C2MtkVdec: [0xEA009900] fetch graphic block err = 110
03-19 17:36:30.409   776 21911 E C2MtkVdec: [0xE9169300] fetch graphic block err = 110
03-19 17:36:30.426   776 20251 E C2MtkVdec: [0xEA7E7100] fetch graphic block err = 110
03-19 17:36:30.508   776 20205 E C2MtkVdec: [0xEAC61400] fetch graphic block err = 110
03-19 17:36:30.508   776 20112 E C2MtkVdec: [0xE953A600] fetch graphic block err = 110
03-19 17:36:30.509   776 20067 E C2MtkVdec: [0xEA009900] fetch graphic block err = 110
03-19 17:36:30.509   776 21911 E C2MtkVdec: [0xE9169300] fetch graphic block err = 110
03-19 17:36:30.526   776 20251 E C2MtkVdec: [0xEA7E7100] fetch graphic block err = 110
03-19 17:36:30.561  1235  1249 I [BIP]   :  [BIP NL] event newlink match dev 0, interface index 31
03-19 17:36:30.561  1235  1249 I [BIP]   :  [BIP NL] the link status of interface(index:0) changes to 1
03-19 17:36:30.568   764  1177 I netd    : interfaceGetCfg(wlan0) -> {InterfaceConfigurationParcel{ifName: wlan0, hwAddr: e8:88:43:2f:79:78, ipv4Addr: 10.2.217.179, prefixLength: 13, flags: [up, broadcast, running, multicast]}} <3.64ms>
03-19 17:36:30.592  1702  1702 I WifiHAL : Get link layer stats
03-19 17:36:30.592  1702  1702 I WifiHAL : GetLinkStatsCommand::create
03-19 17:36:30.593  1702  1702 I android.hardware.wifi@1.0-service-lazy: WifiCommand::requestResponse err=-14
03-19 17:36:30.593  1702  1702 I WifiHAL : wifi_get_link_stats: result=-1
03-19 17:36:30.594  1432  1639 E WifiVendorHal: getWifiLinkLayerStats_1_5_Internal(l.1176) failed {.code = ERROR_UNKNOWN, .description = unknown}
03-19 17:36:30.609   776 20112 E C2MtkVdec: [0xE953A600] fetch graphic block err = 110
03-19 17:36:30.609   776 20205 E C2MtkVdec: [0xEAC61400] fetch graphic block err = 110
03-19 17:36:30.609   776 20067 E C2MtkVdec: [0xEA009900] fetch graphic block err = 110
03-19 17:36:30.610   776 21911 E C2MtkVdec: [0xE9169300] fetch graphic block err = 110
03-19 17:36:30.627   776 20251 E C2MtkVdec: [0xEA7E7100] fetch graphic block err = 110
03-19 17:36:30.709   776 20112 E C2MtkVdec: [0xE953A600] fetch graphic block err = 110
03-19 17:36:30.709   776 20205 E C2MtkVdec: [0xEAC61400] fetch graphic block err = 110
03-19 17:36:30.709   776 20067 E C2MtkVdec: [0xEA009900] fetch graphic block err = 110
03-19 17:36:30.710   776 21911 E C2MtkVdec: [0xE9169300] fetch graphic block err = 110
03-19 17:36:30.727   776 20251 E C2MtkVdec: [0xEA7E7100] fetch graphic block err = 110
03-19 17:36:30.735   776 20071 W C2BqBuffer: last successful dequeue was 68169818940 us ago, 0 consecutive failures
03-19 17:36:30.756   776 11841 W C2BqBuffer: last successful dequeue was 135933539974 us ago, 0 consecutive failures
03-19 17:36:30.788   776 20255 W C2BqBuffer: last successful dequeue was 205938013471 us ago, 0 consecutive failures
03-19 17:36:30.810   776 20205 E C2MtkVdec: [0xEAC61400] fetch graphic block err = 110
03-19 17:36:30.810   776 20112 E C2MtkVdec: [0xE953A600] fetch graphic block err = 110
03-19 17:36:30.810   776 20067 E C2MtkVdec: [0xEA009900] fetch graphic block err = 110
03-19 17:36:30.810   776 21911 E C2MtkVdec: [0xE9169300] fetch graphic block err = 110
03-19 17:36:30.828   776 20251 E C2MtkVdec: [0xEA7E7100] fetch graphic block err = 110
03-19 17:36:30.910   776 20205 E C2MtkVdec: [0xEAC61400] fetch graphic block err = 110
03-19 17:36:30.910   776 20112 E C2MtkVdec: [0xE953A600] fetch graphic block err = 110
03-19 17:36:30.910   776 20067 E C2MtkVdec: [0xEA009900] fetch graphic block err = 110
03-19 17:36:30.910   776 21911 E C2MtkVdec: [0xE9169300] fetch graphic block err = 110
03-19 17:36:30.928   776 20251 E C2MtkVdec: [0xEA7E7100] fetch graphic block err = 110
03-19 17:36:31.010   776 20205 E C2MtkVdec: [0xEAC61400] fetch graphic block err = 110
03-19 17:36:31.011   776 21911 E C2MtkVdec: [0xE9169300] fetch graphic block err = 110
03-19 17:36:31.011   776 20067 E C2MtkVdec: [0xEA009900] fetch graphic block err = 110
03-19 17:36:31.011   776 20112 E C2MtkVdec: [0xE953A600] fetch graphic block err = 110
03-19 17:36:31.029   776 20251 E C2MtkVdec: [0xEA7E7100] fetch graphic block err = 110
03-19 17:36:31.111   776 20205 E C2MtkVdec: [0xEAC61400] fetch graphic block err = 110
03-19 17:36:31.111   776 21911 E C2MtkVdec: [0xE9169300] fetch graphic block err = 110
03-19 17:36:31.111   776 20112 E C2MtkVdec: [0xE953A600] fetch graphic block err = 110
03-19 17:36:31.112   776 20205 E VDO_LOG : ### +VDEC_DRV_GET_TYPE_GET_PIXEL_FORMAT
03-19 17:36:31.112   776 20205 E VDO_LOG : [Info] get updated pixel format:  4
03-19 17:36:31.112   776 20067 E C2MtkVdec: [0xEA009900] fetch graphic block err = 110
03-19 17:36:31.121   776 20116 W C2BqBuffer: last successful dequeue was 68169725781 us ago, 0 consecutive failures
03-19 17:36:31.129   776 20251 E C2MtkVdec: [0xEA7E7100] fetch graphic block err = 110
03-19 17:36:31.212   776 20112 E C2MtkVdec: [0xE953A600] fetch graphic block err = 110
03-19 17:36:31.212   776 21911 E C2MtkVdec: [0xE9169300] fetch graphic block err = 110
03-19 17:36:31.212   776 20112 E VDO_LOG : ### +VDEC_DRV_GET_TYPE_GET_PIXEL_FORMAT
03-19 17:36:31.212   776 20112 E VDO_LOG : [Info] get updated pixel format:  4
03-19 17:36:31.212   776 20067 E C2MtkVdec: [0xEA009900] fetch graphic block err = 110
03-19 17:36:31.213   776 20205 E C2MtkVdec: [0xEAC61400] fetch graphic block err = 110
03-19 17:36:31.230   776 20251 E C2MtkVdec: [0xEA7E7100] fetch graphic block err = 110
03-19 17:36:31.232   807   807 I BufferQueueProducer: [StatusBar#77](this:0xf3744cdc,id:-1,api:0,p:-1,c:807) queueBuffer: fps=0.99 dur=1013.74 max=1013.74 min=1013.74
03-19 17:36:31.242   807   807 I BufferQueueProducer: [FramebufferSurface](this:0xf406c068,id:-1,api:1,p:807,c:807) queueBuffer: fps=9.94 dur=2011.59 max=1014.27 min=11.49
03-19 17:36:31.243   774   774 I hwcomposer: [HWCDisplay] [Display_0 (type:1)] fps:11.479654,dur:1655.10,max:1014.59,min:11.36  
03-19 17:36:31.312   776 21911 E C2MtkVdec: [0xE9169300] fetch graphic block err = 110
03-19 17:36:31.313   776 20067 E C2MtkVdec: [0xEA009900] fetch graphic block err = 110
03-19 17:36:31.314   776 20112 E C2MtkVdec: [0xE953A600] fetch graphic block err = 110
03-19 17:36:31.314   776 20205 E C2MtkVdec: [0xEAC61400] fetch graphic block err = 110
03-19 17:36:31.330   776 20251 E C2MtkVdec: [0xEA7E7100] fetch graphic block err = 110
03-19 17:36:31.412   776 21911 E C2MtkVdec: [0xE9169300] fetch graphic block err = 110
03-19 17:36:31.413   776 20067 E C2MtkVdec: [0xEA009900] fetch graphic block err = 110
