03-19 17:36:21.367   776 20205 E C2MtkVdec: [0xEAC61400] fetch graphic block err = 110
03-19 17:36:21.367   776 20067 E C2MtkVdec: [0xEA009900] fetch graphic block err = 110
03-19 17:36:21.368   776 21911 E C2MtkVdec: [0xE9169300] fetch graphic block err = 110
03-19 17:36:21.380   776 20251 E C2MtkVdec: [0xEA7E7100] fetch graphic block err = 110
03-19 17:36:21.467   776 20112 E C2MtkVdec: [0xE953A600] fetch graphic block err = 110
03-19 17:36:21.467   776 20205 E C2MtkVdec: [0xEAC61400] fetch graphic block err = 110
03-19 17:36:21.467   776 20067 E C2MtkVdec: [0xEA009900] fetch graphic block err = 110
03-19 17:36:21.468   776 21911 E C2MtkVdec: [0xE9169300] fetch graphic block err = 110
03-19 17:36:21.481   776 20251 E C2MtkVdec: [0xEA7E7100] fetch graphic block err = 110
03-19 17:36:21.567   776 20112 E C2MtkVdec: [0xE953A600] fetch graphic block err = 110
03-19 17:36:21.567   776 20205 E C2MtkVdec: [0xEAC61400] fetch graphic block err = 110
03-19 17:36:21.568   776 20067 E C2MtkVdec: [0xEA009900] fetch graphic block err = 110
03-19 17:36:21.568   776 21911 E C2MtkVdec: [0xE9169300] fetch graphic block err = 110
03-19 17:36:21.581   776 20251 E C2MtkVdec: [0xEA7E7100] fetch graphic block err = 110
03-19 17:36:21.668   776 20205 E C2MtkVdec: [0xEAC61400] fetch graphic block err = 110
03-19 17:36:21.668   776 20112 E C2MtkVdec: [0xE953A600] fetch graphic block err = 110
03-19 17:36:21.668   776 20067 E C2MtkVdec: [0xEA009900] fetch graphic block err = 110
03-19 17:36:21.668   776 21911 E C2MtkVdec: [0xE9169300] fetch graphic block err = 110
03-19 17:36:21.682   776 20251 E C2MtkVdec: [0xEA7E7100] fetch graphic block err = 110
03-19 17:36:21.768   776 20112 E C2MtkVdec: [0xE953A600] fetch graphic block err = 110
03-19 17:36:21.768   776 20205 E C2MtkVdec: [0xEAC61400] fetch graphic block err = 110
03-19 17:36:21.768   776 20067 E C2MtkVdec: [0xEA009900] fetch graphic block err = 110
03-19 17:36:21.769   776 21911 E C2MtkVdec: [0xE9169300] fetch graphic block err = 110
03-19 17:36:21.782   776 20251 E C2MtkVdec: [0xEA7E7100] fetch graphic block err = 110
03-19 17:36:21.869   776 20067 E C2MtkVdec: [0xEA009900] fetch graphic block err = 110
03-19 17:36:21.869   776 20112 E C2MtkVdec: [0xE953A600] fetch graphic block err = 110
03-19 17:36:21.869   776 20205 E C2MtkVdec: [0xEAC61400] fetch graphic block err = 110
03-19 17:36:21.869   776 21911 E C2MtkVdec: [0xE9169300] fetch graphic block err = 110
03-19 17:36:21.883   776 20251 E C2MtkVdec: [0xEA7E7100] fetch graphic block err = 110
03-19 17:36:21.969   776 20112 E C2MtkVdec: [0xE953A600] fetch graphic block err = 110
03-19 17:36:21.969   776 20067 E C2MtkVdec: [0xEA009900] fetch graphic block err = 110
03-19 17:36:21.969   776 21911 E C2MtkVdec: [0xE9169300] fetch graphic block err = 110
03-19 17:36:21.970   776 20205 E C2MtkVdec: [0xEAC61400] fetch graphic block err = 110
03-19 17:36:21.983   776 20251 E C2MtkVdec: [0xEA7E7100] fetch graphic block err = 110
03-19 17:36:22.070   776 20067 E C2MtkVdec: [0xEA009900] fetch graphic block err = 110
03-19 17:36:22.070   776 20112 E C2MtkVdec: [0xE953A600] fetch graphic block err = 110
03-19 17:36:22.070   776 20205 E C2MtkVdec: [0xEAC61400] fetch graphic block err = 110
03-19 17:36:22.070   776 21911 E C2MtkVdec: [0xE9169300] fetch graphic block err = 110
03-19 17:36:22.071   776 20205 E VDO_LOG : ### +VDEC_DRV_GET_TYPE_GET_PIXEL_FORMAT
03-19 17:36:22.071   776 20205 E VDO_LOG : [Info] get updated pixel format:  4
03-19 17:36:22.084   776 20251 E C2MtkVdec: [0xEA7E7100] fetch graphic block err = 110
03-19 17:36:22.170   776 20112 E C2MtkVdec: [0xE953A600] fetch graphic block err = 110
03-19 17:36:22.170   776 21911 E C2MtkVdec: [0xE9169300] fetch graphic block err = 110
03-19 17:36:22.171   776 20067 E C2MtkVdec: [0xEA009900] fetch graphic block err = 110
03-19 17:36:22.171   776 20112 E VDO_LOG : ### +VDEC_DRV_GET_TYPE_GET_PIXEL_FORMAT
03-19 17:36:22.171   776 20112 E VDO_LOG : [Info] get updated pixel format:  4
03-19 17:36:22.172   776 20205 E C2MtkVdec: [0xEAC61400] fetch graphic block err = 110
03-19 17:36:22.184   776 20251 E C2MtkVdec: [0xEA7E7100] fetch graphic block err = 110
03-19 17:36:22.271   776 21911 E C2MtkVdec: [0xE9169300] fetch graphic block err = 110
03-19 17:36:22.271   776 20067 E C2MtkVdec: [0xEA009900] fetch graphic block err = 110
03-19 17:36:22.272   776 20112 E C2MtkVdec: [0xE953A600] fetch graphic block err = 110
03-19 17:36:22.272   776 20205 E C2MtkVdec: [0xEAC61400] fetch graphic block err = 110
03-19 17:36:22.285   776 20251 E C2MtkVdec: [0xEA7E7100] fetch graphic block err = 110
03-19 17:36:22.371   776 21911 E C2MtkVdec: [0xE9169300] fetch graphic block err = 110
03-19 17:36:22.372   776 20067 E C2MtkVdec: [0xEA009900] fetch graphic block err = 110
03-19 17:36:22.372   776 20112 E C2MtkVdec: [0xE953A600] fetch graphic block err = 110
03-19 17:36:22.373   776 20205 E C2MtkVdec: [0xEAC61400] fetch graphic block err = 110
03-19 17:36:22.385   776 20251 E C2MtkVdec: [0xEA7E7100] fetch graphic block err = 110
03-19 17:36:22.472   776 21911 E C2MtkVdec: [0xE9169300] fetch graphic block err = 110
03-19 17:36:22.472   776 20067 E C2MtkVdec: [0xEA009900] fetch graphic block err = 110
03-19 17:36:22.473   776 20112 E C2MtkVdec: [0xE953A600] fetch graphic block err = 110
03-19 17:36:22.473   776 20205 E C2MtkVdec: [0xEAC61400] fetch graphic block err = 110
03-19 17:36:22.485   776 20251 E C2MtkVdec: [0xEA7E7100] fetch graphic block err = 110
03-19 17:36:22.558  1432  1464 I lq ThermalManagerService: getBoardTemp: 39000
03-19 17:36:22.560  1432  1464 I PowerManagerService: getBoardTemp for outdoor mode: 39000
03-19 17:36:22.572   776 21911 E C2MtkVdec: [0xE9169300] fetch graphic block err = 110
03-19 17:36:22.573   776 20067 E C2MtkVdec: [0xEA009900] fetch graphic block err = 110
03-19 17:36:22.573   776 20112 E C2MtkVdec: [0xE953A600] fetch graphic block err = 110
03-19 17:36:22.573   776 20067 E VDO_LOG : ### +VDEC_DRV_GET_TYPE_GET_PIXEL_FORMAT
03-19 17:36:22.573   776 20067 E VDO_LOG : [Info] get updated pixel format:  4
03-19 17:36:22.573   776 20205 E C2MtkVdec: [0xEAC61400] fetch graphic block err = 110
03-19 17:36:22.586   776 20251 E C2MtkVdec: [0xEA7E7100] fetch graphic block err = 110
03-19 17:36:22.673   776 21911 E C2MtkVdec: [0xE9169300] fetch graphic block err = 110
03-19 17:36:22.673   776 20112 E C2MtkVdec: [0xE953A600] fetch graphic block err = 110
03-19 17:36:22.674   776 20205 E C2MtkVdec: [0xEAC61400] fetch graphic block err = 110
03-19 17:36:22.675   776 20067 E C2MtkVdec: [0xEA009900] fetch graphic block err = 110
03-19 17:36:22.687   776 20251 E C2MtkVdec: [0xEA7E7100] fetch graphic block err = 110
03-19 17:36:22.773   776 21911 E C2MtkVdec: [0xE9169300] fetch graphic block err = 110
03-19 17:36:22.774   776 20112 E C2MtkVdec: [0xE953A600] fetch graphic block err = 110
03-19 17:36:22.774   776 20205 E C2MtkVdec: [0xEAC61400] fetch graphic block err = 110
03-19 17:36:22.775   776 20067 E C2MtkVdec: [0xEA009900] fetch graphic block err = 110
03-19 17:36:22.787   776 20251 E C2MtkVdec: [0xEA7E7100] fetch graphic block err = 110
03-19 17:36:22.874   776 21911 E C2MtkVdec: [0xE9169300] fetch graphic block err = 110
03-19 17:36:22.874   776 20112 E C2MtkVdec: [0xE953A600] fetch graphic block err = 110
03-19 17:36:22.874   776 20205 E C2MtkVdec: [0xEAC61400] fetch graphic block err = 110
03-19 17:36:22.875   776 20067 E C2MtkVdec: [0xEA009900] fetch graphic block err = 110
03-19 17:36:22.887   776 20251 E C2MtkVdec: [0xEA7E7100] fetch graphic block err = 110
03-19 17:36:22.974   776 21911 E C2MtkVdec: [0xE9169300] fetch graphic block err = 110
03-19 17:36:22.974   776 20112 E C2MtkVdec: [0xE953A600] fetch graphic block err = 110
03-19 17:36:22.975   776 20205 E C2MtkVdec: [0xEAC61400] fetch graphic block err = 110
03-19 17:36:22.975   776 20067 E C2MtkVdec: [0xEA009900] fetch graphic block err = 110
03-19 17:36:22.988   776 20251 E C2MtkVdec: [0xEA7E7100] fetch graphic block err = 110
03-19 17:36:23.075   776 20112 E C2MtkVdec: [0xE953A600] fetch graphic block err = 110
03-19 17:36:23.075   776 21911 E C2MtkVdec: [0xE9169300] fetch graphic block err = 110
03-19 17:36:23.075   776 20205 E C2MtkVdec: [0xEAC61400] fetch graphic block err = 110
03-19 17:36:23.076   776 20067 E C2MtkVdec: [0xEA009900] fetch graphic block err = 110
03-19 17:36:23.089   776 20251 E C2MtkVdec: [0xEA7E7100] fetch graphic block err = 110
03-19 17:36:23.175   776 21911 E C2MtkVdec: [0xE9169300] fetch graphic block err = 110
03-19 17:36:23.175   776 20205 E C2MtkVdec: [0xEAC61400] fetch graphic block err = 110
03-19 17:36:23.175   776 20112 E C2MtkVdec: [0xE953A600] fetch graphic block err = 110
03-19 17:36:23.176   776 20067 E C2MtkVdec: [0xEA009900] fetch graphic block err = 110
03-19 17:36:23.189   776 20251 E C2MtkVdec: [0xEA7E7100] fetch graphic block err = 110
03-19 17:36:23.276   776 20205 E C2MtkVdec: [0xEAC61400] fetch graphic block err = 110
03-19 17:36:23.276   776 21911 E C2MtkVdec: [0xE9169300] fetch graphic block err = 110
03-19 17:36:23.276   776 20112 E C2MtkVdec: [0xE953A600] fetch graphic block err = 110
03-19 17:36:23.276   776 20067 E C2MtkVdec: [0xEA009900] fetch graphic block err = 110
03-19 17:36:23.290   776 20251 E C2MtkVdec: [0xEA7E7100] fetch graphic block err = 110
03-19 17:36:23.376   776 21911 E C2MtkVdec: [0xE9169300] fetch graphic block err = 110
03-19 17:36:23.376   776 20205 E C2MtkVdec: [0xEAC61400] fetch graphic block err = 110
03-19 17:36:23.376   776 20112 E C2MtkVdec: [0xE953A600] fetch graphic block err = 110
03-19 17:36:23.377   776 20067 E C2MtkVdec: [0xEA009900] fetch graphic block err = 110
03-19 17:36:23.390   776 20251 E C2MtkVdec: [0xEA7E7100] fetch graphic block err = 110
03-19 17:36:23.477   776 21911 E C2MtkVdec: [0xE9169300] fetch graphic block err = 110
03-19 17:36:23.477   776 20205 E C2MtkVdec: [0xEAC61400] fetch graphic block err = 110
03-19 17:36:23.477   776 20112 E C2MtkVdec: [0xE953A600] fetch graphic block err = 110
03-19 17:36:23.477   776 20067 E C2MtkVdec: [0xEA009900] fetch graphic block err = 110
03-19 17:36:23.491   776 20251 E C2MtkVdec: [0xEA7E7100] fetch graphic block err = 110
03-19 17:36:23.577   776 20205 E C2MtkVdec: [0xEAC61400] fetch graphic block err = 110
03-19 17:36:23.577   776 21911 E C2MtkVdec: [0xE9169300] fetch graphic block err = 110
03-19 17:36:23.577   776 20067 E C2MtkVdec: [0xEA009900] fetch graphic block err = 110
03-19 17:36:23.577   776 20112 E C2MtkVdec: [0xE953A600] fetch graphic block err = 110
03-19 17:36:23.591   776 20251 E C2MtkVdec: [0xEA7E7100] fetch graphic block err = 110
03-19 17:36:23.651  1702  1702 I WifiHAL : Get link layer stats
03-19 17:36:23.651  1702  1702 I WifiHAL : GetLinkStatsCommand::create
03-19 17:36:23.652  1702  1702 I android.hardware.wifi@1.0-service-lazy: WifiCommand::requestResponse err=-14
03-19 17:36:23.652  1702  1702 I WifiHAL : wifi_get_link_stats: result=-1
03-19 17:36:23.654  1432  1639 E WifiVendorHal: getWifiLinkLayerStats_1_5_Internal(l.1176) failed {.code = ERROR_UNKNOWN, .description = unknown}
03-19 17:36:23.677   776 20205 E C2MtkVdec: [0xEAC61400] fetch graphic block err = 110
03-19 17:36:23.677   776 21911 E C2MtkVdec: [0xE9169300] fetch graphic block err = 110
03-19 17:36:23.678   776 20112 E C2MtkVdec: [0xE953A600] fetch graphic block err = 110
03-19 17:36:23.678   776 20067 E C2MtkVdec: [0xEA009900] fetch graphic block err = 110
03-19 17:36:23.691   776 20251 E C2MtkVdec: [0xEA7E7100] fetch graphic block err = 110
03-19 17:36:23.701   776 20209 W C2BqBuffer: last successful dequeue was 205931215118 us ago, 0 consecutive failures
03-19 17:36:23.778   776 20205 E C2MtkVdec: [0xEAC61400] fetch graphic block err = 110
03-19 17:36:23.778   776 21911 E C2MtkVdec: [0xE9169300] fetch graphic block err = 110
03-19 17:36:23.778   776 20112 E C2MtkVdec: [0xE953A600] fetch graphic block err = 110
03-19 17:36:23.779   776 20067 E C2MtkVdec: [0xEA009900] fetch graphic block err = 110
03-19 17:36:23.792   776 20251 E C2MtkVdec: [0xEA7E7100] fetch graphic block err = 110
03-19 17:36:23.878   776 20112 E C2MtkVdec: [0xE953A600] fetch graphic block err = 110
03-19 17:36:23.878   776 21911 E C2MtkVdec: [0xE9169300] fetch graphic block err = 110
03-19 17:36:23.878   776 20205 E C2MtkVdec: [0xEAC61400] fetch graphic block err = 110
03-19 17:36:23.879   776 20067 E C2MtkVdec: [0xEA009900] fetch graphic block err = 110
03-19 17:36:23.892   776 20251 E C2MtkVdec: [0xEA7E7100] fetch graphic block err = 110
03-19 17:36:23.979   776 20112 E C2MtkVdec: [0xE953A600] fetch graphic block err = 110
03-19 17:36:23.979   776 20205 E C2MtkVdec: [0xEAC61400] fetch graphic block err = 110
03-19 17:36:23.979   776 21911 E C2MtkVdec: [0xE9169300] fetch graphic block err = 110
03-19 17:36:23.980   776 20067 E C2MtkVdec: [0xEA009900] fetch graphic block err = 110
03-19 17:36:23.993   776 20251 E C2MtkVdec: [0xEA7E7100] fetch graphic block err = 110
03-19 17:36:24.079   776 20112 E C2MtkVdec: [0xE953A600] fetch graphic block err = 110
03-19 17:36:24.079   776 20205 E C2MtkVdec: [0xEAC61400] fetch graphic block err = 110
03-19 17:36:24.079   776 21911 E C2MtkVdec: [0xE9169300] fetch graphic block err = 110
03-19 17:36:24.080   776 20067 E C2MtkVdec: [0xEA009900] fetch graphic block err = 110
03-19 17:36:24.093   776 20251 E C2MtkVdec: [0xEA7E7100] fetch graphic block err = 110
03-19 17:36:24.180   776 20112 E C2MtkVdec: [0xE953A600] fetch graphic block err = 110
03-19 17:36:24.180   776 21911 E C2MtkVdec: [0xE9169300] fetch graphic block err = 110
03-19 17:36:24.180   776 20205 E C2MtkVdec: [0xEAC61400] fetch graphic block err = 110
03-19 17:36:24.180   776 20067 E C2MtkVdec: [0xEA009900] fetch graphic block err = 110
03-19 17:36:24.194   776 20251 E C2MtkVdec: [0xEA7E7100] fetch graphic block err = 110
03-19 17:36:24.194   776 20251 E VDO_LOG : ### +VDEC_DRV_GET_TYPE_GET_PIXEL_FORMAT
03-19 17:36:24.194   776 20251 E VDO_LOG : [Info] get updated pixel format:  4
03-19 17:36:24.230   807   807 I BufferQueueProducer: [StatusBar#77](this:0xf3744cdc,id:-1,api:0,p:-1,c:807) queueBuffer: fps=0.66 dur=3018.14 max=2023.18 min=994.97
03-19 17:36:24.234   774   774 I hwcomposer: [HWCDisplay] [Display_0 (type:1)] fps:0.662615,dur:3018.34,max:2023.73,min:994.61  
03-19 17:36:24.280   776 20112 E C2MtkVdec: [0xE953A600] fetch graphic block err = 110
03-19 17:36:24.280   776 21911 E C2MtkVdec: [0xE9169300] fetch graphic block err = 110
03-19 17:36:24.280   776 20205 E C2MtkVdec: [0xEAC61400] fetch graphic block err = 110
03-19 17:36:24.281   776 21911 E VDO_LOG : ### +VDEC_DRV_GET_TYPE_GET_PIXEL_FORMAT
03-19 17:36:24.281   776 21911 E VDO_LOG : [Info] get updated pixel format:  4
03-19 17:36:24.281   776 20067 E C2MtkVdec: [0xEA009900] fetch graphic block err = 110
03-19 17:36:24.295   776 20251 E C2MtkVdec: [0xEA7E7100] fetch graphic block err = 110
03-19 17:36:24.381   776 20112 E C2MtkVdec: [0xE953A600] fetch graphic block err = 110
03-19 17:36:24.380   776 20205 E C2MtkVdec: [0xEAC61400] fetch graphic block err = 110
03-19 17:36:24.381   776 20067 E C2MtkVdec: [0xEA009900] fetch graphic block err = 110
03-19 17:36:24.382   776 21911 E C2MtkVdec: [0xE9169300] fetch graphic block err = 110
03-19 17:36:24.396   776 20251 E C2MtkVdec: [0xEA7E7100] fetch graphic block err = 110
03-19 17:36:24.481   776 20205 E C2MtkVdec: [0xEAC61400] fetch graphic block err = 110
03-19 17:36:24.481   776 20112 E C2MtkVdec: [0xE953A600] fetch graphic block err = 110
03-19 17:36:24.481   776 20067 E C2MtkVdec: [0xEA009900] fetch graphic block err = 110
03-19 17:36:24.482   776 21911 E C2MtkVdec: [0xE9169300] fetch graphic block err = 110
03-19 17:36:24.496   776 20251 E C2MtkVdec: [0xEA7E7100] fetch graphic block err = 110
03-19 17:36:24.581   776 20112 E C2MtkVdec: [0xE953A600] fetch graphic block err = 110
03-19 17:36:24.581   776 20205 E C2MtkVdec: [0xEAC61400] fetch graphic block err = 110
03-19 17:36:24.582   776 20067 E C2MtkVdec: [0xEA009900] fetch graphic block err = 110
03-19 17:36:24.583   776 21911 E C2MtkVdec: [0xE9169300] fetch graphic block err = 110
03-19 17:36:24.597   776 20251 E C2MtkVdec: [0xEA7E7100] fetch graphic block err = 110
03-19 17:36:24.682   776 20205 E C2MtkVdec: [0xEAC61400] fetch graphic block err = 110
03-19 17:36:24.682   776 20067 E C2MtkVdec: [0xEA009900] fetch graphic block err = 110
03-19 17:36:24.682   776 20112 E C2MtkVdec: [0xE953A600] fetch graphic block err = 110
03-19 17:36:24.683   776 21911 E C2MtkVdec: [0xE9169300] fetch graphic block err = 110
03-19 17:36:24.697   776 20251 E C2MtkVdec: [0xEA7E7100] fetch graphic block err = 110
03-19 17:36:24.782   776 20205 E C2MtkVdec: [0xEAC61400] fetch graphic block err = 110
03-19 17:36:24.782   776 20112 E C2MtkVdec: [0xE953A600] fetch graphic block err = 110
03-19 17:36:24.783   776 20067 E C2MtkVdec: [0xEA009900] fetch graphic block err = 110
03-19 17:36:24.783   776 21911 E C2MtkVdec: [0xE9169300] fetch graphic block err = 110
03-19 17:36:24.797   776 20251 E C2MtkVdec: [0xEA7E7100] fetch graphic block err = 110
03-19 17:36:24.883   776 20205 E C2MtkVdec: [0xEAC61400] fetch graphic block err = 110
03-19 17:36:24.883   776 20112 E C2MtkVdec: [0xE953A600] fetch graphic block err = 110
03-19 17:36:24.883   776 20067 E C2MtkVdec: [0xEA009900] fetch graphic block err = 110
03-19 17:36:24.884   776 21911 E C2MtkVdec: [0xE9169300] fetch graphic block err = 110
03-19 17:36:24.898   776 20251 E C2MtkVdec: [0xEA7E7100] fetch graphic block err = 110
03-19 17:36:24.900   776 21915 W C2BqBuffer: last successful dequeue was 22004241225 us ago, 0 consecutive failures
03-19 17:36:24.983   776 20205 E C2MtkVdec: [0xEAC61400] fetch graphic block err = 110
03-19 17:36:24.983   776 20112 E C2MtkVdec: [0xE953A600] fetch graphic block err = 110
03-19 17:36:24.984   776 20067 E C2MtkVdec: [0xEA009900] fetch graphic block err = 110
03-19 17:36:24.984   776 21911 E C2MtkVdec: [0xE9169300] fetch graphic block err = 110
03-19 17:36:24.998   776 20251 E C2MtkVdec: [0xEA7E7100] fetch graphic block err = 110
03-19 17:36:25.084   776 20112 E C2MtkVdec: [0xE953A600] fetch graphic block err = 110
03-19 17:36:25.084   776 20205 E C2MtkVdec: [0xEAC61400] fetch graphic block err = 110
03-19 17:36:25.084   776 20067 E C2MtkVdec: [0xEA009900] fetch graphic block err = 110
03-19 17:36:25.084   776 20205 E VDO_LOG : ### +VDEC_DRV_GET_TYPE_GET_PIXEL_FORMAT
03-19 17:36:25.084   776 20205 E VDO_LOG : [Info] get updated pixel format:  4
03-19 17:36:25.084   776 21911 E C2MtkVdec: [0xE9169300] fetch graphic block err = 110
03-19 17:36:25.099   776 20251 E C2MtkVdec: [0xEA7E7100] fetch graphic block err = 110
03-19 17:36:25.184   776 20112 E C2MtkVdec: [0xE953A600] fetch graphic block err = 110
03-19 17:36:25.185   776 20112 E VDO_LOG : ### +VDEC_DRV_GET_TYPE_GET_PIXEL_FORMAT
03-19 17:36:25.185   776 21911 E C2MtkVdec: [0xE9169300] fetch graphic block err = 110
03-19 17:36:25.185   776 20112 E VDO_LOG : [Info] get updated pixel format:  4
03-19 17:36:25.185   776 20067 E C2MtkVdec: [0xEA009900] fetch graphic block err = 110
03-19 17:36:25.186   776 20205 E C2MtkVdec: [0xEAC61400] fetch graphic block err = 110
03-19 17:36:25.199   776 20251 E C2MtkVdec: [0xEA7E7100] fetch graphic block err = 110
03-19 17:36:25.285   776 21911 E C2MtkVdec: [0xE9169300] fetch graphic block err = 110
03-19 17:36:25.286   776 20067 E C2MtkVdec: [0xEA009900] fetch graphic block err = 110
03-19 17:36:25.286   776 20112 E C2MtkVdec: [0xE953A600] fetch graphic block err = 110
03-19 17:36:25.286   776 20205 E C2MtkVdec: [0xEAC61400] fetch graphic block err = 110
03-19 17:36:25.299   776 20251 E C2MtkVdec: [0xEA7E7100] fetch graphic block err = 110
03-19 17:36:25.386   776 21911 E C2MtkVdec: [0xE9169300] fetch graphic block err = 110
03-19 17:36:25.386   776 20067 E C2MtkVdec: [0xEA009900] fetch graphic block err = 110
03-19 17:36:25.386   776 20112 E C2MtkVdec: [0xE953A600] fetch graphic block err = 110
03-19 17:36:25.386   776 20205 E C2MtkVdec: [0xEAC61400] fetch graphic block err = 110
03-19 17:36:25.400   776 20251 E C2MtkVdec: [0xEA7E7100] fetch graphic block err = 110
03-19 17:36:25.486   776 21911 E C2MtkVdec: [0xE9169300] fetch graphic block err = 110
03-19 17:36:25.487   776 20067 E C2MtkVdec: [0xEA009900] fetch graphic block err = 110
03-19 17:36:25.487   776 20112 E C2MtkVdec: [0xE953A600] fetch graphic block err = 110
03-19 17:36:25.487   776 20205 E C2MtkVdec: [0xEAC61400] fetch graphic block err = 110
03-19 17:36:25.500   776 20251 E C2MtkVdec: [0xEA7E7100] fetch graphic block err = 110
03-19 17:36:25.587   776 21911 E C2MtkVdec: [0xE9169300] fetch graphic block err = 110
03-19 17:36:25.587   776 20067 E C2MtkVdec: [0xEA009900] fetch graphic block err = 110
03-19 17:36:25.587   776 20205 E C2MtkVdec: [0xEAC61400] fetch graphic block err = 110
03-19 17:36:25.587   776 20112 E C2MtkVdec: [0xE953A600] fetch graphic block err = 110
03-19 17:36:25.588   776 20067 E VDO_LOG : ### +VDEC_DRV_GET_TYPE_GET_PIXEL_FORMAT
03-19 17:36:25.588   776 20067 E VDO_LOG : [Info] get updated pixel format:  4
03-19 17:36:25.601   776 20251 E C2MtkVdec: [0xEA7E7100] fetch graphic block err = 110
03-19 17:36:25.687   776 21911 E C2MtkVdec: [0xE9169300] fetch graphic block err = 110
03-19 17:36:25.688   776 20205 E C2MtkVdec: [0xEAC61400] fetch graphic block err = 110
03-19 17:36:25.688   776 20112 E C2MtkVdec: [0xE953A600] fetch graphic block err = 110
03-19 17:36:25.689   776 20067 E C2MtkVdec: [0xEA009900] fetch graphic block err = 110
03-19 17:36:25.701   776 20251 E C2MtkVdec: [0xEA7E7100] fetch graphic block err = 110
03-19 17:36:25.722   776 20071 W C2BqBuffer: last successful dequeue was 68164805590 us ago, 0 consecutive failures
03-19 17:36:25.741   776 11841 W C2BqBuffer: last successful dequeue was 135928525383 us ago, 0 consecutive failures
03-19 17:36:25.786   776 20255 W C2BqBuffer: last successful dequeue was 205933010692 us ago, 0 consecutive failures
03-19 17:36:25.788   776 21911 E C2MtkVdec: [0xE9169300] fetch graphic block err = 110
03-19 17:36:25.788   776 20205 E C2MtkVdec: [0xEAC61400] fetch graphic block err = 110
03-19 17:36:25.788   776 20112 E C2MtkVdec: [0xE953A600] fetch graphic block err = 110
03-19 17:36:25.790   776 20067 E C2MtkVdec: [0xEA009900] fetch graphic block err = 110
03-19 17:36:25.802   776 20251 E C2MtkVdec: [0xEA7E7100] fetch graphic block err = 110
03-19 17:36:25.888   776 20205 E C2MtkVdec: [0xEAC61400] fetch graphic block err = 110
03-19 17:36:25.888   776 21911 E C2MtkVdec: [0xE9169300] fetch graphic block err = 110
03-19 17:36:25.888   776 20112 E C2MtkVdec: [0xE953A600] fetch graphic block err = 110
03-19 17:36:25.890   776 20067 E C2MtkVdec: [0xEA009900] fetch graphic block err = 110
03-19 17:36:25.902   776 20251 E C2MtkVdec: [0xEA7E7100] fetch graphic block err = 110
03-19 17:36:25.989   776 21911 E C2MtkVdec: [0xE9169300] fetch graphic block err = 110
03-19 17:36:25.989   776 20112 E C2MtkVdec: [0xE953A600] fetch graphic block err = 110
03-19 17:36:25.989   776 20205 E C2MtkVdec: [0xEAC61400] fetch graphic block err = 110
03-19 17:36:25.990   776 20067 E C2MtkVdec: [0xEA009900] fetch graphic block err = 110
03-19 17:36:26.003   776 20251 E C2MtkVdec: [0xEA7E7100] fetch graphic block err = 110
03-19 17:36:26.089   776 20205 E C2MtkVdec: [0xEAC61400] fetch graphic block err = 110
03-19 17:36:26.089   776 20112 E C2MtkVdec: [0xE953A600] fetch graphic block err = 110
03-19 17:36:26.089   776 21911 E C2MtkVdec: [0xE9169300] fetch graphic block err = 110
03-19 17:36:26.090   776 20067 E C2MtkVdec: [0xEA009900] fetch graphic block err = 110
03-19 17:36:26.103   776 20251 E C2MtkVdec: [0xEA7E7100] fetch graphic block err = 110
03-19 17:36:26.111   776 20116 W C2BqBuffer: last successful dequeue was 68164715464 us ago, 0 consecutive failures
03-19 17:36:26.190   776 20205 E C2MtkVdec: [0xEAC61400] fetch graphic block err = 110
03-19 17:36:26.190   776 20112 E C2MtkVdec: [0xE953A600] fetch graphic block err = 110
03-19 17:36:26.190   776 21911 E C2MtkVdec: [0xE9169300] fetch graphic block err = 110
03-19 17:36:26.191   776 20067 E C2MtkVdec: [0xEA009900] fetch graphic block err = 110
03-19 17:36:26.203   776 20251 E C2MtkVdec: [0xEA7E7100] fetch graphic block err = 110
03-19 17:36:26.237   807   807 I BufferQueueProducer: [StatusBar#77](this:0xf3744cdc,id:-1,api:0,p:-1,c:807) queueBuffer: fps=0.50 dur=2006.79 max=2006.79 min=2006.79
03-19 17:36:26.240   774   774 I hwcomposer: [HWCDisplay] [Display_0 (type:1)] fps:0.498377,dur:2006.51,max:2006.51,min:2006.51  
03-19 17:36:26.290   776 21911 E C2MtkVdec: [0xE9169300] fetch graphic block err = 110
03-19 17:36:26.290   776 20205 E C2MtkVdec: [0xEAC61400] fetch graphic block err = 110
03-19 17:36:26.290   776 20112 E C2MtkVdec: [0xE953A600] fetch graphic block err = 110
03-19 17:36:26.291   776 20067 E C2MtkVdec: [0xEA009900] fetch graphic block err = 110
03-19 17:36:26.304   776 20251 E C2MtkVdec: [0xEA7E7100] fetch graphic block err = 110
03-19 17:36:26.372   807   807 I BufferQueueProducer: [com.gogo.launcher/com.android.launcher3.Launcher3QuickStepGo#28894](this:0xf398acdc,id:-1,api:0,p:-1,c:807) queueBuffer: fps=0.14 dur=6997.33 max=6997.33 min=6997.33
03-19 17:36:26.391   776 20205 E C2MtkVdec: [0xEAC61400] fetch graphic block err = 110
03-19 17:36:26.391   776 21911 E C2MtkVdec: [0xE9169300] fetch graphic block err = 110
03-19 17:36:26.391   776 20112 E C2MtkVdec: [0xE953A600] fetch graphic block err = 110
03-19 17:36:26.391   776 20067 E C2MtkVdec: [0xEA009900] fetch graphic block err = 110
03-19 17:36:26.404   776 20251 E C2MtkVdec: [0xEA7E7100] fetch graphic block err = 110
03-19 17:36:26.491   776 21911 E C2MtkVdec: [0xE9169300] fetch graphic block err = 110
03-19 17:36:26.491   776 20112 E C2MtkVdec: [0xE953A600] fetch graphic block err = 110
03-19 17:36:26.491   776 20205 E C2MtkVdec: [0xEAC61400] fetch graphic block err = 110
03-19 17:36:26.492   776 20067 E C2MtkVdec: [0xEA009900] fetch graphic block err = 110
03-19 17:36:26.505   776 20251 E C2MtkVdec: [0xEA7E7100] fetch graphic block err = 110
03-19 17:36:26.591   776 21911 E C2MtkVdec: [0xE9169300] fetch graphic block err = 110
03-19 17:36:26.591   776 20112 E C2MtkVdec: [0xE953A600] fetch graphic block err = 110
03-19 17:36:26.591   776 20205 E C2MtkVdec: [0xEAC61400] fetch graphic block err = 110
03-19 17:36:26.592   776 20067 E C2MtkVdec: [0xEA009900] fetch graphic block err = 110
03-19 17:36:26.607   776 20251 E C2MtkVdec: [0xEA7E7100] fetch graphic block err = 110
03-19 17:36:26.675  1702  1702 I WifiHAL : Get link layer stats
03-19 17:36:26.675  1702  1702 I WifiHAL : GetLinkStatsCommand::create
03-19 17:36:26.676  1702  1702 I android.hardware.wifi@1.0-service-lazy: WifiCommand::requestResponse err=-14
03-19 17:36:26.676  1702  1702 I WifiHAL : wifi_get_link_stats: result=-1
03-19 17:36:26.678  1432  1639 E WifiVendorHal: getWifiLinkLayerStats_1_5_Internal(l.1176) failed {.code = ERROR_UNKNOWN, .description = unknown}
03-19 17:36:26.692   776 20205 E C2MtkVdec: [0xEAC61400] fetch graphic block err = 110
03-19 17:36:26.692   776 21911 E C2MtkVdec: [0xE9169300] fetch graphic block err = 110
03-19 17:36:26.692   776 20112 E C2MtkVdec: [0xE953A600] fetch graphic block err = 110
03-19 17:36:26.692   776 20067 E C2MtkVdec: [0xEA009900] fetch graphic block err = 110
03-19 17:36:26.708   776 20251 E C2MtkVdec: [0xEA7E7100] fetch graphic block err = 110
03-19 17:36:26.792   776 21911 E C2MtkVdec: [0xE9169300] fetch graphic block err = 110
03-19 17:36:26.792   776 20205 E C2MtkVdec: [0xEAC61400] fetch graphic block err = 110
03-19 17:36:26.792   776 20112 E C2MtkVdec: [0xE953A600] fetch graphic block err = 110
03-19 17:36:26.792   776 20067 E C2MtkVdec: [0xEA009900] fetch graphic block err = 110
03-19 17:36:26.808   776 20251 E C2MtkVdec: [0xEA7E7100] fetch graphic block err = 110
03-19 17:36:26.893   776 21911 E C2MtkVdec: [0xE9169300] fetch graphic block err = 110
03-19 17:36:26.893   776 20205 E C2MtkVdec: [0xEAC61400] fetch graphic block err = 110
03-19 17:36:26.893   776 20067 E C2MtkVdec: [0xEA009900] fetch graphic block err = 110
03-19 17:36:26.893   776 20112 E C2MtkVdec: [0xE953A600] fetch graphic block err = 110
03-19 17:36:26.909   776 20251 E C2MtkVdec: [0xEA7E7100] fetch graphic block err = 110
03-19 17:36:26.993   776 21911 E C2MtkVdec: [0xE9169300] fetch graphic block err = 110
03-19 17:36:26.993   776 20067 E C2MtkVdec: [0xEA009900] fetch graphic block err = 110
03-19 17:36:26.994   776 20112 E C2MtkVdec: [0xE953A600] fetch graphic block err = 110
03-19 17:36:26.994   776 20205 E C2MtkVdec: [0xEAC61400] fetch graphic block err = 110
03-19 17:36:27.009   776 20251 E C2MtkVdec: [0xEA7E7100] fetch graphic block err = 110
03-19 17:36:27.094   776 21911 E C2MtkVdec: [0xE9169300] fetch graphic block err = 110
03-19 17:36:27.094   776 20067 E C2MtkVdec: [0xEA009900] fetch graphic block err = 110
03-19 17:36:27.094   776 20112 E C2MtkVdec: [0xE953A600] fetch graphic block err = 110
03-19 17:36:27.094   776 20205 E C2MtkVdec: [0xEAC61400] fetch graphic block err = 110
03-19 17:36:27.109   776 20251 E C2MtkVdec: [0xEA7E7100] fetch graphic block err = 110
03-19 17:36:27.194   776 21911 E C2MtkVdec: [0xE9169300] fetch graphic block err = 110
03-19 17:36:27.194   776 20067 E C2MtkVdec: [0xEA009900] fetch graphic block err = 110
03-19 17:36:27.195   776 20112 E C2MtkVdec: [0xE953A600] fetch graphic block err = 110
03-19 17:36:27.195   776 20205 E C2MtkVdec: [0xEAC61400] fetch graphic block err = 110
03-19 17:36:27.210   776 20251 E C2MtkVdec: [0xEA7E7100] fetch graphic block err = 110
03-19 17:36:27.210   776 20251 E VDO_LOG : ### +VDEC_DRV_GET_TYPE_GET_PIXEL_FORMAT
03-19 17:36:27.210   776 20251 E VDO_LOG : [Info] get updated pixel format:  4
03-19 17:36:27.295   776 20067 E C2MtkVdec: [0xEA009900] fetch graphic block err = 110
03-19 17:36:27.295   776 21911 E C2MtkVdec: [0xE9169300] fetch graphic block err = 110
03-19 17:36:27.295   776 21911 E VDO_LOG : ### +VDEC_DRV_GET_TYPE_GET_PIXEL_FORMAT
03-19 17:36:27.295   776 21911 E VDO_LOG : [Info] get updated pixel format:  4
03-19 17:36:27.295   776 20205 E C2MtkVdec: [0xEAC61400] fetch graphic block err = 110
03-19 17:36:27.296   776 20112 E C2MtkVdec: [0xE953A600] fetch graphic block err = 110
03-19 17:36:27.299   807   807 I BufferQueueProducer: [StatusBar#77](this:0xf3744cdc,id:-1,api:0,p:-1,c:807) queueBuffer: fps=0.94 dur=1061.99 max=1061.99 min=1061.99
03-19 17:36:27.302   774   774 I hwcomposer: [HWCDisplay] [Display_0 (type:1)] fps:1.883196,dur:1062.02,max:927.11,min:134.92  
03-19 17:36:27.311   776 20251 E C2MtkVdec: [0xEA7E7100] fetch graphic block err = 110
03-19 17:36:27.334  1432  4176 W ContextImpl: Calling a method in the system process without a qualified user: android.app.ContextImpl.sendBroadcastMultiplePermissions:1222 com.android.server.TelephonyRegistry.broadcastServiceStateChanged:3113 com.android.server.TelephonyRegistry.notifyServiceStateForPhoneId:1641 com.android.internal.telephony.ITelephonyRegistry$Stub.onTransact:492 android.os.Binder.execTransactInternal:1280 
03-19 17:36:27.336  1432  4176 W ContextImpl: Calling a method in the system process without a qualified user: android.app.ContextImpl.sendBroadcastMultiplePermissions:1272 android.content.Context.sendBroadcastMultiplePermissions:2272 com.android.server.TelephonyRegistry.broadcastServiceStateChanged:3117 com.android.server.TelephonyRegistry.notifyServiceStateForPhoneId:1641 com.android.internal.telephony.ITelephonyRegistry$Stub.onTransact:492 
03-19 17:36:27.336  1432  1466 W BroadcastQueue: Permission Denial: receiving Intent { act=android.intent.action.SERVICE_STATE flg=0x1000010 (has extras) } to ProcessRecord{4a2b10e 1718:com.android.systemui/u0a157} (pid=1718, uid=10157) requires android.permission.ACCESS_FINE_LOCATION due to sender android (uid 1001)
03-19 17:36:27.338  1432  1466 W BroadcastQueue: Permission Denial: receiving Intent { act=android.intent.action.SERVICE_STATE flg=0x1000010 (has extras) } to com.google.android.cellbroadcastreceiver/com.android.cellbroadcastreceiver.CellBroadcastReceiver requires android.permission.READ_PHONE_STATE due to sender android (uid 1001)
03-19 17:36:27.339 24368 25200 I BugleTransport: Enabled chat transport is TRANSPORT_TACHYGRAM [CONTEXT group_by="TRANSPORT_TACHYGRAM" ratelimit_period="5 SECONDS" skipped=2 ]
03-19 17:36:27.340  1432  1466 W BroadcastQueue: Permission Denial: receiving Intent { act=android.intent.action.SERVICE_STATE flg=0x1000010 (has extras) } to ProcessRecord{4a2b10e 1718:com.android.systemui/u0a157} (pid=1718, uid=10157) requires android.permission.ACCESS_FINE_LOCATION due to sender android (uid 1001)
03-19 17:36:27.340  1432  4176 W ContextImpl: Calling a method in the system process without a qualified user: android.app.ContextImpl.sendBroadcastMultiplePermissions:1272 android.content.Context.sendBroadcastMultiplePermissions:2272 com.android.server.TelephonyRegistry.broadcastServiceStateChanged:3124 com.android.server.TelephonyRegistry.notifyServiceStateForPhoneId:1641 com.android.internal.telephony.ITelephonyRegistry$Stub.onTransact:492 
03-19 17:36:27.340  1432  1466 W BroadcastQueue: Appop Denial: receiving Intent { act=android.intent.action.SERVICE_STATE flg=0x1000010 (has extras) } to ProcessRecord{35934b5 1432:system/1000} (pid=1432, uid=1000) excludes appop android:read_phone_state due to sender android (uid 1001)
03-19 17:36:27.341  1432  1466 W BroadcastQueue: Appop Denial: receiving Intent { act=android.intent.action.SERVICE_STATE flg=0x1000010 (has extras) } to ProcessRecord{bf96670 1869:com.android.phone/1001} (pid=1869, uid=1001) excludes appop android:read_phone_state due to sender android (uid 1001)
03-19 17:36:27.341  1432  1466 W BroadcastQueue: Permission Denial: receiving Intent { act=android.intent.action.SERVICE_STATE flg=0x1000010 (has extras) } to com.google.android.cellbroadcastreceiver/com.android.cellbroadcastreceiver.CellBroadcastReceiver requires android.permission.ACCESS_FINE_LOCATION due to sender android (uid 1001)
03-19 17:36:27.342 24368 25200 I ChatReadinessManagerImp: processRcsReadinessReason: Current ChatTransportType is: 2, ready: true
03-19 17:36:27.343  1432  4176 W ContextImpl: Calling a method in the system process without a qualified user: android.app.ContextImpl.sendBroadcastMultiplePermissions:1272 android.content.Context.sendBroadcastMultiplePermissions:2272 com.android.server.TelephonyRegistry.broadcastServiceStateChanged:3128 com.android.server.TelephonyRegistry.notifyServiceStateForPhoneId:1641 com.android.internal.telephony.ITelephonyRegistry$Stub.onTransact:492 
03-19 17:36:27.343 24368 25200 I ChatReadinessManagerImp: shouldLaunchPostReadyWork is false. Returning from the method
03-19 17:36:27.344  1432  1466 W BroadcastQueue: Appop Denial: receiving Intent { act=android.intent.action.SERVICE_STATE flg=0x1000010 (has extras) } to ProcessRecord{35934b5 1432:system/1000} (pid=1432, uid=1000) excludes appop android:fine_location due to sender android (uid 1001)
03-19 17:36:27.345  1432  1466 W BroadcastQueue: Appop Denial: receiving Intent { act=android.intent.action.SERVICE_STATE flg=0x1000010 (has extras) } to ProcessRecord{bf96670 1869:com.android.phone/1001} (pid=1869, uid=1001) excludes appop android:fine_location due to sender android (uid 1001)
03-19 17:36:27.345  1432  1466 W BroadcastQueue: Permission Denial: receiving Intent { act=android.intent.action.SERVICE_STATE flg=0x1000010 (has extras) } to com.google.android.cellbroadcastreceiver/com.android.cellbroadcastreceiver.CellBroadcastReceiver requires android.permission.READ_PHONE_STATE due to sender android (uid 1001)
03-19 17:36:27.348  1432  1466 W BroadcastQueue: Appop Denial: receiving Intent { act=android.intent.action.SERVICE_STATE flg=0x1000010 (has extras) } to ProcessRecord{4a2b10e 1718:com.android.systemui/u0a157} (pid=1718, uid=10157) excludes appop android:read_phone_state due to sender android (uid 1001)
03-19 17:36:27.348  1432  1466 W BroadcastQueue: Appop Denial: receiving Intent { act=android.intent.action.SERVICE_STATE flg=0x1000010 (has extras) } to ProcessRecord{35934b5 1432:system/1000} (pid=1432, uid=1000) excludes appop android:read_phone_state due to sender android (uid 1001)
03-19 17:36:27.349  1432  1466 W BroadcastQueue: Appop Denial: receiving Intent { act=android.intent.action.SERVICE_STATE flg=0x1000010 (has extras) } to ProcessRecord{bf96670 1869:com.android.phone/1001} (pid=1869, uid=1001) excludes appop android:read_phone_state due to sender android (uid 1001)
03-19 17:36:27.371  1432  1467 I ActivityManager: Start proc 25201:com.google.android.cellbroadcastreceiver/u0a170 for broadcast {com.google.android.cellbroadcastreceiver/com.android.cellbroadcastreceiver.CellBroadcastReceiver}
03-19 17:36:27.395   776 20067 E C2MtkVdec: [0xEA009900] fetch graphic block err = 110
03-19 17:36:27.396   776 20205 E C2MtkVdec: [0xEAC61400] fetch graphic block err = 110
03-19 17:36:27.396   776 21911 E C2MtkVdec: [0xE9169300] fetch graphic block err = 110
03-19 17:36:27.396   776 20112 E C2MtkVdec: [0xE953A600] fetch graphic block err = 110
03-19 17:36:27.396 25201 25201 I oadcastreceiver: Using CollectorTypeCC GC.
03-19 17:36:27.404 25201 25201 E oadcastreceiver: Not starting debugger since process cannot load the jdwp agent.
03-19 17:36:27.412   776 20251 E C2MtkVdec: [0xEA7E7100] fetch graphic block err = 110
03-19 17:36:27.421 25201 25201 I ActivityThread: Relaunch all activities: onCoreSettingsChange
03-19 17:36:27.467  1432  4176 W ContextImpl: Calling a method in the system process without a qualified user: android.app.ContextImpl.sendBroadcastMultiplePermissions:1222 com.android.server.TelephonyRegistry.broadcastServiceStateChanged:3113 com.android.server.TelephonyRegistry.notifyServiceStateForPhoneId:1641 com.android.internal.telephony.ITelephonyRegistry$Stub.onTransact:492 android.os.Binder.execTransactInternal:1280 
03-19 17:36:27.469  1432  1466 W BroadcastQueue: Permission Denial: receiving Intent { act=android.intent.action.SERVICE_STATE flg=0x1000010 (has extras) } to ProcessRecord{4a2b10e 1718:com.android.systemui/u0a157} (pid=1718, uid=10157) requires android.permission.ACCESS_FINE_LOCATION due to sender android (uid 1001)
03-19 17:36:27.469  1432  4176 W ContextImpl: Calling a method in the system process without a qualified user: android.app.ContextImpl.sendBroadcastMultiplePermissions:1272 android.content.Context.sendBroadcastMultiplePermissions:2272 com.android.server.TelephonyRegistry.broadcastServiceStateChanged:3117 com.android.server.TelephonyRegistry.notifyServiceStateForPhoneId:1641 com.android.internal.telephony.ITelephonyRegistry$Stub.onTransact:492 
03-19 17:36:27.472  1432  1466 W BroadcastQueue: Permission Denial: receiving Intent { act=android.intent.action.SERVICE_STATE flg=0x1000010 (has extras) } to ProcessRecord{4a2b10e 1718:com.android.systemui/u0a157} (pid=1718, uid=10157) requires android.permission.ACCESS_FINE_LOCATION due to sender android (uid 1001)
03-19 17:36:27.472 24368 25200 I ChatReadinessManagerImp: processRcsReadinessReason: Current ChatTransportType is: 2, ready: true
03-19 17:36:27.472  1432  1466 W BroadcastQueue: Appop Denial: receiving Intent { act=android.intent.action.SERVICE_STATE flg=0x1000010 (has extras) } to ProcessRecord{35934b5 1432:system/1000} (pid=1432, uid=1000) excludes appop android:read_phone_state due to sender android (uid 1001)
03-19 17:36:27.472  1432  4176 W ContextImpl: Calling a method in the system process without a qualified user: android.app.ContextImpl.sendBroadcastMultiplePermissions:1272 android.content.Context.sendBroadcastMultiplePermissions:2272 com.android.server.TelephonyRegistry.broadcastServiceStateChanged:3124 com.android.server.TelephonyRegistry.notifyServiceStateForPhoneId:1641 com.android.internal.telephony.ITelephonyRegistry$Stub.onTransact:492 
03-19 17:36:27.473 24368 25200 I ChatReadinessManagerImp: shouldLaunchPostReadyWork is false. Returning from the method
03-19 17:36:27.473  1432  1466 W BroadcastQueue: Appop Denial: receiving Intent { act=android.intent.action.SERVICE_STATE flg=0x1000010 (has extras) } to ProcessRecord{bf96670 1869:com.android.phone/1001} (pid=1869, uid=1001) excludes appop android:read_phone_state due to sender android (uid 1001)
03-19 17:36:27.474  1432  4176 W ContextImpl: Calling a method in the system process without a qualified user: android.app.ContextImpl.sendBroadcastMultiplePermissions:1272 android.content.Context.sendBroadcastMultiplePermissions:2272 com.android.server.TelephonyRegistry.broadcastServiceStateChanged:3128 com.android.server.TelephonyRegistry.notifyServiceStateForPhoneId:1641 com.android.internal.telephony.ITelephonyRegistry$Stub.onTransact:492 
03-19 17:36:27.475  1432  1466 W BroadcastQueue: Appop Denial: receiving Intent { act=android.intent.action.SERVICE_STATE flg=0x1000010 (has extras) } to ProcessRecord{35934b5 1432:system/1000} (pid=1432, uid=1000) excludes appop android:fine_location due to sender android (uid 1001)
03-19 17:36:27.476  1432  1466 W BroadcastQueue: Appop Denial: receiving Intent { act=android.intent.action.SERVICE_STATE flg=0x1000010 (has extras) } to ProcessRecord{bf96670 1869:com.android.phone/1001} (pid=1869, uid=1001) excludes appop android:fine_location due to sender android (uid 1001)
03-19 17:36:27.477  1432  1466 W BroadcastQueue: Appop Denial: receiving Intent { act=android.intent.action.SERVICE_STATE flg=0x1000010 (has extras) } to ProcessRecord{4a2b10e 1718:com.android.systemui/u0a157} (pid=1718, uid=10157) excludes appop android:read_phone_state due to sender android (uid 1001)
03-19 17:36:27.477  1432  1466 W BroadcastQueue: Appop Denial: receiving Intent { act=android.intent.action.SERVICE_STATE flg=0x1000010 (has extras) } to ProcessRecord{35934b5 1432:system/1000} (pid=1432, uid=1000) excludes appop android:read_phone_state due to sender android (uid 1001)
03-19 17:36:27.477  1432  1466 W BroadcastQueue: Appop Denial: receiving Intent { act=android.intent.action.SERVICE_STATE flg=0x1000010 (has extras) } to ProcessRecord{bf96670 1869:com.android.phone/1001} (pid=1869, uid=1001) excludes appop android:read_phone_state due to sender android (uid 1001)
03-19 17:36:27.486  1869  1869 I Telephony: isRttCurrentlySupported -- regular acct, hasVoiceAvailability: false
03-19 17:36:27.486  1869  1869 I Telephony:  isRttSupported: false
03-19 17:36:27.486  1869  1869 I Telephony:  alwaysAllowWhileRoaming: false
03-19 17:36:27.486  1869  1869 I Telephony:  isRoaming: false
03-19 17:36:27.486  1869  1869 I Telephony:  isOnWfc: false
03-19 17:36:27.488  1869  1869 I Telephony: isRttCurrentlySupported -- regular acct, hasVoiceAvailability: false
03-19 17:36:27.488  1869  1869 I Telephony:  isRttSupported: false
03-19 17:36:27.488  1869  1869 I Telephony:  alwaysAllowWhileRoaming: false
03-19 17:36:27.488  1869  1869 I Telephony:  isRoaming: false
03-19 17:36:27.488  1869  1869 I Telephony:  isOnWfc: false
03-19 17:36:27.495   776 20067 E C2MtkVdec: [0xEA009900] fetch graphic block err = 110
03-19 17:36:27.496   776 21911 E C2MtkVdec: [0xE9169300] fetch graphic block err = 110
03-19 17:36:27.496   776 20205 E C2MtkVdec: [0xEAC61400] fetch graphic block err = 110
03-19 17:36:27.497   776 20112 E C2MtkVdec: [0xE953A600] fetch graphic block err = 110
03-19 17:36:27.512   776 20251 E C2MtkVdec: [0xEA7E7100] fetch graphic block err = 110
03-19 17:36:27.517  1432  7351 W BroadcastQueue: Permission Denial: receiving Intent { act=android.intent.action.SERVICE_STATE flg=0x1000010 (has extras) } to com.google.android.cellbroadcastreceiver/com.android.cellbroadcastreceiver.CellBroadcastReceiver requires android.permission.READ_PHONE_STATE due to sender android (uid 1001)
03-19 17:36:27.519  1432  7351 I ActivityManager: Killing 24596:com.facebook.lite/u0a182 (adj 975): empty #9
03-19 17:36:27.522  1432  1466 W BroadcastQueue: Permission Denial: receiving Intent { act=android.intent.action.SERVICE_STATE flg=0x1000010 (has extras) } to com.google.android.cellbroadcastreceiver/com.android.cellbroadcastreceiver.CellBroadcastReceiver requires android.permission.ACCESS_FINE_LOCATION due to sender android (uid 1001)
03-19 17:36:27.523  1432  1466 W BroadcastQueue: Permission Denial: receiving Intent { act=android.intent.action.SERVICE_STATE flg=0x1000010 (has extras) } to com.google.android.cellbroadcastreceiver/com.android.cellbroadcastreceiver.CellBroadcastReceiver requires android.permission.READ_PHONE_STATE due to sender android (uid 1001)
03-19 17:36:27.527  1432  1468 I libprocessgroup: Successfully killed process cgroup uid 10182 pid 24596 in 6ms
03-19 17:36:27.561  1432  1464 I lq ThermalManagerService: getBoardTemp: 39000
03-19 17:36:27.563  1432  1464 I PowerManagerService: getBoardTemp for outdoor mode: 39000
03-19 17:36:27.563   765   765 I Zygote  : Process 24596 exited due to signal 9 (Killed)
03-19 17:36:27.565  1432  4176 I mtkpower_client: [Legacy][PowerHal_Wrap_notifyAppState] com.facebook.lite/com.facebook.lite pid=24596 state:3
03-19 17:36:27.565   782   876 I libPowerHal: [perfNotifyAppState] pack:com.facebook.lite, act:com.facebook.lite, state:3, pid:24596, uid:10182, fps:60
03-19 17:36:27.565   782   876 I libPowerHal: [perfNotifyAppState] pack:com.facebook.lite, pid:24596, STATE_DEAD
03-19 17:36:27.565  1432  4176 I game_scn: collectForegroundAppList packName=com.facebook.lite, actName=com.facebook.lite, pid=24596, uid=10182, state:DEAD
03-19 17:36:27.596   776 20067 E C2MtkVdec: [0xEA009900] fetch graphic block err = 110
03-19 17:36:27.597   776 21911 E C2MtkVdec: [0xE9169300] fetch graphic block err = 110
03-19 17:36:27.597   776 20205 E C2MtkVdec: [0xEAC61400] fetch graphic block err = 110
03-19 17:36:27.597   776 20112 E C2MtkVdec: [0xE953A600] fetch graphic block err = 110
03-19 17:36:27.612   776 20251 E C2MtkVdec: [0xEA7E7100] fetch graphic block err = 110
03-19 17:36:27.696   776 20067 E C2MtkVdec: [0xEA009900] fetch graphic block err = 110
03-19 17:36:27.697   776 21911 E C2MtkVdec: [0xE9169300] fetch graphic block err = 110
03-19 17:36:27.697   776 20205 E C2MtkVdec: [0xEAC61400] fetch graphic block err = 110
03-19 17:36:27.697   776 20112 E C2MtkVdec: [0xE953A600] fetch graphic block err = 110
03-19 17:36:27.712   776 20251 E C2MtkVdec: [0xEA7E7100] fetch graphic block err = 110
03-19 17:36:27.716  1869  1869 W libc    : Access denied finding property "vendor.sys.boot.reason"
03-19 17:36:27.795  1432  4166 I ActivityTaskManager: START u0 {dat=stk://com.android.stk/... flg=0x10840000 cmp=com.android.stk/.StkDialogActivity (has extras)} from uid 1001
03-19 17:36:27.796   776 20067 E C2MtkVdec: [0xEA009900] fetch graphic block err = 110
03-19 17:36:27.797   776 21911 E C2MtkVdec: [0xE9169300] fetch graphic block err = 110
03-19 17:36:27.797   776 20205 E C2MtkVdec: [0xEAC61400] fetch graphic block err = 110
03-19 17:36:27.797   776 20112 E C2MtkVdec: [0xE953A600] fetch graphic block err = 110
03-19 17:36:27.813   776 20251 E C2MtkVdec: [0xEA7E7100] fetch graphic block err = 110
03-19 17:36:27.829   782   805 I mtkpower@impl: [setMode] type:5, enabled:1
03-19 17:36:27.831   782   876 I libPowerHal: [perfLockAcq] idx:19 hdl:70611 hint:11 pid:782 duration:30000 lock_user:mtkpower@1.0-se => ret_hdl:70611
03-19 17:36:27.831   782   876 I libPowerHal: LAUNCH: set gpu opp level: 0
03-19 17:36:27.831  1432  4166 I PowerHalWrapper: <amsBoostResume> last:com.gogo.launcher, next:com.android.stk 
03-19 17:36:27.832   782   876 I libPowerHal: LAUNCH: set gpu opp level max: 0
03-19 17:36:27.832   782   876 I libPowerHal: LAUNCH: cpu_ctrl set cpu freq: 2200000 -1 1600000 -1
03-19 17:36:27.833   782   876 I libPowerHal: [PE] LAUNCH update cmd:1000000, param:0
03-19 17:36:27.833   782   876 I libPowerHal: [PE] LAUNCH update cmd:1408300, param:100
03-19 17:36:27.833   782   876 I libPowerHal: [PE] LAUNCH update cmd:1000000 param:0
03-19 17:36:27.834   782   876 I libPowerHal: [perfLockRel] hdl:70548, idx:-1
03-19 17:36:27.835   782   876 I libPowerHal: [perfLockAcq] idx:20 hdl:70612 hint:22 pid:782 duration:10000 lock_user:mtkpower@1.0-se => ret_hdl:70612
03-19 17:36:27.835   782   876 I libPowerHal: MTKPOWER_HINT_PACK_SWITCH: set gpu opp level max: 0
03-19 17:36:27.845  1432  1630 W ActivityTaskManager: Tried to set launchTime (0) < mLastActivityLaunchTime (241689182)
03-19 17:36:27.855  1432  1630 I PowerHalWrapper: amsBoostNotify pid:1869,activity:com.android.stk.StkDialogActivity, package:com.android.stk, mProcessCreatePackcom.mobile 
03-19 17:36:27.855  1432  1630 I PowerHalWrapper: state: 1 
03-19 17:36:27.856  1432  1630 I mtkpower_client: [Legacy][PowerHal_Wrap_notifyAppState] com.android.stk/com.android.stk.StkDialogActivity pid=1869 state:1
03-19 17:36:27.856  1432  1630 I game_scn: collectForegroundAppList packName=com.android.stk, actName=com.android.stk.StkDialogActivity, pid=1869, uid=1001, state:RESUMED
03-19 17:36:27.856  1432  1630 I PowerHalWrapper: amsBoostNotify AMS_BOOST_PROCESS_CREATE_BOOST:false 
03-19 17:36:27.856   782   876 I libPowerHal: [perfNotifyAppState] pack:com.android.stk, act:com.android.stk.StkDialogActivity, state:1, pid:1869, uid:1001, fps:60
03-19 17:36:27.856   782   876 I libPowerHal: [perfNotifyAppState] foreground:com.android.stk, pid:1869, uid:1001
03-19 17:36:27.857  1432  1630 W WindowManager: Changing focus from Window{58301a u0 com.gogo.launcher/com.android.launcher3.Launcher3QuickStepGo} to null displayId=0 Callers=com.android.server.wm.RootWindowContainer.updateFocusedWindowLocked:476 com.android.server.wm.WindowManagerService.updateFocusedWindowLocked:6086 com.android.server.wm.ActivityTaskManagerService.setResumedActivityUncheckLocked:4652 com.android.server.wm.TaskFragment.onActivityStateChanged:761 
03-19 17:36:27.858   782   876 I UxUtility: notifyForegroundApp pack:com.android.stk, uid:1001
03-19 17:36:27.859   782   876 I TouchUtility: notifyAppState error = NULL
