03-19 17:24:29.859  1432  1466 W BroadcastQueue: Appop Denial: receiving Intent { act=android.intent.action.SERVICE_STATE flg=0x1000010 (has extras) } to ProcessRecord{bf96670 1869:com.android.phone/1001} (pid=1869, uid=1001) excludes appop android:read_phone_state due to sender android (uid 1001)
03-19 17:24:31.402  1432  2629 W ContextImpl: Calling a method in the system process without a qualified user: android.app.ContextImpl.sendBroadcastMultiplePermissions:1222 com.android.server.TelephonyRegistry.broadcastServiceStateChanged:3113 com.android.server.TelephonyRegistry.notifyServiceStateForPhoneId:1641 com.android.internal.telephony.ITelephonyRegistry$Stub.onTransact:492 android.os.Binder.execTransactInternal:1280 
03-19 17:24:31.404  1432  2629 W ContextImpl: Calling a method in the system process without a qualified user: android.app.ContextImpl.sendBroadcastMultiplePermissions:1272 android.content.Context.sendBroadcastMultiplePermissions:2272 com.android.server.TelephonyRegistry.broadcastServiceStateChanged:3117 com.android.server.TelephonyRegistry.notifyServiceStateForPhoneId:1641 com.android.internal.telephony.ITelephonyRegistry$Stub.onTransact:492 
03-19 17:24:31.404  1432  1466 W BroadcastQueue: Permission Denial: receiving Intent { act=android.intent.action.SERVICE_STATE flg=0x1000010 (has extras) } to ProcessRecord{4a2b10e 1718:com.android.systemui/u0a157} (pid=1718, uid=10157) requires android.permission.ACCESS_FINE_LOCATION due to sender android (uid 1001)
03-19 17:24:31.409  1432  1466 W BroadcastQueue: Permission Denial: receiving Intent { act=android.intent.action.SERVICE_STATE flg=0x1000010 (has extras) } to com.google.android.cellbroadcastreceiver/com.android.cellbroadcastreceiver.CellBroadcastReceiver requires android.permission.READ_PHONE_STATE due to sender android (uid 1001)
03-19 17:24:31.411  1432  1466 W BroadcastQueue: Permission Denial: receiving Intent { act=android.intent.action.SERVICE_STATE flg=0x1000010 (has extras) } to ProcessRecord{4a2b10e 1718:com.android.systemui/u0a157} (pid=1718, uid=10157) requires android.permission.ACCESS_FINE_LOCATION due to sender android (uid 1001)
03-19 17:24:31.412  1432  2629 W ContextImpl: Calling a method in the system process without a qualified user: android.app.ContextImpl.sendBroadcastMultiplePermissions:1272 android.content.Context.sendBroadcastMultiplePermissions:2272 com.android.server.TelephonyRegistry.broadcastServiceStateChanged:3124 com.android.server.TelephonyRegistry.notifyServiceStateForPhoneId:1641 com.android.internal.telephony.ITelephonyRegistry$Stub.onTransact:492 
03-19 17:24:31.412  1432  1466 W BroadcastQueue: Appop Denial: receiving Intent { act=android.intent.action.SERVICE_STATE flg=0x1000010 (has extras) } to ProcessRecord{35934b5 1432:system/1000} (pid=1432, uid=1000) excludes appop android:read_phone_state due to sender android (uid 1001)
03-19 17:24:31.413  1432  1466 W BroadcastQueue: Appop Denial: receiving Intent { act=android.intent.action.SERVICE_STATE flg=0x1000010 (has extras) } to ProcessRecord{bf96670 1869:com.android.phone/1001} (pid=1869, uid=1001) excludes appop android:read_phone_state due to sender android (uid 1001)
03-19 17:24:31.414  1432  1466 W BroadcastQueue: Permission Denial: receiving Intent { act=android.intent.action.SERVICE_STATE flg=0x1000010 (has extras) } to com.google.android.cellbroadcastreceiver/com.android.cellbroadcastreceiver.CellBroadcastReceiver requires android.permission.ACCESS_FINE_LOCATION due to sender android (uid 1001)
03-19 17:24:31.416  1432  2629 W ContextImpl: Calling a method in the system process without a qualified user: android.app.ContextImpl.sendBroadcastMultiplePermissions:1272 android.content.Context.sendBroadcastMultiplePermissions:2272 com.android.server.TelephonyRegistry.broadcastServiceStateChanged:3128 com.android.server.TelephonyRegistry.notifyServiceStateForPhoneId:1641 com.android.internal.telephony.ITelephonyRegistry$Stub.onTransact:492 
03-19 17:24:31.418  1432  1466 W BroadcastQueue: Appop Denial: receiving Intent { act=android.intent.action.SERVICE_STATE flg=0x1000010 (has extras) } to ProcessRecord{35934b5 1432:system/1000} (pid=1432, uid=1000) excludes appop android:fine_location due to sender android (uid 1001)
03-19 17:24:31.418  1432  1466 W BroadcastQueue: Appop Denial: receiving Intent { act=android.intent.action.SERVICE_STATE flg=0x1000010 (has extras) } to ProcessRecord{bf96670 1869:com.android.phone/1001} (pid=1869, uid=1001) excludes appop android:fine_location due to sender android (uid 1001)
03-19 17:24:31.419  1432  1466 W BroadcastQueue: Permission Denial: receiving Intent { act=android.intent.action.SERVICE_STATE flg=0x1000010 (has extras) } to com.google.android.cellbroadcastreceiver/com.android.cellbroadcastreceiver.CellBroadcastReceiver requires android.permission.READ_PHONE_STATE due to sender android (uid 1001)
03-19 17:24:31.421  1432  1466 W BroadcastQueue: Appop Denial: receiving Intent { act=android.intent.action.SERVICE_STATE flg=0x1000010 (has extras) } to ProcessRecord{4a2b10e 1718:com.android.systemui/u0a157} (pid=1718, uid=10157) excludes appop android:read_phone_state due to sender android (uid 1001)
03-19 17:24:31.421  1432  1466 W BroadcastQueue: Appop Denial: receiving Intent { act=android.intent.action.SERVICE_STATE flg=0x1000010 (has extras) } to ProcessRecord{35934b5 1432:system/1000} (pid=1432, uid=1000) excludes appop android:read_phone_state due to sender android (uid 1001)
03-19 17:24:31.421  1432  1466 W BroadcastQueue: Appop Denial: receiving Intent { act=android.intent.action.SERVICE_STATE flg=0x1000010 (has extras) } to ProcessRecord{bf96670 1869:com.android.phone/1001} (pid=1869, uid=1001) excludes appop android:read_phone_state due to sender android (uid 1001)
03-19 17:24:31.644  1432  1464 I lq ThermalManagerService: getBoardTemp: 37000
03-19 17:24:31.647  1432  1464 I PowerManagerService: getBoardTemp for outdoor mode: 37000
03-19 17:24:36.652  1432  1464 I lq ThermalManagerService: getBoardTemp: 37000
03-19 17:24:36.655  1432  1464 I PowerManagerService: getBoardTemp for outdoor mode: 37000
03-19 17:24:41.658  1432  1464 I lq ThermalManagerService: getBoardTemp: 37000
03-19 17:24:41.659  1432  1464 I PowerManagerService: getBoardTemp for outdoor mode: 37000
03-19 17:24:46.666  1432  1464 I lq ThermalManagerService: getBoardTemp: 37000
03-19 17:24:46.669  1432  1464 I PowerManagerService: getBoardTemp for outdoor mode: 37000
03-19 17:24:51.673  1432  1464 I lq ThermalManagerService: getBoardTemp: 37000
03-19 17:24:51.675  1432  1464 I PowerManagerService: getBoardTemp for outdoor mode: 37000
03-19 17:24:56.681  1432  1464 I lq ThermalManagerService: getBoardTemp: 37000
03-19 17:24:56.683  1432  1464 I PowerManagerService: getBoardTemp for outdoor mode: 37000
03-19 17:25:01.688  1432  1464 I lq ThermalManagerService: getBoardTemp: 37000
03-19 17:25:01.690  1432  1464 I PowerManagerService: getBoardTemp for outdoor mode: 37000
03-19 17:25:06.697  1432  1464 I lq ThermalManagerService: getBoardTemp: 37000
03-19 17:25:06.701  1432  1464 I PowerManagerService: getBoardTemp for outdoor mode: 37000
03-19 17:25:11.702  1432  1464 I lq ThermalManagerService: getBoardTemp: 37000
03-19 17:25:11.705  1432  1464 I PowerManagerService: getBoardTemp for outdoor mode: 37000
03-19 17:25:16.708  1432  1464 I lq ThermalManagerService: getBoardTemp: 37000
03-19 17:25:16.711  1432  1464 I PowerManagerService: getBoardTemp for outdoor mode: 37000
03-19 17:25:21.715  1432  1464 I lq ThermalManagerService: getBoardTemp: 37000
03-19 17:25:21.717  1432  1464 I PowerManagerService: getBoardTemp for outdoor mode: 37000
03-19 17:25:26.718  1432  1464 I lq ThermalManagerService: getBoardTemp: 37000
03-19 17:25:26.720  1432  1464 I PowerManagerService: getBoardTemp for outdoor mode: 37000
03-19 17:25:31.725  1432  1464 I lq ThermalManagerService: getBoardTemp: 37000
03-19 17:25:31.728  1432  1464 I PowerManagerService: getBoardTemp for outdoor mode: 37000
03-19 17:25:36.732  1432  1464 I lq ThermalManagerService: getBoardTemp: 37000
03-19 17:25:36.734  1432  1464 I PowerManagerService: getBoardTemp for outdoor mode: 37000
03-19 17:25:41.738  1432  1464 I lq ThermalManagerService: getBoardTemp: 37000
03-19 17:25:41.740  1432  1464 I PowerManagerService: getBoardTemp for outdoor mode: 37000
03-19 17:25:43.590  8044  8044 W ContextImpl: Calling a method in the system process without a qualified user: android.app.ContextImpl.startService:1863 android.content.ContextWrapper.startService:817 com.xiaomi.push.service.ServiceClient.a:18 com.xiaomi.push.service.receivers.PingReceiver.onReceive:87 android.app.ActivityThread.handleReceiver:4376 
03-19 17:25:46.741  1432  1464 I lq ThermalManagerService: getBoardTemp: 37000
03-19 17:25:46.742  1432  1464 I PowerManagerService: getBoardTemp for outdoor mode: 37000
03-19 17:25:51.749  1432  1464 I lq ThermalManagerService: getBoardTemp: 37000
03-19 17:25:51.751  1432  1464 I PowerManagerService: getBoardTemp for outdoor mode: 37000
03-19 17:25:56.755  1432  1464 I lq ThermalManagerService: getBoardTemp: 37000
03-19 17:25:56.757  1432  1464 I PowerManagerService: getBoardTemp for outdoor mode: 37000
03-19 17:26:01.333  1432 24048 I lq Power.CloudUpdateJobService: cloud sync job running ...
03-19 17:26:01.333  1432 24048 I lq Power.CloudUpdateJobService: come into scheduleCloudUpdateJob
03-19 17:26:01.336  1432  1432 W JobScheduler: Job didn't exist in JobStore: 3c96a3c #1000/17495000 android/com.android.server.power.cloudcontrol.CloudUpdateJobService
03-19 17:26:01.337  1432  1432 W lq Power.CloudUpdateJobService: job stopped and reason: 0
03-19 17:26:01.338  1432  1432 I lq Power.CloudUpdateJobService: job has been destroyed and rescheduled
03-19 17:26:01.341  1432  1467 I ActivityManager: Start proc 24049:com.google.android.gm/u0a141 for service {com.google.android.gm/androidx.work.impl.background.systemjob.SystemJobService}
03-19 17:26:01.361  1432  1467 I ActivityManager: Start proc 24050:com.miui.analytics.go/u0a74 for service {com.miui.analytics.go/androidx.work.impl.background.systemjob.SystemJobService}
03-19 17:26:01.538  1432  2620 W JobScheduler: Job didn't exist in JobStore: 925e5f5 #u0a74/21188 com.miui.analytics.go/androidx.work.impl.background.systemjob.SystemJobService
03-19 17:26:01.557  1432  7351 I ActivityManager: Killing 23696:com.google.android.webview:sandboxed_process0:org.chromium.content.app.SandboxedProcessService0:0/u0a228i209 (adj 975): empty #9
03-19 17:26:01.606  1432  7351 W ActivityManager: Scheduling restart of crashed service vn.com.vng.zalopay/org.chromium.content.app.SandboxedProcessService0:0 in 1000ms for connection
03-19 17:26:01.752  1432  2903 I ActivityManager: Process vn.com.vng.zalopay (pid 23540) has died: cch+65 CEM 
03-19 17:26:01.761  1432  1464 I lq ThermalManagerService: getBoardTemp: 37000
03-19 17:26:01.762  1432  1464 I PowerManagerService: getBoardTemp for outdoor mode: 37000
03-19 17:26:02.575  1432  1432 I Telecom : DefaultDialerCache: Refreshing default dialer for user 0: now com.google.android.dialer: DDC.oR@+Ys
03-19 17:26:02.600  1432  1467 I ActivityManager: Start proc 24174:com.google.android.permissioncontroller/u0a174 for service {com.google.android.permissioncontroller/com.android.permissioncontroller.permission.service.PermissionControllerServiceImpl}
03-19 17:26:06.770  1432  1464 I lq ThermalManagerService: getBoardTemp: 37000
03-19 17:26:06.771  1432  1464 I PowerManagerService: getBoardTemp for outdoor mode: 37000
03-19 17:26:11.520  1432  1467 I ActivityManager: Start proc 24208:com.google.android.apps.searchlite/u0a121 for broadcast {com.google.android.apps.searchlite/com.google.android.apps.searchlite.widget.SearchLiteWidgetProvider}
03-19 17:26:11.588  1432  1983 W JobScheduler: Job didn't exist in JobStore: 1421704 #u0a74/1 com.miui.analytics.go/.internal.JobSchedulerService
03-19 17:26:11.772  1432  1464 I lq ThermalManagerService: getBoardTemp: 37000
03-19 17:26:11.775  1432  1464 I PowerManagerService: getBoardTemp for outdoor mode: 37000
03-19 17:26:16.777  1432  1464 I lq ThermalManagerService: getBoardTemp: 37000
03-19 17:26:16.780  1432  1464 I PowerManagerService: getBoardTemp for outdoor mode: 37000
03-19 17:26:16.792  1432  4707 I ActivityManager: Killing 23686:com.google.android.webview:webview_service/u0a142 (adj 955): empty #9
03-19 17:26:16.798  1432  1983 I ActivityManager: Killing 24002:android.process.acore/u0a43 (adj 935): empty #9
03-19 17:26:21.782  1432  1464 I lq ThermalManagerService: getBoardTemp: 37000
03-19 17:26:21.785  1432  1464 I PowerManagerService: getBoardTemp for outdoor mode: 37000
03-19 17:26:22.079   452 24211 I keystore2: keystore2::watchdog: Watchdog thread idle -> terminating. Have a great day.
03-19 17:26:26.789  1432  1464 I lq ThermalManagerService: getBoardTemp: 37000
03-19 17:26:26.792  1432  1464 I PowerManagerService: getBoardTemp for outdoor mode: 37000
03-19 17:26:31.795  1432  1464 I lq ThermalManagerService: getBoardTemp: 37000
03-19 17:26:31.797  1432  1464 I PowerManagerService: getBoardTemp for outdoor mode: 37000
03-19 17:26:36.802  1432  1464 I lq ThermalManagerService: getBoardTemp: 37000
03-19 17:26:36.804  1432  1464 I PowerManagerService: getBoardTemp for outdoor mode: 37000
03-19 17:26:41.808  1432  1464 I lq ThermalManagerService: getBoardTemp: 37000
03-19 17:26:41.810  1432  1464 I PowerManagerService: getBoardTemp for outdoor mode: 37000
03-19 17:26:46.815  1432  1464 I lq ThermalManagerService: getBoardTemp: 37000
03-19 17:26:46.817  1432  1464 I PowerManagerService: getBoardTemp for outdoor mode: 37000
03-19 17:26:51.822  1432  1464 I lq ThermalManagerService: getBoardTemp: 37000
03-19 17:26:51.825  1432  1464 I PowerManagerService: getBoardTemp for outdoor mode: 37000
03-19 17:26:56.825  1432  1464 I lq ThermalManagerService: getBoardTemp: 37000
03-19 17:26:56.828  1432  1464 I PowerManagerService: getBoardTemp for outdoor mode: 37000
03-19 17:27:01.833  1432  1464 I lq ThermalManagerService: getBoardTemp: 37000
03-19 17:27:01.835  1432  1464 I PowerManagerService: getBoardTemp for outdoor mode: 37000
03-19 17:27:06.838  1432  1464 I lq ThermalManagerService: getBoardTemp: 37000
03-19 17:27:06.841  1432  1464 I PowerManagerService: getBoardTemp for outdoor mode: 37000
03-19 17:27:11.845  1432  1464 I lq ThermalManagerService: getBoardTemp: 37000
03-19 17:27:11.847  1432  1464 I PowerManagerService: getBoardTemp for outdoor mode: 37000
03-19 17:27:16.852  1432  1464 I lq ThermalManagerService: getBoardTemp: 37000
03-19 17:27:16.855  1432  1464 I PowerManagerService: getBoardTemp for outdoor mode: 37000
03-19 17:27:21.861  1432  1464 I lq ThermalManagerService: getBoardTemp: 37000
03-19 17:27:21.863  1432  1464 I PowerManagerService: getBoardTemp for outdoor mode: 37000
03-19 17:27:26.868  1432  1464 I lq ThermalManagerService: getBoardTemp: 37000
03-19 17:27:26.871  1432  1464 I PowerManagerService: getBoardTemp for outdoor mode: 37000
03-19 17:27:31.875  1432  1464 I lq ThermalManagerService: getBoardTemp: 37000
03-19 17:27:31.879  1432  1464 I PowerManagerService: getBoardTemp for outdoor mode: 37000
03-19 17:27:36.883  1432  1464 I lq ThermalManagerService: getBoardTemp: 37000
03-19 17:27:36.887  1432  1464 I PowerManagerService: getBoardTemp for outdoor mode: 37000
03-19 17:27:41.892  1432  1464 I lq ThermalManagerService: getBoardTemp: 37000
03-19 17:27:41.895  1432  1464 I PowerManagerService: getBoardTemp for outdoor mode: 37000
03-19 17:27:46.898  1432  1464 I lq ThermalManagerService: getBoardTemp: 37000
03-19 17:27:46.902  1432  1464 I PowerManagerService: getBoardTemp for outdoor mode: 37000
03-19 17:27:51.908  1432  1464 I lq ThermalManagerService: getBoardTemp: 37000
03-19 17:27:51.911  1432  1464 I PowerManagerService: getBoardTemp for outdoor mode: 37000
03-19 17:27:56.916  1432  1464 I lq ThermalManagerService: getBoardTemp: 37000
03-19 17:27:56.919  1432  1464 I PowerManagerService: getBoardTemp for outdoor mode: 37000
03-19 17:28:01.922  1432  1464 I lq ThermalManagerService: getBoardTemp: 37000
03-19 17:28:01.926  1432  1464 I PowerManagerService: getBoardTemp for outdoor mode: 37000
03-19 17:28:06.928  1432  1464 I lq ThermalManagerService: getBoardTemp: 37000
03-19 17:28:06.933  1432  1464 I PowerManagerService: getBoardTemp for outdoor mode: 37000
03-19 17:28:11.936  1432  1464 I lq ThermalManagerService: getBoardTemp: 37000
03-19 17:28:11.939  1432  1464 I PowerManagerService: getBoardTemp for outdoor mode: 37000
03-19 17:28:16.942  1432  1464 I lq ThermalManagerService: getBoardTemp: 37000
03-19 17:28:16.946  1432  1464 I PowerManagerService: getBoardTemp for outdoor mode: 37000
03-19 17:28:21.949  1432  1464 I lq ThermalManagerService: getBoardTemp: 37000
03-19 17:28:21.952  1432  1464 I PowerManagerService: getBoardTemp for outdoor mode: 37000
03-19 17:28:26.955  1432  1464 I lq ThermalManagerService: getBoardTemp: 37000
03-19 17:28:26.958  1432  1464 I PowerManagerService: getBoardTemp for outdoor mode: 37000
03-19 17:28:31.961  1432  1464 I lq ThermalManagerService: getBoardTemp: 37000
03-19 17:28:31.964  1432  1464 I PowerManagerService: getBoardTemp for outdoor mode: 37000
03-19 17:28:36.968  1432  1464 I lq ThermalManagerService: getBoardTemp: 37000
03-19 17:28:36.970  1432  1464 I PowerManagerService: getBoardTemp for outdoor mode: 37000
03-19 17:28:41.975  1432  1464 I lq ThermalManagerService: getBoardTemp: 37000
03-19 17:28:41.979  1432  1464 I PowerManagerService: getBoardTemp for outdoor mode: 37000
03-19 17:28:46.984  1432  1464 I lq ThermalManagerService: getBoardTemp: 37000
03-19 17:28:46.986  1432  1464 I PowerManagerService: getBoardTemp for outdoor mode: 37000
03-19 17:28:51.991  1432  1464 I lq ThermalManagerService: getBoardTemp: 37000
03-19 17:28:51.994  1432  1464 I PowerManagerService: getBoardTemp for outdoor mode: 37000
03-19 17:28:56.996  1432  1464 I lq ThermalManagerService: getBoardTemp: 37000
03-19 17:28:57.000  1432  1464 I PowerManagerService: getBoardTemp for outdoor mode: 37000
03-19 17:29:02.004  1432  1464 I lq ThermalManagerService: getBoardTemp: 37000
03-19 17:29:02.006  1432  1464 I PowerManagerService: getBoardTemp for outdoor mode: 37000
03-19 17:29:02.914  1432  1719 W BatteryExternalStatsWorker: error reading Bluetooth stats: 11
03-19 17:29:07.008  1432  1464 I lq ThermalManagerService: getBoardTemp: 37000
03-19 17:29:07.011  1432  1464 I PowerManagerService: getBoardTemp for outdoor mode: 37000
03-19 17:29:12.015  1432  1464 I lq ThermalManagerService: getBoardTemp: 37000
03-19 17:29:12.018  1432  1464 I PowerManagerService: getBoardTemp for outdoor mode: 37000
03-19 17:29:17.021  1432  1464 I lq ThermalManagerService: getBoardTemp: 37000
03-19 17:29:17.024  1432  1464 I PowerManagerService: getBoardTemp for outdoor mode: 37000
03-19 17:29:22.028  1432  1464 I lq ThermalManagerService: getBoardTemp: 37000
03-19 17:29:22.031  1432  1464 I PowerManagerService: getBoardTemp for outdoor mode: 37000
03-19 17:29:27.031  1432  1464 I lq ThermalManagerService: getBoardTemp: 37000
03-19 17:29:27.032  1432  1464 I PowerManagerService: getBoardTemp for outdoor mode: 37000
03-19 17:29:32.039  1432  1464 I lq ThermalManagerService: getBoardTemp: 37000
03-19 17:29:32.040  1432  1464 I PowerManagerService: getBoardTemp for outdoor mode: 37000
03-19 17:29:37.047  1432  1464 I lq ThermalManagerService: getBoardTemp: 37000
03-19 17:29:37.048  1432  1464 I PowerManagerService: getBoardTemp for outdoor mode: 37000
03-19 17:29:42.056  1432  1464 I lq ThermalManagerService: getBoardTemp: 37000
03-19 17:29:42.058  1432  1464 I PowerManagerService: getBoardTemp for outdoor mode: 37000
03-19 17:29:47.062  1432  1464 I lq ThermalManagerService: getBoardTemp: 37000
03-19 17:29:47.063  1432  1464 I PowerManagerService: getBoardTemp for outdoor mode: 37000
03-19 17:29:52.069  1432  1464 I lq ThermalManagerService: getBoardTemp: 37000
03-19 17:29:52.071  1432  1464 I PowerManagerService: getBoardTemp for outdoor mode: 37000
03-19 17:29:57.075  1432  1464 I lq ThermalManagerService: getBoardTemp: 37000
03-19 17:29:57.077  1432  1464 I PowerManagerService: getBoardTemp for outdoor mode: 37000
03-19 17:30:02.081  1432  1464 I lq ThermalManagerService: getBoardTemp: 37000
03-19 17:30:02.083  1432  1464 I PowerManagerService: getBoardTemp for outdoor mode: 37000
03-19 17:30:07.088  1432  1464 I lq ThermalManagerService: getBoardTemp: 37000
03-19 17:30:07.090  1432  1464 I PowerManagerService: getBoardTemp for outdoor mode: 37000
03-19 17:30:12.094  1432  1464 I lq ThermalManagerService: getBoardTemp: 37000
03-19 17:30:12.096  1432  1464 I PowerManagerService: getBoardTemp for outdoor mode: 37000
03-19 17:30:17.101  1432  1464 I lq ThermalManagerService: getBoardTemp: 37000
03-19 17:30:17.104  1432  1464 I PowerManagerService: getBoardTemp for outdoor mode: 37000
03-19 17:30:22.108  1432  1464 I lq ThermalManagerService: getBoardTemp: 37000
03-19 17:30:22.111  1432  1464 I PowerManagerService: getBoardTemp for outdoor mode: 37000
03-19 17:30:24.500  1432  1602 W ContextImpl: Calling a method in the system process without a qualified user: android.app.ContextImpl.sendBroadcastMultiplePermissions:1222 com.android.server.TelephonyRegistry.broadcastServiceStateChanged:3113 com.android.server.TelephonyRegistry.notifyServiceStateForPhoneId:1641 com.android.internal.telephony.ITelephonyRegistry$Stub.onTransact:492 android.os.Binder.execTransactInternal:1280 
03-19 17:30:24.502  1432  1466 W BroadcastQueue: Permission Denial: receiving Intent { act=android.intent.action.SERVICE_STATE flg=0x1000010 (has extras) } to ProcessRecord{4a2b10e 1718:com.android.systemui/u0a157} (pid=1718, uid=10157) requires android.permission.ACCESS_FINE_LOCATION due to sender android (uid 1001)
03-19 17:30:24.503  1432  1602 W ContextImpl: Calling a method in the system process without a qualified user: android.app.ContextImpl.sendBroadcastMultiplePermissions:1272 android.content.Context.sendBroadcastMultiplePermissions:2272 com.android.server.TelephonyRegistry.broadcastServiceStateChanged:3117 com.android.server.TelephonyRegistry.notifyServiceStateForPhoneId:1641 com.android.internal.telephony.ITelephonyRegistry$Stub.onTransact:492 
03-19 17:30:24.504  1432  1466 W BroadcastQueue: Permission Denial: receiving Intent { act=android.intent.action.SERVICE_STATE flg=0x1000010 (has extras) } to com.google.android.cellbroadcastreceiver/com.android.cellbroadcastreceiver.CellBroadcastReceiver requires android.permission.READ_PHONE_STATE due to sender android (uid 1001)
03-19 17:30:24.505  1432  1466 W BroadcastQueue: Permission Denial: receiving Intent { act=android.intent.action.SERVICE_STATE flg=0x1000010 (has extras) } to ProcessRecord{4a2b10e 1718:com.android.systemui/u0a157} (pid=1718, uid=10157) requires android.permission.ACCESS_FINE_LOCATION due to sender android (uid 1001)
03-19 17:30:24.506  1432  1466 W BroadcastQueue: Appop Denial: receiving Intent { act=android.intent.action.SERVICE_STATE flg=0x1000010 (has extras) } to ProcessRecord{35934b5 1432:system/1000} (pid=1432, uid=1000) excludes appop android:read_phone_state due to sender android (uid 1001)
03-19 17:30:24.506  1432  1602 W ContextImpl: Calling a method in the system process without a qualified user: android.app.ContextImpl.sendBroadcastMultiplePermissions:1272 android.content.Context.sendBroadcastMultiplePermissions:2272 com.android.server.TelephonyRegistry.broadcastServiceStateChanged:3124 com.android.server.TelephonyRegistry.notifyServiceStateForPhoneId:1641 com.android.internal.telephony.ITelephonyRegistry$Stub.onTransact:492 
03-19 17:30:24.506  1432  1466 W BroadcastQueue: Appop Denial: receiving Intent { act=android.intent.action.SERVICE_STATE flg=0x1000010 (has extras) } to ProcessRecord{bf96670 1869:com.android.phone/1001} (pid=1869, uid=1001) excludes appop android:read_phone_state due to sender android (uid 1001)
03-19 17:30:24.507  1432  1466 W BroadcastQueue: Permission Denial: receiving Intent { act=android.intent.action.SERVICE_STATE flg=0x1000010 (has extras) } to com.google.android.cellbroadcastreceiver/com.android.cellbroadcastreceiver.CellBroadcastReceiver requires android.permission.ACCESS_FINE_LOCATION due to sender android (uid 1001)
03-19 17:30:24.508  1432  1602 W ContextImpl: Calling a method in the system process without a qualified user: android.app.ContextImpl.sendBroadcastMultiplePermissions:1272 android.content.Context.sendBroadcastMultiplePermissions:2272 com.android.server.TelephonyRegistry.broadcastServiceStateChanged:3128 com.android.server.TelephonyRegistry.notifyServiceStateForPhoneId:1641 com.android.internal.telephony.ITelephonyRegistry$Stub.onTransact:492 
03-19 17:30:24.509  1432  1466 W BroadcastQueue: Appop Denial: receiving Intent { act=android.intent.action.SERVICE_STATE flg=0x1000010 (has extras) } to ProcessRecord{35934b5 1432:system/1000} (pid=1432, uid=1000) excludes appop android:fine_location due to sender android (uid 1001)
03-19 17:30:24.510  1432  1466 W BroadcastQueue: Appop Denial: receiving Intent { act=android.intent.action.SERVICE_STATE flg=0x1000010 (has extras) } to ProcessRecord{bf96670 1869:com.android.phone/1001} (pid=1869, uid=1001) excludes appop android:fine_location due to sender android (uid 1001)
03-19 17:30:24.510  1432  1466 W BroadcastQueue: Permission Denial: receiving Intent { act=android.intent.action.SERVICE_STATE flg=0x1000010 (has extras) } to com.google.android.cellbroadcastreceiver/com.android.cellbroadcastreceiver.CellBroadcastReceiver requires android.permission.READ_PHONE_STATE due to sender android (uid 1001)
03-19 17:30:24.512  1432  1466 W BroadcastQueue: Appop Denial: receiving Intent { act=android.intent.action.SERVICE_STATE flg=0x1000010 (has extras) } to ProcessRecord{4a2b10e 1718:com.android.systemui/u0a157} (pid=1718, uid=10157) excludes appop android:read_phone_state due to sender android (uid 1001)
03-19 17:30:24.512  1432  1466 W BroadcastQueue: Appop Denial: receiving Intent { act=android.intent.action.SERVICE_STATE flg=0x1000010 (has extras) } to ProcessRecord{35934b5 1432:system/1000} (pid=1432, uid=1000) excludes appop android:read_phone_state due to sender android (uid 1001)
03-19 17:30:24.512  1432  1466 W BroadcastQueue: Appop Denial: receiving Intent { act=android.intent.action.SERVICE_STATE flg=0x1000010 (has extras) } to ProcessRecord{bf96670 1869:com.android.phone/1001} (pid=1869, uid=1001) excludes appop android:read_phone_state due to sender android (uid 1001)
03-19 17:30:26.018  1432  1602 W ContextImpl: Calling a method in the system process without a qualified user: android.app.ContextImpl.sendBroadcastMultiplePermissions:1222 com.android.server.TelephonyRegistry.broadcastServiceStateChanged:3113 com.android.server.TelephonyRegistry.notifyServiceStateForPhoneId:1641 com.android.internal.telephony.ITelephonyRegistry$Stub.onTransact:492 android.os.Binder.execTransactInternal:1280 
03-19 17:30:26.019  1432  1602 W ContextImpl: Calling a method in the system process without a qualified user: android.app.ContextImpl.sendBroadcastMultiplePermissions:1272 android.content.Context.sendBroadcastMultiplePermissions:2272 com.android.server.TelephonyRegistry.broadcastServiceStateChanged:3117 com.android.server.TelephonyRegistry.notifyServiceStateForPhoneId:1641 com.android.internal.telephony.ITelephonyRegistry$Stub.onTransact:492 
03-19 17:30:26.020  1432  1466 W BroadcastQueue: Permission Denial: receiving Intent { act=android.intent.action.SERVICE_STATE flg=0x1000010 (has extras) } to ProcessRecord{4a2b10e 1718:com.android.systemui/u0a157} (pid=1718, uid=10157) requires android.permission.ACCESS_FINE_LOCATION due to sender android (uid 1001)
03-19 17:30:26.023  1432  1466 W BroadcastQueue: Permission Denial: receiving Intent { act=android.intent.action.SERVICE_STATE flg=0x1000010 (has extras) } to com.google.android.cellbroadcastreceiver/com.android.cellbroadcastreceiver.CellBroadcastReceiver requires android.permission.READ_PHONE_STATE due to sender android (uid 1001)
03-19 17:30:26.025  1432  1466 W BroadcastQueue: Permission Denial: receiving Intent { act=android.intent.action.SERVICE_STATE flg=0x1000010 (has extras) } to ProcessRecord{4a2b10e 1718:com.android.systemui/u0a157} (pid=1718, uid=10157) requires android.permission.ACCESS_FINE_LOCATION due to sender android (uid 1001)
03-19 17:30:26.026  1432  1466 W BroadcastQueue: Appop Denial: receiving Intent { act=android.intent.action.SERVICE_STATE flg=0x1000010 (has extras) } to ProcessRecord{35934b5 1432:system/1000} (pid=1432, uid=1000) excludes appop android:read_phone_state due to sender android (uid 1001)
03-19 17:30:26.026  1432  1602 W ContextImpl: Calling a method in the system process without a qualified user: android.app.ContextImpl.sendBroadcastMultiplePermissions:1272 android.content.Context.sendBroadcastMultiplePermissions:2272 com.android.server.TelephonyRegistry.broadcastServiceStateChanged:3124 com.android.server.TelephonyRegistry.notifyServiceStateForPhoneId:1641 com.android.internal.telephony.ITelephonyRegistry$Stub.onTransact:492 
03-19 17:30:26.027  1432  1466 W BroadcastQueue: Appop Denial: receiving Intent { act=android.intent.action.SERVICE_STATE flg=0x1000010 (has extras) } to ProcessRecord{bf96670 1869:com.android.phone/1001} (pid=1869, uid=1001) excludes appop android:read_phone_state due to sender android (uid 1001)
03-19 17:30:26.027  1432  1466 W BroadcastQueue: Permission Denial: receiving Intent { act=android.intent.action.SERVICE_STATE flg=0x1000010 (has extras) } to com.google.android.cellbroadcastreceiver/com.android.cellbroadcastreceiver.CellBroadcastReceiver requires android.permission.ACCESS_FINE_LOCATION due to sender android (uid 1001)
03-19 17:30:26.030  1432  1602 W ContextImpl: Calling a method in the system process without a qualified user: android.app.ContextImpl.sendBroadcastMultiplePermissions:1272 android.content.Context.sendBroadcastMultiplePermissions:2272 com.android.server.TelephonyRegistry.broadcastServiceStateChanged:3128 com.android.server.TelephonyRegistry.notifyServiceStateForPhoneId:1641 com.android.internal.telephony.ITelephonyRegistry$Stub.onTransact:492 
03-19 17:30:26.031  1432  1466 W BroadcastQueue: Appop Denial: receiving Intent { act=android.intent.action.SERVICE_STATE flg=0x1000010 (has extras) } to ProcessRecord{35934b5 1432:system/1000} (pid=1432, uid=1000) excludes appop android:fine_location due to sender android (uid 1001)
03-19 17:30:26.031  1432  1466 W BroadcastQueue: Appop Denial: receiving Intent { act=android.intent.action.SERVICE_STATE flg=0x1000010 (has extras) } to ProcessRecord{bf96670 1869:com.android.phone/1001} (pid=1869, uid=1001) excludes appop android:fine_location due to sender android (uid 1001)
03-19 17:30:26.032  1432  1466 W BroadcastQueue: Permission Denial: receiving Intent { act=android.intent.action.SERVICE_STATE flg=0x1000010 (has extras) } to com.google.android.cellbroadcastreceiver/com.android.cellbroadcastreceiver.CellBroadcastReceiver requires android.permission.READ_PHONE_STATE due to sender android (uid 1001)
03-19 17:30:26.034  1432  1466 W BroadcastQueue: Appop Denial: receiving Intent { act=android.intent.action.SERVICE_STATE flg=0x1000010 (has extras) } to ProcessRecord{4a2b10e 1718:com.android.systemui/u0a157} (pid=1718, uid=10157) excludes appop android:read_phone_state due to sender android (uid 1001)
03-19 17:30:26.034  1432  1466 W BroadcastQueue: Appop Denial: receiving Intent { act=android.intent.action.SERVICE_STATE flg=0x1000010 (has extras) } to ProcessRecord{35934b5 1432:system/1000} (pid=1432, uid=1000) excludes appop android:read_phone_state due to sender android (uid 1001)
03-19 17:30:26.035  1432  1466 W BroadcastQueue: Appop Denial: receiving Intent { act=android.intent.action.SERVICE_STATE flg=0x1000010 (has extras) } to ProcessRecord{bf96670 1869:com.android.phone/1001} (pid=1869, uid=1001) excludes appop android:read_phone_state due to sender android (uid 1001)
03-19 17:30:27.112  1432  1464 I lq ThermalManagerService: getBoardTemp: 37000
03-19 17:30:27.115  1432  1464 I PowerManagerService: getBoardTemp for outdoor mode: 37000
03-19 17:30:30.483  1432  2903 W ContextImpl: Calling a method in the system process without a qualified user: android.app.ContextImpl.sendBroadcastMultiplePermissions:1222 com.android.server.TelephonyRegistry.broadcastServiceStateChanged:3113 com.android.server.TelephonyRegistry.notifyServiceStateForPhoneId:1641 com.android.internal.telephony.ITelephonyRegistry$Stub.onTransact:492 android.os.Binder.execTransactInternal:1280 
03-19 17:30:30.485  1432  2903 W ContextImpl: Calling a method in the system process without a qualified user: android.app.ContextImpl.sendBroadcastMultiplePermissions:1272 android.content.Context.sendBroadcastMultiplePermissions:2272 com.android.server.TelephonyRegistry.broadcastServiceStateChanged:3117 com.android.server.TelephonyRegistry.notifyServiceStateForPhoneId:1641 com.android.internal.telephony.ITelephonyRegistry$Stub.onTransact:492 
03-19 17:30:30.485  1432  1466 W BroadcastQueue: Permission Denial: receiving Intent { act=android.intent.action.SERVICE_STATE flg=0x1000010 (has extras) } to ProcessRecord{4a2b10e 1718:com.android.systemui/u0a157} (pid=1718, uid=10157) requires android.permission.ACCESS_FINE_LOCATION due to sender android (uid 1001)
03-19 17:30:30.488  1432  1466 W BroadcastQueue: Permission Denial: receiving Intent { act=android.intent.action.SERVICE_STATE flg=0x1000010 (has extras) } to com.google.android.cellbroadcastreceiver/com.android.cellbroadcastreceiver.CellBroadcastReceiver requires android.permission.READ_PHONE_STATE due to sender android (uid 1001)
03-19 17:30:30.490  1432  1466 W BroadcastQueue: Permission Denial: receiving Intent { act=android.intent.action.SERVICE_STATE flg=0x1000010 (has extras) } to ProcessRecord{4a2b10e 1718:com.android.systemui/u0a157} (pid=1718, uid=10157) requires android.permission.ACCESS_FINE_LOCATION due to sender android (uid 1001)
03-19 17:30:30.491  1432  2903 W ContextImpl: Calling a method in the system process without a qualified user: android.app.ContextImpl.sendBroadcastMultiplePermissions:1272 android.content.Context.sendBroadcastMultiplePermissions:2272 com.android.server.TelephonyRegistry.broadcastServiceStateChanged:3124 com.android.server.TelephonyRegistry.notifyServiceStateForPhoneId:1641 com.android.internal.telephony.ITelephonyRegistry$Stub.onTransact:492 
03-19 17:30:30.491  1432  1466 W BroadcastQueue: Appop Denial: receiving Intent { act=android.intent.action.SERVICE_STATE flg=0x1000010 (has extras) } to ProcessRecord{35934b5 1432:system/1000} (pid=1432, uid=1000) excludes appop android:read_phone_state due to sender android (uid 1001)
03-19 17:30:30.492  1432  1466 W BroadcastQueue: Appop Denial: receiving Intent { act=android.intent.action.SERVICE_STATE flg=0x1000010 (has extras) } to ProcessRecord{bf96670 1869:com.android.phone/1001} (pid=1869, uid=1001) excludes appop android:read_phone_state due to sender android (uid 1001)
03-19 17:30:30.493  1432  1466 W BroadcastQueue: Permission Denial: receiving Intent { act=android.intent.action.SERVICE_STATE flg=0x1000010 (has extras) } to com.google.android.cellbroadcastreceiver/com.android.cellbroadcastreceiver.CellBroadcastReceiver requires android.permission.ACCESS_FINE_LOCATION due to sender android (uid 1001)
03-19 17:30:30.495  1432  2903 W ContextImpl: Calling a method in the system process without a qualified user: android.app.ContextImpl.sendBroadcastMultiplePermissions:1272 android.content.Context.sendBroadcastMultiplePermissions:2272 com.android.server.TelephonyRegistry.broadcastServiceStateChanged:3128 com.android.server.TelephonyRegistry.notifyServiceStateForPhoneId:1641 com.android.internal.telephony.ITelephonyRegistry$Stub.onTransact:492 
03-19 17:30:30.496  1432  1466 W BroadcastQueue: Appop Denial: receiving Intent { act=android.intent.action.SERVICE_STATE flg=0x1000010 (has extras) } to ProcessRecord{35934b5 1432:system/1000} (pid=1432, uid=1000) excludes appop android:fine_location due to sender android (uid 1001)
03-19 17:30:30.498  1432  1466 W BroadcastQueue: Appop Denial: receiving Intent { act=android.intent.action.SERVICE_STATE flg=0x1000010 (has extras) } to ProcessRecord{bf96670 1869:com.android.phone/1001} (pid=1869, uid=1001) excludes appop android:fine_location due to sender android (uid 1001)
03-19 17:30:30.499  1432  1466 W BroadcastQueue: Permission Denial: receiving Intent { act=android.intent.action.SERVICE_STATE flg=0x1000010 (has extras) } to com.google.android.cellbroadcastreceiver/com.android.cellbroadcastreceiver.CellBroadcastReceiver requires android.permission.READ_PHONE_STATE due to sender android (uid 1001)
03-19 17:30:30.501  1432  1466 W BroadcastQueue: Appop Denial: receiving Intent { act=android.intent.action.SERVICE_STATE flg=0x1000010 (has extras) } to ProcessRecord{4a2b10e 1718:com.android.systemui/u0a157} (pid=1718, uid=10157) excludes appop android:read_phone_state due to sender android (uid 1001)
03-19 17:30:30.501  1432  1466 W BroadcastQueue: Appop Denial: receiving Intent { act=android.intent.action.SERVICE_STATE flg=0x1000010 (has extras) } to ProcessRecord{35934b5 1432:system/1000} (pid=1432, uid=1000) excludes appop android:read_phone_state due to sender android (uid 1001)
03-19 17:30:30.502  1432  1466 W BroadcastQueue: Appop Denial: receiving Intent { act=android.intent.action.SERVICE_STATE flg=0x1000010 (has extras) } to ProcessRecord{bf96670 1869:com.android.phone/1001} (pid=1869, uid=1001) excludes appop android:read_phone_state due to sender android (uid 1001)
03-19 17:30:32.118  1432  1464 I lq ThermalManagerService: getBoardTemp: 37000
03-19 17:30:32.121  1432  1464 I PowerManagerService: getBoardTemp for outdoor mode: 37000
03-19 17:30:37.125  1432  1464 I lq ThermalManagerService: getBoardTemp: 37000
03-19 17:30:37.128  1432  1464 I PowerManagerService: getBoardTemp for outdoor mode: 37000
03-19 17:30:39.118  1432  1604 E AlarmManager: Attempt to decrement existing alarm count 0 by 1 for uid 1000
03-19 17:30:39.122  1432  1466 I DropBoxManagerService: add tag=system_server_wtf isTagEnabled=true flags=0x2
03-19 17:30:39.178  1432  1432 I MountServiceIdler: sNextTrimDuration :  1800000
03-19 17:30:39.182  1432  1467 I ActivityManager: Start proc 24259:com.google.android.partnersetup/u0a118 for service {com.google.android.partnersetup/com.google.android.partnersetup.InstalledAppJobService}
03-19 17:30:39.183  1432  1432 W JobScheduler: Job didn't exist in JobStore: 19737a2 #1000/808 android/com.android.server.MountServiceIdler
03-19 17:30:39.432  1432  1719 W JobScheduler: Job didn't exist in JobStore: 40acb5b #u0a118/4096 com.google.android.partnersetup/.InstalledAppJobService
03-19 17:30:39.975  1432  1719 I ActivityManager: Killing 23904:com.google.android.apps.messaging/u0a126 (adj 955): empty #9
03-19 17:30:41.134  1432  1466 W BroadcastQueue: Background execution not allowed: receiving Intent { act=android.intent.action.DROPBOX_ENTRY_ADDED flg=0x10 (has extras) } to com.google.android.gms/.chimera.GmsIntentOperationService$PersistentTrustedReceiver
03-19 17:30:41.135  1432  1466 W BroadcastQueue: Background execution not allowed: receiving Intent { act=android.intent.action.DROPBOX_ENTRY_ADDED flg=0x10 (has extras) } to com.google.android.gms/.stats.service.DropBoxEntryAddedReceiver
03-19 17:30:41.271  1432  7369 I DropBoxManagerService: add tag=platform_stats_bookmark isTagEnabled=true flags=0x2
03-19 17:30:41.277  1432  1466 W BroadcastQueue: Background execution not allowed: receiving Intent { act=android.intent.action.DROPBOX_ENTRY_ADDED flg=0x10 (has extras) } to com.google.android.gms/.chimera.GmsIntentOperationService$PersistentTrustedReceiver
03-19 17:30:41.278  1432  1466 W BroadcastQueue: Background execution not allowed: receiving Intent { act=android.intent.action.DROPBOX_ENTRY_ADDED flg=0x10 (has extras) } to com.google.android.gms/.stats.service.DropBoxEntryAddedReceiver
03-19 17:30:42.129  1432  1464 I lq ThermalManagerService: getBoardTemp: 37000
03-19 17:30:42.131  1432  1464 I PowerManagerService: getBoardTemp for outdoor mode: 37000
03-19 17:30:44.599  1432  1450 W ContextImpl: Calling a method in the system process without a qualified user: android.app.ContextImpl.sendBroadcastMultiplePermissions:1222 com.android.server.TelephonyRegistry.broadcastServiceStateChanged:3113 com.android.server.TelephonyRegistry.notifyServiceStateForPhoneId:1641 com.android.internal.telephony.ITelephonyRegistry$Stub.onTransact:492 android.os.Binder.execTransactInternal:1280 
03-19 17:30:44.601  1432  1450 W ContextImpl: Calling a method in the system process without a qualified user: android.app.ContextImpl.sendBroadcastMultiplePermissions:1272 android.content.Context.sendBroadcastMultiplePermissions:2272 com.android.server.TelephonyRegistry.broadcastServiceStateChanged:3117 com.android.server.TelephonyRegistry.notifyServiceStateForPhoneId:1641 com.android.internal.telephony.ITelephonyRegistry$Stub.onTransact:492 
03-19 17:30:44.601  1432  1466 W BroadcastQueue: Permission Denial: receiving Intent { act=android.intent.action.SERVICE_STATE flg=0x1000010 (has extras) } to ProcessRecord{4a2b10e 1718:com.android.systemui/u0a157} (pid=1718, uid=10157) requires android.permission.ACCESS_FINE_LOCATION due to sender android (uid 1001)
03-19 17:30:44.603  1432  1466 W BroadcastQueue: Permission Denial: receiving Intent { act=android.intent.action.SERVICE_STATE flg=0x1000010 (has extras) } to com.google.android.cellbroadcastreceiver/com.android.cellbroadcastreceiver.CellBroadcastReceiver requires android.permission.READ_PHONE_STATE due to sender android (uid 1001)
03-19 17:30:44.605  1432  1466 W BroadcastQueue: Permission Denial: receiving Intent { act=android.intent.action.SERVICE_STATE flg=0x1000010 (has extras) } to ProcessRecord{4a2b10e 1718:com.android.systemui/u0a157} (pid=1718, uid=10157) requires android.permission.ACCESS_FINE_LOCATION due to sender android (uid 1001)
03-19 17:30:44.606  1432  1450 W ContextImpl: Calling a method in the system process without a qualified user: android.app.ContextImpl.sendBroadcastMultiplePermissions:1272 android.content.Context.sendBroadcastMultiplePermissions:2272 com.android.server.TelephonyRegistry.broadcastServiceStateChanged:3124 com.android.server.TelephonyRegistry.notifyServiceStateForPhoneId:1641 com.android.internal.telephony.ITelephonyRegistry$Stub.onTransact:492 
03-19 17:30:44.606  1432  1466 W BroadcastQueue: Appop Denial: receiving Intent { act=android.intent.action.SERVICE_STATE flg=0x1000010 (has extras) } to ProcessRecord{35934b5 1432:system/1000} (pid=1432, uid=1000) excludes appop android:read_phone_state due to sender android (uid 1001)
03-19 17:30:44.607  1432  1466 W BroadcastQueue: Appop Denial: receiving Intent { act=android.intent.action.SERVICE_STATE flg=0x1000010 (has extras) } to ProcessRecord{bf96670 1869:com.android.phone/1001} (pid=1869, uid=1001) excludes appop android:read_phone_state due to sender android (uid 1001)
03-19 17:30:44.607  1432  1466 W BroadcastQueue: Permission Denial: receiving Intent { act=android.intent.action.SERVICE_STATE flg=0x1000010 (has extras) } to com.google.android.cellbroadcastreceiver/com.android.cellbroadcastreceiver.CellBroadcastReceiver requires android.permission.ACCESS_FINE_LOCATION due to sender android (uid 1001)
03-19 17:30:44.609  1432  1450 W ContextImpl: Calling a method in the system process without a qualified user: android.app.ContextImpl.sendBroadcastMultiplePermissions:1272 android.content.Context.sendBroadcastMultiplePermissions:2272 com.android.server.TelephonyRegistry.broadcastServiceStateChanged:3128 com.android.server.TelephonyRegistry.notifyServiceStateForPhoneId:1641 com.android.internal.telephony.ITelephonyRegistry$Stub.onTransact:492 
03-19 17:30:44.613  1432  1466 W BroadcastQueue: Appop Denial: receiving Intent { act=android.intent.action.SERVICE_STATE flg=0x1000010 (has extras) } to ProcessRecord{35934b5 1432:system/1000} (pid=1432, uid=1000) excludes appop android:fine_location due to sender android (uid 1001)
03-19 17:30:44.614  1432  1466 W BroadcastQueue: Appop Denial: receiving Intent { act=android.intent.action.SERVICE_STATE flg=0x1000010 (has extras) } to ProcessRecord{bf96670 1869:com.android.phone/1001} (pid=1869, uid=1001) excludes appop android:fine_location due to sender android (uid 1001)
03-19 17:30:44.615  1432  1466 W BroadcastQueue: Permission Denial: receiving Intent { act=android.intent.action.SERVICE_STATE flg=0x1000010 (has extras) } to com.google.android.cellbroadcastreceiver/com.android.cellbroadcastreceiver.CellBroadcastReceiver requires android.permission.READ_PHONE_STATE due to sender android (uid 1001)
03-19 17:30:44.616  1432  1466 W BroadcastQueue: Appop Denial: receiving Intent { act=android.intent.action.SERVICE_STATE flg=0x1000010 (has extras) } to ProcessRecord{4a2b10e 1718:com.android.systemui/u0a157} (pid=1718, uid=10157) excludes appop android:read_phone_state due to sender android (uid 1001)
03-19 17:30:44.617  1432  1466 W BroadcastQueue: Appop Denial: receiving Intent { act=android.intent.action.SERVICE_STATE flg=0x1000010 (has extras) } to ProcessRecord{35934b5 1432:system/1000} (pid=1432, uid=1000) excludes appop android:read_phone_state due to sender android (uid 1001)
03-19 17:30:44.617  1432  1466 W BroadcastQueue: Appop Denial: receiving Intent { act=android.intent.action.SERVICE_STATE flg=0x1000010 (has extras) } to ProcessRecord{bf96670 1869:com.android.phone/1001} (pid=1869, uid=1001) excludes appop android:read_phone_state due to sender android (uid 1001)
03-19 17:30:47.134  1432  1464 I lq ThermalManagerService: getBoardTemp: 37000
03-19 17:30:47.136  1432  1464 I PowerManagerService: getBoardTemp for outdoor mode: 37000
03-19 17:30:52.142  1432  1464 I lq ThermalManagerService: getBoardTemp: 37000
03-19 17:30:52.145  1432  1464 I PowerManagerService: getBoardTemp for outdoor mode: 37000
03-19 17:30:57.151  1432  1464 I lq ThermalManagerService: getBoardTemp: 37000
03-19 17:30:57.154  1432  1464 I PowerManagerService: getBoardTemp for outdoor mode: 37000
03-19 17:31:02.155  1432  1464 I lq ThermalManagerService: getBoardTemp: 37000
03-19 17:31:02.158  1432  1464 I PowerManagerService: getBoardTemp for outdoor mode: 37000
03-19 17:31:07.163  1432  1464 I lq ThermalManagerService: getBoardTemp: 37000
03-19 17:31:07.166  1432  1464 I PowerManagerService: getBoardTemp for outdoor mode: 37000
03-19 17:31:12.168  1432  1464 I lq ThermalManagerService: getBoardTemp: 37000
03-19 17:31:12.171  1432  1464 I PowerManagerService: getBoardTemp for outdoor mode: 37000
03-19 17:31:17.175  1432  1464 I lq ThermalManagerService: getBoardTemp: 37000
03-19 17:31:17.178  1432  1464 I PowerManagerService: getBoardTemp for outdoor mode: 37000
03-19 17:31:22.182  1432  1464 I lq ThermalManagerService: getBoardTemp: 37000
03-19 17:31:22.186  1432  1464 I PowerManagerService: getBoardTemp for outdoor mode: 37000
03-19 17:31:24.530  1432  7369 W BatteryExternalStatsWorker: error reading Bluetooth stats: 11
03-19 17:31:27.189  1432  1464 I lq ThermalManagerService: getBoardTemp: 37000
03-19 17:31:27.191  1432  1464 I PowerManagerService: getBoardTemp for outdoor mode: 37000
03-19 17:31:31.650  1432 24330 I lq Power.CloudUpdateJobService: cloud sync job running ...
03-19 17:31:31.650  1432 24330 I lq Power.CloudUpdateJobService: come into scheduleCloudUpdateJob
03-19 17:31:31.654  1432  1432 I lq Power.CloudUpdateJobService: job has been destroyed and rescheduled
03-19 17:31:32.192  1432  1464 I lq ThermalManagerService: getBoardTemp: 37000
03-19 17:31:32.195  1432  1464 I PowerManagerService: getBoardTemp for outdoor mode: 37000
03-19 17:31:37.202  1432  1464 I lq ThermalManagerService: getBoardTemp: 37000
03-19 17:31:37.205  1432  1464 I PowerManagerService: getBoardTemp for outdoor mode: 37000
03-19 17:31:42.205  1432  1464 I lq ThermalManagerService: getBoardTemp: 37000
03-19 17:31:42.209  1432  1464 I PowerManagerService: getBoardTemp for outdoor mode: 37000
03-19 17:31:47.213  1432  1464 I lq ThermalManagerService: getBoardTemp: 37000
03-19 17:31:47.217  1432  1464 I PowerManagerService: getBoardTemp for outdoor mode: 37000
03-19 17:31:52.224  1432  1464 I lq ThermalManagerService: getBoardTemp: 37000
03-19 17:31:52.228  1432  1464 I PowerManagerService: getBoardTemp for outdoor mode: 37000
03-19 17:31:57.232  1432  1464 I lq ThermalManagerService: getBoardTemp: 37000
03-19 17:31:57.235  1432  1464 I PowerManagerService: getBoardTemp for outdoor mode: 37000
03-19 17:32:02.240  1432  1464 I lq ThermalManagerService: getBoardTemp: 37000
03-19 17:32:02.243  1432  1464 I PowerManagerService: getBoardTemp for outdoor mode: 37000
03-19 17:32:04.260  1432  7962 W ContextImpl: Calling a method in the system process without a qualified user: android.app.ContextImpl.sendBroadcastMultiplePermissions:1222 com.android.server.TelephonyRegistry.broadcastServiceStateChanged:3113 com.android.server.TelephonyRegistry.notifyServiceStateForPhoneId:1641 com.android.internal.telephony.ITelephonyRegistry$Stub.onTransact:492 android.os.Binder.execTransactInternal:1280 
03-19 17:32:04.261  1432  7962 W ContextImpl: Calling a method in the system process without a qualified user: android.app.ContextImpl.sendBroadcastMultiplePermissions:1272 android.content.Context.sendBroadcastMultiplePermissions:2272 com.android.server.TelephonyRegistry.broadcastServiceStateChanged:3117 com.android.server.TelephonyRegistry.notifyServiceStateForPhoneId:1641 com.android.internal.telephony.ITelephonyRegistry$Stub.onTransact:492 
03-19 17:32:04.262  1432  1466 W BroadcastQueue: Permission Denial: receiving Intent { act=android.intent.action.SERVICE_STATE flg=0x1000010 (has extras) } to ProcessRecord{4a2b10e 1718:com.android.systemui/u0a157} (pid=1718, uid=10157) requires android.permission.ACCESS_FINE_LOCATION due to sender android (uid 1001)
