--------- beginning of system
02-26 11:42:00.659  1459  1496 I PowerManagerService: getBoardTemp for outdoor mode: 32000
02-26 11:42:00.663  1459  1496 I lq ThermalManagerService: getBoardTemp: 32000
02-26 11:42:05.668  1459  1496 I PowerManagerService: getBoardTemp for outdoor mode: 32000
02-26 11:42:05.670  1459  1496 I lq ThermalManagerService: getBoardTemp: 32000
02-26 11:42:10.675  1459  1496 I PowerManagerService: getBoardTemp for outdoor mode: 32000
02-26 11:42:10.678  1459  1496 I lq ThermalManagerService: getBoardTemp: 32000
02-26 11:42:15.683  1459  1496 I PowerManagerService: getBoardTemp for outdoor mode: 32000
02-26 11:42:15.685  1459  1496 I lq ThermalManagerService: getBoardTemp: 32000
02-26 11:42:20.690  1459  1496 I PowerManagerService: getBoardTemp for outdoor mode: 32000
02-26 11:42:20.692  1459  1496 I lq ThermalManagerService: getBoardTemp: 32000
02-26 11:42:25.697  1459  1496 I PowerManagerService: getBoardTemp for outdoor mode: 32000
02-26 11:42:25.699  1459  1496 I lq ThermalManagerService: getBoardTemp: 32000
02-26 11:42:30.703  1459  1496 I PowerManagerService: getBoardTemp for outdoor mode: 32000
02-26 11:42:30.706  1459  1496 I lq ThermalManagerService: getBoardTemp: 32000
02-26 11:42:35.710  1459  1496 I PowerManagerService: getBoardTemp for outdoor mode: 32000
02-26 11:42:35.713  1459  1496 I lq ThermalManagerService: getBoardTemp: 32000
02-26 11:42:40.715  1459  1496 I PowerManagerService: getBoardTemp for outdoor mode: 32000
02-26 11:42:40.718  1459  1496 I lq ThermalManagerService: getBoardTemp: 32000
02-26 11:42:45.718  1459  1496 I PowerManagerService: getBoardTemp for outdoor mode: 32000
02-26 11:42:45.720  1459  1496 I lq ThermalManagerService: getBoardTemp: 32000
02-26 11:42:50.723  1459  1496 I PowerManagerService: getBoardTemp for outdoor mode: 32000
02-26 11:42:50.726  1459  1496 I lq ThermalManagerService: getBoardTemp: 32000
02-26 11:42:55.730  1459  1496 I PowerManagerService: getBoardTemp for outdoor mode: 32000
02-26 11:42:55.733  1459  1496 I lq ThermalManagerService: getBoardTemp: 32000
02-26 11:43:00.732  1459  1496 I PowerManagerService: getBoardTemp for outdoor mode: 32000
02-26 11:43:00.735  1459  1496 I lq ThermalManagerService: getBoardTemp: 32000
02-26 11:43:05.738  1459  1496 I PowerManagerService: getBoardTemp for outdoor mode: 32000
02-26 11:43:05.740  1459  1496 I lq ThermalManagerService: getBoardTemp: 32000
02-26 11:43:10.742  1459  1496 I PowerManagerService: getBoardTemp for outdoor mode: 33000
02-26 11:43:10.743  1459  1496 I lq ThermalManagerService: getBoardTemp: 33000
02-26 11:43:15.746  1459  1496 I PowerManagerService: getBoardTemp for outdoor mode: 33000
02-26 11:43:15.747  1459  1496 I lq ThermalManagerService: getBoardTemp: 33000
02-26 11:43:20.754  1459  1496 I PowerManagerService: getBoardTemp for outdoor mode: 33000
02-26 11:43:20.757  1459  1496 I lq ThermalManagerService: getBoardTemp: 33000
02-26 11:43:25.761  1459  1496 I PowerManagerService: getBoardTemp for outdoor mode: 33000
02-26 11:43:25.764  1459  1496 I lq ThermalManagerService: getBoardTemp: 33000
02-26 11:43:30.767  1459  1496 I PowerManagerService: getBoardTemp for outdoor mode: 33000
02-26 11:43:30.770  1459  1496 I lq ThermalManagerService: getBoardTemp: 33000
--------- beginning of main
02-26 11:43:34.325   796 11713 E C2MtkVdec: [0xEA0EDD00] fetch graphic block err = 110
02-26 11:43:34.395   796 13058 W C2BqBuffer: last successful dequeue was 441897617153 us ago, 0 consecutive failures
02-26 11:43:34.402   796  1563 E C2MtkVdec: [0xEC399B00] fetch graphic block err = 110
02-26 11:43:34.402   796 11688 E C2MtkVdec: [0xEA0EA500] fetch graphic block err = 110
02-26 11:43:34.402   796 21245 E C2MtkVdec: [0xEB097C00] fetch graphic block err = 110
02-26 11:43:34.402   796 22390 E C2MtkVdec: [0xEB09C900] fetch graphic block err = 110
02-26 11:43:34.425   796 11713 E C2MtkVdec: [0xEA0EDD00] fetch graphic block err = 110
02-26 11:43:34.425   796 11713 E VDO_LOG : ### +VDEC_DRV_GET_TYPE_GET_PIXEL_FORMAT
02-26 11:43:34.425   796 11713 E VDO_LOG : [Info] get updated pixel format:  4
02-26 11:43:34.502   796 11688 E C2MtkVdec: [0xEA0EA500] fetch graphic block err = 110
02-26 11:43:34.502   796  1563 E C2MtkVdec: [0xEC399B00] fetch graphic block err = 110
02-26 11:43:34.502   796 21245 E C2MtkVdec: [0xEB097C00] fetch graphic block err = 110
02-26 11:43:34.502   796 22390 E C2MtkVdec: [0xEB09C900] fetch graphic block err = 110
02-26 11:43:34.502   796 22390 E VDO_LOG : ### +VDEC_DRV_GET_TYPE_GET_PIXEL_FORMAT
02-26 11:43:34.502   796 22390 E VDO_LOG : [Info] get updated pixel format:  4
02-26 11:43:34.527   796 11713 E C2MtkVdec: [0xEA0EDD00] fetch graphic block err = 110
02-26 11:43:34.602   796 11688 E C2MtkVdec: [0xEA0EA500] fetch graphic block err = 110
02-26 11:43:34.602   796 21245 E C2MtkVdec: [0xEB097C00] fetch graphic block err = 110
02-26 11:43:34.602   796  1563 E C2MtkVdec: [0xEC399B00] fetch graphic block err = 110
02-26 11:43:34.603   796 22390 E C2MtkVdec: [0xEB09C900] fetch graphic block err = 110
02-26 11:43:34.627   796 11713 E C2MtkVdec: [0xEA0EDD00] fetch graphic block err = 110
02-26 11:43:34.695 23155 31055 W ReactNativeJS: ReactImageView: Image source "null" doesn't exist
02-26 11:43:34.703   796 21245 E C2MtkVdec: [0xEB097C00] fetch graphic block err = 110
02-26 11:43:34.703   796 11688 E C2MtkVdec: [0xEA0EA500] fetch graphic block err = 110
02-26 11:43:34.703   796  1563 E C2MtkVdec: [0xEC399B00] fetch graphic block err = 110
02-26 11:43:34.703   796 22390 E C2MtkVdec: [0xEB09C900] fetch graphic block err = 110
02-26 11:43:34.728   796 11713 E C2MtkVdec: [0xEA0EDD00] fetch graphic block err = 110
02-26 11:43:34.760 23155 31055 W ReactNativeJS: ReactImageView: Image source "null" doesn't exist
02-26 11:43:34.789 23155 31055 W ReactNativeJS: ReactImageView: Image source "null" doesn't exist
02-26 11:43:34.803   796 21245 E C2MtkVdec: [0xEB097C00] fetch graphic block err = 110
02-26 11:43:34.803   796 11688 E C2MtkVdec: [0xEA0EA500] fetch graphic block err = 110
02-26 11:43:34.803   796  1563 E C2MtkVdec: [0xEC399B00] fetch graphic block err = 110
02-26 11:43:34.803   796 22390 E C2MtkVdec: [0xEB09C900] fetch graphic block err = 110
02-26 11:43:34.828   796 11713 E C2MtkVdec: [0xEA0EDD00] fetch graphic block err = 110
02-26 11:43:34.903   796 21245 E C2MtkVdec: [0xEB097C00] fetch graphic block err = 110
02-26 11:43:34.903   796 11688 E C2MtkVdec: [0xEA0EA500] fetch graphic block err = 110
02-26 11:43:34.903   796  1563 E C2MtkVdec: [0xEC399B00] fetch graphic block err = 110
02-26 11:43:34.903   796 22390 E C2MtkVdec: [0xEB09C900] fetch graphic block err = 110
02-26 11:43:34.929   796 11713 E C2MtkVdec: [0xEA0EDD00] fetch graphic block err = 110
02-26 11:43:35.003   796 11688 E C2MtkVdec: [0xEA0EA500] fetch graphic block err = 110
02-26 11:43:35.003   796 21245 E C2MtkVdec: [0xEB097C00] fetch graphic block err = 110
02-26 11:43:35.003   796  1563 E C2MtkVdec: [0xEC399B00] fetch graphic block err = 110
02-26 11:43:35.003   796 22390 E C2MtkVdec: [0xEB09C900] fetch graphic block err = 110
02-26 11:43:35.029   796 11713 E C2MtkVdec: [0xEA0EDD00] fetch graphic block err = 110
02-26 11:43:35.103   796  1563 E C2MtkVdec: [0xEC399B00] fetch graphic block err = 110
02-26 11:43:35.104   796 21245 E C2MtkVdec: [0xEB097C00] fetch graphic block err = 110
02-26 11:43:35.104   796 11688 E C2MtkVdec: [0xEA0EA500] fetch graphic block err = 110
02-26 11:43:35.104   796 22390 E C2MtkVdec: [0xEB09C900] fetch graphic block err = 110
02-26 11:43:35.130   796 11713 E C2MtkVdec: [0xEA0EDD00] fetch graphic block err = 110
02-26 11:43:35.204   796 22390 E C2MtkVdec: [0xEB09C900] fetch graphic block err = 110
02-26 11:43:35.204   796  1563 E C2MtkVdec: [0xEC399B00] fetch graphic block err = 110
02-26 11:43:35.204   796 21245 E C2MtkVdec: [0xEB097C00] fetch graphic block err = 110
02-26 11:43:35.204   796 11688 E C2MtkVdec: [0xEA0EA500] fetch graphic block err = 110
02-26 11:43:35.230   796 11713 E C2MtkVdec: [0xEA0EDD00] fetch graphic block err = 110
02-26 11:43:35.269   819   819 I BufferQueueProducer: [com.mobile/com.mobile.MainActivity#118792](this:0xec99bcdc,id:-1,api:0,p:-1,c:819) queueBuffer: fps=1.66 dur=2408.21 max=1910.94 min=17.76
02-26 11:43:35.272   794   794 I hwcomposer: [HWCDisplay] [Display_0 (type:1)] fps:1.660315,dur:2409.18,max:1910.96,min:17.13  
02-26 11:43:35.304   796 22390 E C2MtkVdec: [0xEB09C900] fetch graphic block err = 110
02-26 11:43:35.304   796 21245 E C2MtkVdec: [0xEB097C00] fetch graphic block err = 110
02-26 11:43:35.304   796 11688 E C2MtkVdec: [0xEA0EA500] fetch graphic block err = 110
02-26 11:43:35.304   796  1563 E C2MtkVdec: [0xEC399B00] fetch graphic block err = 110
02-26 11:43:35.330   796 11713 E C2MtkVdec: [0xEA0EDD00] fetch graphic block err = 110
02-26 11:43:35.404   796 21245 E C2MtkVdec: [0xEB097C00] fetch graphic block err = 110
02-26 11:43:35.405   796 11688 E C2MtkVdec: [0xEA0EA500] fetch graphic block err = 110
02-26 11:43:35.405   796  1563 E C2MtkVdec: [0xEC399B00] fetch graphic block err = 110
02-26 11:43:35.405   796 22390 E C2MtkVdec: [0xEB09C900] fetch graphic block err = 110
02-26 11:43:35.431   796 11713 E C2MtkVdec: [0xEA0EDD00] fetch graphic block err = 110
02-26 11:43:35.505   796 21245 E C2MtkVdec: [0xEB097C00] fetch graphic block err = 110
02-26 11:43:35.505   796 11688 E C2MtkVdec: [0xEA0EA500] fetch graphic block err = 110
02-26 11:43:35.505   796  1563 E C2MtkVdec: [0xEC399B00] fetch graphic block err = 110
02-26 11:43:35.505   796 22390 E C2MtkVdec: [0xEB09C900] fetch graphic block err = 110
02-26 11:43:35.532   796 11713 E C2MtkVdec: [0xEA0EDD00] fetch graphic block err = 110
02-26 11:43:35.605   796  1563 E C2MtkVdec: [0xEC399B00] fetch graphic block err = 110
02-26 11:43:35.605   796 21245 E C2MtkVdec: [0xEB097C00] fetch graphic block err = 110
02-26 11:43:35.605   796 21245 E VDO_LOG : ### +VDEC_DRV_GET_TYPE_GET_PIXEL_FORMAT
02-26 11:43:35.605   796 22390 E C2MtkVdec: [0xEB09C900] fetch graphic block err = 110
02-26 11:43:35.605   796 11688 E C2MtkVdec: [0xEA0EA500] fetch graphic block err = 110
02-26 11:43:35.605   796 21245 E VDO_LOG : [Info] get updated pixel format:  4
02-26 11:43:35.632   796 11713 E C2MtkVdec: [0xEA0EDD00] fetch graphic block err = 110
02-26 11:43:35.671   784 31105 I resolv  : GetAddrInfoHandler::run: {463 463 463 983503 10243 0}
02-26 11:43:35.705   796  1563 E C2MtkVdec: [0xEC399B00] fetch graphic block err = 110
02-26 11:43:35.705   796 11688 E C2MtkVdec: [0xEA0EA500] fetch graphic block err = 110
02-26 11:43:35.706   796 22390 E C2MtkVdec: [0xEB09C900] fetch graphic block err = 110
02-26 11:43:35.706   796 21245 E C2MtkVdec: [0xEB097C00] fetch graphic block err = 110
02-26 11:43:35.733   796 11713 E C2MtkVdec: [0xEA0EDD00] fetch graphic block err = 110
02-26 11:43:35.776  1459  1496 I PowerManagerService: getBoardTemp for outdoor mode: 33000
02-26 11:43:35.778  1459  1496 I lq ThermalManagerService: getBoardTemp: 33000
02-26 11:43:35.806   796  1563 E C2MtkVdec: [0xEC399B00] fetch graphic block err = 110
02-26 11:43:35.806   796 11688 E C2MtkVdec: [0xEA0EA500] fetch graphic block err = 110
02-26 11:43:35.806   796 22390 E C2MtkVdec: [0xEB09C900] fetch graphic block err = 110
02-26 11:43:35.806   796 21245 E C2MtkVdec: [0xEB097C00] fetch graphic block err = 110
02-26 11:43:35.833   796 11713 E C2MtkVdec: [0xEA0EDD00] fetch graphic block err = 110
02-26 11:43:35.906   796  1563 E C2MtkVdec: [0xEC399B00] fetch graphic block err = 110
02-26 11:43:35.906   796 22390 E C2MtkVdec: [0xEB09C900] fetch graphic block err = 110
02-26 11:43:35.906   796 11688 E C2MtkVdec: [0xEA0EA500] fetch graphic block err = 110
02-26 11:43:35.907   796 21245 E C2MtkVdec: [0xEB097C00] fetch graphic block err = 110
02-26 11:43:35.934   796 11713 E C2MtkVdec: [0xEA0EDD00] fetch graphic block err = 110
02-26 11:43:36.007   796 22390 E C2MtkVdec: [0xEB09C900] fetch graphic block err = 110
02-26 11:43:36.007   796  1563 E C2MtkVdec: [0xEC399B00] fetch graphic block err = 110
02-26 11:43:36.007   796 11688 E C2MtkVdec: [0xEA0EA500] fetch graphic block err = 110
02-26 11:43:36.007   796 21245 E C2MtkVdec: [0xEB097C00] fetch graphic block err = 110
02-26 11:43:36.034   796 11713 E C2MtkVdec: [0xEA0EDD00] fetch graphic block err = 110
02-26 11:43:36.107   796 22390 E C2MtkVdec: [0xEB09C900] fetch graphic block err = 110
02-26 11:43:36.107   796  1563 E C2MtkVdec: [0xEC399B00] fetch graphic block err = 110
02-26 11:43:36.107   796 11688 E C2MtkVdec: [0xEA0EA500] fetch graphic block err = 110
02-26 11:43:36.108   796 21245 E C2MtkVdec: [0xEB097C00] fetch graphic block err = 110
02-26 11:43:36.133   805   889 I libPowerHal: [perfLockAcq] idx:16 hdl:203218 hint:25 pid:805 duration:10000 lock_user:mtkpower@1.0-se => ret_hdl:203218
02-26 11:43:36.133   805   889 I libPowerHal: MTKPOWER_HINT_APP_TOUCH: set gpu opp level: 0
02-26 11:43:36.135   796 11713 E C2MtkVdec: [0xEA0EDD00] fetch graphic block err = 110
02-26 11:43:36.135   805   889 I libPowerHal: MTKPOWER_HINT_APP_TOUCH: set gpu opp level max: 0
02-26 11:43:36.137   805   889 I libPowerHal: MTKPOWER_HINT_APP_TOUCH: cpu_ctrl set cpu freq: 2200000 -1 1600000 -1
02-26 11:43:36.138   805   889 I libPowerHal: [PE] MTKPOWER_HINT_APP_TOUCH update cmd:1000000, param:0
02-26 11:43:36.138   805   889 I libPowerHal: [PE] MTKPOWER_HINT_APP_TOUCH update cmd:1408300, param:100
02-26 11:43:36.138   805   889 I libPowerHal: [PE] MTKPOWER_HINT_APP_TOUCH update cmd:3408600 param:1
02-26 11:43:36.138   805   889 I libPowerHal: [PE] MTKPOWER_HINT_APP_TOUCH update cmd:1000000 param:0
02-26 11:43:36.202  1459  1487 I mtkpower_client: perf_lock_acq, hdl:203206, dur:2000, num:8, tid:1487
02-26 11:43:36.203  1459  1487 I mtkpower_client: ret_hdl:203219
02-26 11:43:36.203  1459  1487 W DisplayPolicy: miuibooster onScroll package name: com.mobile
02-26 11:43:36.203   805   889 I libPowerHal: [perfLockAcq] idx:17 hdl:203219 hint:-1 pid:1459 duration:2000 lock_user:system_server => ret_hdl:203219
02-26 11:43:36.203   805   889 I libPowerHal: system_server: set gpu opp level max: 0
02-26 11:43:36.207   796 22390 E C2MtkVdec: [0xEB09C900] fetch graphic block err = 110
02-26 11:43:36.208   796  1563 E C2MtkVdec: [0xEC399B00] fetch graphic block err = 110
02-26 11:43:36.208   796 11688 E C2MtkVdec: [0xEA0EA500] fetch graphic block err = 110
02-26 11:43:36.208   796 21245 E C2MtkVdec: [0xEB097C00] fetch graphic block err = 110
02-26 11:43:36.223  2781  2781 W adbd    : timeout expired while flushing socket, closing
02-26 11:43:36.235   796 11713 E C2MtkVdec: [0xEA0EDD00] fetch graphic block err = 110
02-26 11:43:36.273  1459  2135 I mtkpower_client: perf_lock_acq, hdl:203210, dur:3000, num:2, tid:2135
02-26 11:43:36.274  1459  2135 I mtkpower_client: ret_hdl:203220
02-26 11:43:36.275   805   889 I libPowerHal: cmdSetting - unknown cmd:3408500, scmd:(null) ,param_1:0
02-26 11:43:36.275   805   889 I libPowerHal: [perfLockAcq] idx:18 hdl:203220 hint:-1 pid:1459 duration:3000 lock_user:system_server => ret_hdl:203220
02-26 11:43:36.275  1459  8785 I mtkpower_client: perf_lock_rel, hdl:203220, tid:8785
02-26 11:43:36.275  1459  2673 I mtkpower_client: perf_lock_acq, hdl:203220, dur:3000, num:4, tid:2673
02-26 11:43:36.276   805   889 I libPowerHal: [perfLockRel] hdl:203220, idx:18
02-26 11:43:36.276  1459  2673 I mtkpower_client: ret_hdl:203221
02-26 11:43:36.277   805   889 I libPowerHal: [perfLockAcq] idx:18 hdl:203221 hint:-1 pid:1459 duration:3000 lock_user:system_server => ret_hdl:203221
02-26 11:43:36.277   805   889 I libPowerHal: [fpsgo_noctrl_render_thread] 23380, 0xf372d060
02-26 11:43:36.278  1459  2673 I mtkpower_client: perf_lock_rel, hdl:203221, tid:2673
02-26 11:43:36.278   805   889 I libPowerHal: [PE] system_server update cmd:2000300 param:23380
02-26 11:43:36.279   805   889 I libPowerHal: [perfLockRel] hdl:203221, idx:18
02-26 11:43:36.280   805   889 I libPowerHal: [fpsgo_noctrl_render_thread] 23380, 0xf372d060
02-26 11:43:36.280   805   889 I libPowerHal: [PD] system_server update ONESHOT cmd:2000300 param:23380
02-26 11:43:36.280   819   819 I BufferQueueProducer: [com.mobile/com.mobile.MainActivity#118792](this:0xec99bcdc,id:-1,api:0,p:-1,c:819) queueBuffer: fps=1.98 dur=1011.25 max=892.93 min=118.32
02-26 11:43:36.281   794   794 I hwcomposer: [HWCDisplay] [Display_0 (type:1)] fps:1.981452,dur:1009.36,max:890.70,min:118.66  
02-26 11:43:36.288 23155 23414 I libPerfCtl: fbcNotifySbeRescue ret=-1
02-26 11:43:36.284 23155 23155 W FramePolicy: type=1400 audit(0.0:2418309): avc: denied { ioctl } for path="/proc/perfmgr/perf_ioctl" dev="proc" ino=4026532414 ioctlcmd=0x6716 scontext=u:r:untrusted_app:s0:c243,c256,c512,c768 tcontext=u:object_r:proc_perfmgr:s0 tclass=file permissive=0 app=com.mobile
02-26 11:43:36.304 23155 23414 I libPerfCtl: fbcNotifySbeRescue ret=-1
02-26 11:43:36.297 23155 23155 W FramePolicy: type=1400 audit(0.0:2418310): avc: denied { ioctl } for path="/proc/perfmgr/perf_ioctl" dev="proc" ino=4026532414 ioctlcmd=0x6716 scontext=u:r:untrusted_app:s0:c243,c256,c512,c768 tcontext=u:object_r:proc_perfmgr:s0 tclass=file permissive=0 app=com.mobile
02-26 11:43:36.308   796 22390 E C2MtkVdec: [0xEB09C900] fetch graphic block err = 110
02-26 11:43:36.308   796  1563 E C2MtkVdec: [0xEC399B00] fetch graphic block err = 110
02-26 11:43:36.308   796 11688 E C2MtkVdec: [0xEA0EA500] fetch graphic block err = 110
02-26 11:43:36.308   796 21245 E C2MtkVdec: [0xEB097C00] fetch graphic block err = 110
02-26 11:43:36.320 23155 23414 I libPerfCtl: fbcNotifySbeRescue ret=-1
02-26 11:43:36.314 23155 23155 W FramePolicy: type=1400 audit(0.0:2418311): avc: denied { ioctl } for path="/proc/perfmgr/perf_ioctl" dev="proc" ino=4026532414 ioctlcmd=0x6716 scontext=u:r:untrusted_app:s0:c243,c256,c512,c768 tcontext=u:object_r:proc_perfmgr:s0 tclass=file permissive=0 app=com.mobile
02-26 11:43:36.328   805   889 I libPowerHal: [perfLockRel] hdl:203218, idx:16
02-26 11:43:36.329  1459  1487 I mtkpower_client: perf_lock_acq, hdl:203209, dur:709, num:8, tid:1487
02-26 11:43:36.329   805   889 I libPowerHal: [PD] MTKPOWER_HINT_APP_TOUCH update cmd:1408300 param:0
02-26 11:43:36.329   805   889 I libPowerHal: [PD] MTKPOWER_HINT_APP_TOUCH update cmd:3408600 param:0
02-26 11:43:36.330  1459  1487 I mtkpower_client: ret_hdl:203222
02-26 11:43:36.330  1459  1487 I mtkpower_client: perf_lock_rel, hdl:203219, tid:1487
02-26 11:43:36.330   805   889 I libPowerHal: [perfLockAcq] idx:16 hdl:203222 hint:-1 pid:1459 duration:709 lock_user:system_server => ret_hdl:203222
02-26 11:43:36.330   805   889 I libPowerHal: system_server: set gpu opp level max: 0
02-26 11:43:36.331   805   889 I libPowerHal: [perfLockRel] hdl:203219, idx:17
02-26 11:43:36.335   796 11713 E C2MtkVdec: [0xEA0EDD00] fetch graphic block err = 110
02-26 11:43:36.335 23155 23414 I libPerfCtl: fbcNotifySbeRescue ret=-1
02-26 11:43:36.331 23155 23155 W FramePolicy: type=1400 audit(0.0:2418312): avc: denied { ioctl } for path="/proc/perfmgr/perf_ioctl" dev="proc" ino=4026532414 ioctlcmd=0x6716 scontext=u:r:untrusted_app:s0:c243,c256,c512,c768 tcontext=u:object_r:proc_perfmgr:s0 tclass=file permissive=0 app=com.mobile
02-26 11:43:36.347   805   827 E mtkpower@impl: [mtkPowerHint] unsupport hint:45
02-26 11:43:36.347  1459  2135 I mtkpower_client: perf_lock_acq, hdl:203186, dur:3000, num:2, tid:2135
02-26 11:43:36.348  1459  2135 I mtkpower_client: ret_hdl:203223
02-26 11:43:36.348   805   889 I libPowerHal: cmdSetting - unknown cmd:2048700, scmd:(null) ,param_1:1
02-26 11:43:36.348   805   889 I libPowerHal: [perfLockAcq] idx:17 hdl:203223 hint:-1 pid:1459 duration:3000 lock_user:system_server => ret_hdl:203223
02-26 11:43:36.349  1459  2135 I mtkpower_client: perf_lock_acq, hdl:203221, dur:3000, num:4, tid:2135
02-26 11:43:36.350  1459  2135 I mtkpower_client: ret_hdl:203224
02-26 11:43:36.350   805   889 I libPowerHal: cmdSetting - unknown cmd:2000400, scmd:(null) ,param_1:-23380
02-26 11:43:36.350   805   889 I libPowerHal: [perfLockAcq] idx:18 hdl:203224 hint:-1 pid:1459 duration:3000 lock_user:system_server => ret_hdl:203224
02-26 11:43:36.350   805   889 I libPowerHal: [fpsgo_noctrl_render_thread] 23380, 0xf372d060
02-26 11:43:36.350   805   889 I libPowerHal: [PE] system_server update cmd:2000300 param:23380
02-26 11:43:36.351  1459  2135 I mtkpower_client: perf_lock_rel, hdl:203224, tid:2135
02-26 11:43:36.351   805   889 I libPowerHal: [perfLockRel] hdl:203224, idx:18
02-26 11:43:36.352   805   889 I libPowerHal: [fpsgo_noctrl_render_thread] 23380, 0xf372d060
02-26 11:43:36.352   805   889 I libPowerHal: [PD] system_server update ONESHOT cmd:2000300 param:23380
02-26 11:43:36.365  1459  2135 I mtkpower_client: perf_lock_acq, hdl:203224, dur:3000, num:4, tid:2135
02-26 11:43:36.365  1459  2135 I mtkpower_client: ret_hdl:203225
02-26 11:43:36.366  1459  2135 I mtkpower_client: perf_lock_rel, hdl:203225, tid:2135
02-26 11:43:36.367   805   889 I libPowerHal: [perfLockAcq] idx:18 hdl:203225 hint:-1 pid:1459 duration:3000 lock_user:system_server => ret_hdl:203225
02-26 11:43:36.367  1459  2673 I mtkpower_client: perf_lock_acq, hdl:203225, dur:3000, num:6, tid:2673
02-26 11:43:36.368   805   889 I libPowerHal: [perfLockRel] hdl:203225, idx:18
02-26 11:43:36.369  1459  2673 I mtkpower_client: ret_hdl:203226
02-26 11:43:36.369   805   889 I libPowerHal: [perfLockAcq] idx:18 hdl:203226 hint:-1 pid:1459 duration:3000 lock_user:system_server => ret_hdl:203226
02-26 11:43:36.369   805   889 I libPowerHal: [notify_targetFPS_pid] 23380, 0xf372d060
02-26 11:43:36.369  1459  2673 I mtkpower_client: perf_lock_rel, hdl:203226, tid:2673
02-26 11:43:36.370   805   889 I libPowerHal: [PE] system_server update cmd:2000200 param:23380
02-26 11:43:36.370   805   889 I libPowerHal: [perfLockRel] hdl:203226, idx:18
02-26 11:43:36.371   805   889 I libPowerHal: [notify_targetFPS_pid] 23380, 0xf372d060
02-26 11:43:36.371   805   889 I libPowerHal: [PD] system_server update ONESHOT cmd:2000200 param:23380
02-26 11:43:36.408   796  1563 E C2MtkVdec: [0xEC399B00] fetch graphic block err = 110
02-26 11:43:36.408   796 22390 E C2MtkVdec: [0xEB09C900] fetch graphic block err = 110
02-26 11:43:36.408   796 11688 E C2MtkVdec: [0xEA0EA500] fetch graphic block err = 110
02-26 11:43:36.408   796 21245 E C2MtkVdec: [0xEB097C00] fetch graphic block err = 110
02-26 11:43:36.435   796 11713 E C2MtkVdec: [0xEA0EDD00] fetch graphic block err = 110
02-26 11:43:36.452   796 21804 W C2BqBuffer: last successful dequeue was 425215157524 us ago, 0 consecutive failures
02-26 11:43:36.508   796 11688 E C2MtkVdec: [0xEA0EA500] fetch graphic block err = 110
02-26 11:43:36.508   796 22390 E C2MtkVdec: [0xEB09C900] fetch graphic block err = 110
02-26 11:43:36.508   796  1563 E C2MtkVdec: [0xEC399B00] fetch graphic block err = 110
02-26 11:43:36.509   796 21245 E C2MtkVdec: [0xEB097C00] fetch graphic block err = 110
02-26 11:43:36.536   796 11713 E C2MtkVdec: [0xEA0EDD00] fetch graphic block err = 110
02-26 11:43:36.603   805   889 I libPowerHal: [perfLockAcq] idx:18 hdl:203227 hint:25 pid:805 duration:10000 lock_user:mtkpower@1.0-se => ret_hdl:203227
02-26 11:43:36.603   805   889 I libPowerHal: MTKPOWER_HINT_APP_TOUCH: set gpu opp level max: 0
02-26 11:43:36.604   805   889 I libPowerHal: [PE] MTKPOWER_HINT_APP_TOUCH update cmd:1408300, param:100
02-26 11:43:36.604   805   889 I libPowerHal: [PE] MTKPOWER_HINT_APP_TOUCH update cmd:3408600 param:1
02-26 11:43:36.608   796 11688 E C2MtkVdec: [0xEA0EA500] fetch graphic block err = 110
02-26 11:43:36.608   796  1563 E C2MtkVdec: [0xEC399B00] fetch graphic block err = 110
02-26 11:43:36.608   796 22390 E C2MtkVdec: [0xEB09C900] fetch graphic block err = 110
02-26 11:43:36.609   796 21245 E C2MtkVdec: [0xEB097C00] fetch graphic block err = 110
02-26 11:43:36.613   796 23608 W C2BqBuffer: last successful dequeue was 24793821593 us ago, 0 consecutive failures
02-26 11:43:36.636   796 11713 E C2MtkVdec: [0xEA0EDD00] fetch graphic block err = 110
02-26 11:43:36.645  1459  2673 I mtkpower_client: perf_lock_rel, hdl:203223, tid:2673
02-26 11:43:36.646  1459  2135 I mtkpower_client: perf_lock_acq, hdl:203226, dur:3000, num:6, tid:2135
02-26 11:43:36.646   805   889 I libPowerHal: [perfLockRel] hdl:203223, idx:17
02-26 11:43:36.647  1459  2135 I mtkpower_client: ret_hdl:203228
02-26 11:43:36.647   805   889 I libPowerHal: cmdSetting - unknown cmd:2000400, scmd:(null) ,param_1:23380
02-26 11:43:36.647   805   889 I libPowerHal: [perfLockAcq] idx:17 hdl:203228 hint:-1 pid:1459 duration:3000 lock_user:system_server => ret_hdl:203228
02-26 11:43:36.647   805   889 I libPowerHal: [notify_targetFPS_pid] -23380, 0xf372c110
02-26 11:43:36.648   805   889 I libPowerHal: [PE] system_server update cmd:2000200 param:-23380
02-26 11:43:36.648   805   889 I libPowerHal: [fpsgo_noctrl_render_thread] -23380, 0xf372c110
02-26 11:43:36.648   805   889 I libPowerHal: [PE] system_server update cmd:2000300 param:-23380
02-26 11:43:36.648  1459  2135 I mtkpower_client: perf_lock_rel, hdl:203228, tid:2135
02-26 11:43:36.648   805   889 I libPowerHal: [perfLockRel] hdl:203228, idx:17
02-26 11:43:36.649   805   889 I libPowerHal: [notify_targetFPS_pid] -23380, 0xf372c110
02-26 11:43:36.649   805   889 I libPowerHal: [PD] system_server update ONESHOT cmd:2000200 param:-23380
02-26 11:43:36.649   805   889 I libPowerHal: [fpsgo_noctrl_render_thread] -23380, 0xf372c110
02-26 11:43:36.649   805   889 I libPowerHal: [PD] system_server update ONESHOT cmd:2000300 param:-23380
02-26 11:43:36.650  1459  1487 I mtkpower_client: perf_lock_acq, hdl:203219, dur:2000, num:8, tid:1487
02-26 11:43:36.650  1459  1487 I mtkpower_client: ret_hdl:203229
02-26 11:43:36.650  1459  1487 W DisplayPolicy: miuibooster onScroll package name: com.mobile
02-26 11:43:36.650   805   889 I libPowerHal: [perfLockAcq] idx:17 hdl:203229 hint:-1 pid:1459 duration:2000 lock_user:system_server => ret_hdl:203229
02-26 11:43:36.650   805   889 I libPowerHal: system_server: set gpu opp level max: 0
02-26 11:43:36.653   796 21249 W C2BqBuffer: last successful dequeue was 356589165782 us ago, 0 consecutive failures
02-26 11:43:36.654 23155 23414 I libPerfCtl: fbcNotifySbeRescue ret=-1
02-26 11:43:36.654   796  7995 W C2BqBuffer: last successful dequeue was 129168819282 us ago, 0 consecutive failures
02-26 11:43:36.647 23155 23155 W FramePolicy: type=1400 audit(0.0:2418313): avc: denied { ioctl } for path="/proc/perfmgr/perf_ioctl" dev="proc" ino=4026532414 ioctlcmd=0x6716 scontext=u:r:untrusted_app:s0:c243,c256,c512,c768 tcontext=u:object_r:proc_perfmgr:s0 tclass=file permissive=0 app=com.mobile
02-26 11:43:36.683   805   889 I libPowerHal: [perfLockRel] hdl:203227, idx:18
02-26 11:43:36.683  1459  1487 I mtkpower_client: perf_lock_acq, hdl:203222, dur:1012, num:8, tid:1487
02-26 11:43:36.683   805   889 I libPowerHal: [PD] MTKPOWER_HINT_APP_TOUCH update cmd:1408300 param:0
02-26 11:43:36.683   805   889 I libPowerHal: [PD] MTKPOWER_HINT_APP_TOUCH update cmd:3408600 param:0
02-26 11:43:36.684  1459  1487 I mtkpower_client: ret_hdl:203222
02-26 11:43:36.684   805   889 I libPowerHal: [perfLockAcq] idx:16 hdl:203222 hint:-1 pid:1459 duration:1012 lock_user:system_server => ret_hdl:203222
02-26 11:43:36.684  1459  1487 I mtkpower_client: perf_lock_rel, hdl:203229, tid:1487
02-26 11:43:36.685   805   889 I libPowerHal: [perfLockRel] hdl:203229, idx:17
02-26 11:43:36.691  1459  2135 I mtkpower_client: perf_lock_acq, hdl:203228, dur:3000, num:2, tid:2135
02-26 11:43:36.692  1459  2135 I mtkpower_client: ret_hdl:203230
02-26 11:43:36.692   805   889 I libPowerHal: cmdSetting - unknown cmd:3408500, scmd:(null) ,param_1:0
02-26 11:43:36.692   805   889 I libPowerHal: [perfLockAcq] idx:17 hdl:203230 hint:-1 pid:1459 duration:3000 lock_user:system_server => ret_hdl:203230
02-26 11:43:36.692  1459  2135 I mtkpower_client: perf_lock_rel, hdl:203230, tid:2135
02-26 11:43:36.693   805   889 I libPowerHal: [perfLockRel] hdl:203230, idx:17
02-26 11:43:36.693  1459  2673 I mtkpower_client: perf_lock_acq, hdl:203230, dur:3000, num:4, tid:2673
02-26 11:43:36.693  1459  2673 I mtkpower_client: ret_hdl:203231
02-26 11:43:36.694   805   889 I libPowerHal: [perfLockAcq] idx:17 hdl:203231 hint:-1 pid:1459 duration:3000 lock_user:system_server => ret_hdl:203231
02-26 11:43:36.694   805   889 I libPowerHal: [fpsgo_noctrl_render_thread] 23380, 0xf372c110
02-26 11:43:36.694   805   889 I libPowerHal: [PE] system_server update cmd:2000300 param:23380
02-26 11:43:36.694  1459  2673 I mtkpower_client: perf_lock_rel, hdl:203231, tid:2673
02-26 11:43:36.695   805   889 I libPowerHal: [perfLockRel] hdl:203231, idx:17
02-26 11:43:36.695   805   889 I libPowerHal: [fpsgo_noctrl_render_thread] 23380, 0xf372c110
02-26 11:43:36.695   805   889 I libPowerHal: [PD] system_server update ONESHOT cmd:2000300 param:23380
02-26 11:43:36.702   805   827 E mtkpower@impl: [mtkPowerHint] unsupport hint:45
02-26 11:43:36.708   796  1563 E C2MtkVdec: [0xEC399B00] fetch graphic block err = 110
02-26 11:43:36.709   796 22390 E C2MtkVdec: [0xEB09C900] fetch graphic block err = 110
02-26 11:43:36.709   796 11688 E C2MtkVdec: [0xEA0EA500] fetch graphic block err = 110
02-26 11:43:36.709   796 21245 E C2MtkVdec: [0xEB097C00] fetch graphic block err = 110
02-26 11:43:36.714  1459  2135 I mtkpower_client: perf_lock_acq, hdl:203223, dur:3000, num:2, tid:2135
02-26 11:43:36.715  1459  2135 I mtkpower_client: ret_hdl:203232
02-26 11:43:36.716   805   889 I libPowerHal: cmdSetting - unknown cmd:2048700, scmd:(null) ,param_1:1
02-26 11:43:36.716   805   889 I libPowerHal: [perfLockAcq] idx:17 hdl:203232 hint:-1 pid:1459 duration:3000 lock_user:system_server => ret_hdl:203232
02-26 11:43:36.717  1459  2135 I mtkpower_client: perf_lock_acq, hdl:203231, dur:3000, num:4, tid:2135
02-26 11:43:36.717  1459  2135 I mtkpower_client: ret_hdl:203233
02-26 11:43:36.717   805   889 I libPowerHal: cmdSetting - unknown cmd:2000400, scmd:(null) ,param_1:-23380
02-26 11:43:36.717   805   889 I libPowerHal: [perfLockAcq] idx:18 hdl:203233 hint:-1 pid:1459 duration:3000 lock_user:system_server => ret_hdl:203233
02-26 11:43:36.718   805   889 I libPowerHal: [fpsgo_noctrl_render_thread] 23380, 0xf372d060
02-26 11:43:36.718   805   889 I libPowerHal: [PE] system_server update cmd:2000300 param:23380
02-26 11:43:36.718  1459  2135 I mtkpower_client: perf_lock_rel, hdl:203233, tid:2135
02-26 11:43:36.719   805   889 I libPowerHal: [perfLockRel] hdl:203233, idx:18
02-26 11:43:36.719  1459  2135 I mtkpower_client: perf_lock_acq, hdl:203233, dur:3000, num:6, tid:2135
02-26 11:43:36.719   805   889 I libPowerHal: [fpsgo_noctrl_render_thread] 23380, 0xf372d060
02-26 11:43:36.719   805   889 I libPowerHal: [PD] system_server update ONESHOT cmd:2000300 param:23380
02-26 11:43:36.720  1459  2135 I mtkpower_client: ret_hdl:203234
02-26 11:43:36.720   805   889 I libPowerHal: [perfLockAcq] idx:18 hdl:203234 hint:-1 pid:1459 duration:3000 lock_user:system_server => ret_hdl:203234
02-26 11:43:36.721   805   889 I libPowerHal: [notify_targetFPS_pid] 23380, 0xf372d060
02-26 11:43:36.721  1459  2135 I mtkpower_client: perf_lock_rel, hdl:203234, tid:2135
02-26 11:43:36.721   805   889 I libPowerHal: [PE] system_server update cmd:2000200 param:23380
02-26 11:43:36.722   805   889 I libPowerHal: [perfLockRel] hdl:203234, idx:18
02-26 11:43:36.723   805   889 I libPowerHal: [notify_targetFPS_pid] 23380, 0xf372d060
02-26 11:43:36.723   805   889 I libPowerHal: [PD] system_server update ONESHOT cmd:2000200 param:23380
02-26 11:43:36.736   796 11713 E C2MtkVdec: [0xEA0EDD00] fetch graphic block err = 110
02-26 11:43:36.738 23155 23414 I libPerfCtl: fbcNotifySbeRescue ret=-1
02-26 11:43:36.755   796 22394 W C2BqBuffer: last successful dequeue was 243788419147 us ago, 0 consecutive failures
02-26 11:43:36.780 23155 23414 I libPerfCtl: fbcNotifySbeRescue ret=-1
02-26 11:43:36.809   796  1563 E C2MtkVdec: [0xEC399B00] fetch graphic block err = 110
02-26 11:43:36.809   796 22390 E C2MtkVdec: [0xEB09C900] fetch graphic block err = 110
02-26 11:43:36.809   796 11688 E C2MtkVdec: [0xEA0EA500] fetch graphic block err = 110
02-26 11:43:36.809   796 21245 E C2MtkVdec: [0xEB097C00] fetch graphic block err = 110
02-26 11:43:36.836   796 11692 W C2BqBuffer: last successful dequeue was 116002627203 us ago, 0 consecutive failures
02-26 11:43:36.836   796 11713 E C2MtkVdec: [0xEA0EDD00] fetch graphic block err = 110
02-26 11:43:36.907   805   889 I libPowerHal: [perfLockAcq] idx:18 hdl:203235 hint:25 pid:805 duration:10000 lock_user:mtkpower@1.0-se => ret_hdl:203235
02-26 11:43:36.907   805   889 I libPowerHal: MTKPOWER_HINT_APP_TOUCH: set gpu opp level max: 0
02-26 11:43:36.907   805   889 I libPowerHal: [PE] MTKPOWER_HINT_APP_TOUCH update cmd:1408300, param:100
02-26 11:43:36.908   805   889 I libPowerHal: [PE] MTKPOWER_HINT_APP_TOUCH update cmd:3408600 param:1
02-26 11:43:36.908  2661  2661 I WifiHAL : Get link layer stats
02-26 11:43:36.908  2661  2661 I WifiHAL : GetLinkStatsCommand::create
02-26 11:43:36.909  2661  2661 I android.hardware.wifi@1.0-service-lazy: WifiCommand::requestResponse err=-14
02-26 11:43:36.909  2661  2661 I WifiHAL : wifi_get_link_stats: result=-1
02-26 11:43:36.909   796  1563 E C2MtkVdec: [0xEC399B00] fetch graphic block err = 110
02-26 11:43:36.909   796 22390 E C2MtkVdec: [0xEB09C900] fetch graphic block err = 110
02-26 11:43:36.909   796 11688 E C2MtkVdec: [0xEA0EA500] fetch graphic block err = 110
02-26 11:43:36.909   796 21245 E C2MtkVdec: [0xEB097C00] fetch graphic block err = 110
02-26 11:43:36.909  1459  1668 E WifiVendorHal: getWifiLinkLayerStats_1_5_Internal(l.1176) failed {.code = ERROR_UNKNOWN, .description = unknown}
02-26 11:43:36.929  7880  8301 I com.google.android.ims.: [53] ero.handleMessage:1 [53] : RcsEngineImpl[DUAL_REG]:[d5bc2f90-5012]>Handler: handleMessage processing message:[NOTIFY_UPTIME_IGNORE_STATE_CHANGED] with [non-null]:RcsEngineImpl reference
02-26 11:43:36.929  7880  8308 I com.google.android.ims.: [54] ehw.c:5 [54] : Connected state: [1], networkType: [WIFI]
02-26 11:43:36.936 26562 30600 I ChimeraSrvcProxy: NullBinder for android.net.action.RECOMMEND_NETWORKS triggering remote TransactionTooLargeException due to Service without Chimera impl
02-26 11:43:36.937 26562 30600 W .gms.persistent: Large reply transaction of 1056768 bytes, interface descriptor , code 1
02-26 11:43:36.937   796 11713 E C2MtkVdec: [0xEA0EDD00] fetch graphic block err = 110
02-26 11:43:36.938   796  6553 W C2BqBuffer: last successful dequeue was 50729518679 us ago, 0 consecutive failures
02-26 11:43:36.948  1459  2135 I mtkpower_client: perf_lock_rel, hdl:203232, tid:2135
02-26 11:43:36.949  1459  1477 I mtkpower_client: perf_lock_acq, hdl:203234, dur:3000, num:6, tid:1477
02-26 11:43:36.949   805   889 I libPowerHal: [perfLockRel] hdl:203232, idx:17
02-26 11:43:36.951  7880  8301 I com.google.android.ims.: [53] eql.f:5 [53] : ProvisioningEngineDataRetriever: Rcs is enabled from user settings: true
02-26 11:43:36.952  1459  1477 I mtkpower_client: ret_hdl:203236
02-26 11:43:36.953  1459  1477 I mtkpower_client: perf_lock_rel, hdl:203236, tid:1477
02-26 11:43:36.953   805   889 I libPowerHal: cmdSetting - unknown cmd:2000400, scmd:(null) ,param_1:23380
02-26 11:43:36.953   805   889 I libPowerHal: [perfLockAcq] idx:17 hdl:203236 hint:-1 pid:1459 duration:3000 lock_user:system_server => ret_hdl:203236
02-26 11:43:36.953   805   889 I libPowerHal: [notify_targetFPS_pid] -23380, 0xf372c110
02-26 11:43:36.953   805   889 I libPowerHal: [PE] system_server update cmd:2000200 param:-23380
02-26 11:43:36.954   805   889 I libPowerHal: [fpsgo_noctrl_render_thread] -23380, 0xf372c110
02-26 11:43:36.954   805   889 I libPowerHal: [PE] system_server update cmd:2000300 param:-23380
02-26 11:43:36.954   805   889 I libPowerHal: [perfLockRel] hdl:203236, idx:17
02-26 11:43:36.955   819   819 I BufferQueueProducer: [StatusBar#77](this:0xecfb0cdc,id:-1,api:0,p:-1,c:819) queueBuffer: fps=0.23 dur=12984.51 max=12057.06 min=34.12
02-26 11:43:36.955   805   889 I libPowerHal: [notify_targetFPS_pid] -23380, 0xf372c110
02-26 11:43:36.955   805   889 I libPowerHal: [PD] system_server update ONESHOT cmd:2000200 param:-23380
02-26 11:43:36.955   805   889 I libPowerHal: [fpsgo_noctrl_render_thread] -23380, 0xf372c110
02-26 11:43:36.955   805   889 I libPowerHal: [PD] system_server update ONESHOT cmd:2000300 param:-23380
02-26 11:43:36.970  1459  1487 I mtkpower_client: perf_lock_acq, hdl:203229, dur:2000, num:8, tid:1487
02-26 11:43:36.971  1459  1487 I mtkpower_client: ret_hdl:203237
02-26 11:43:36.971  1459  1487 W DisplayPolicy: miuibooster onScroll package name: com.mobile
02-26 11:43:36.971   805   889 I libPowerHal: [perfLockAcq] idx:17 hdl:203237 hint:-1 pid:1459 duration:2000 lock_user:system_server => ret_hdl:203237
02-26 11:43:36.971   805   889 I libPowerHal: system_server: set gpu opp level max: 0
02-26 11:43:37.009   796  1563 E C2MtkVdec: [0xEC399B00] fetch graphic block err = 110
02-26 11:43:37.009   796 22390 E C2MtkVdec: [0xEB09C900] fetch graphic block err = 110
02-26 11:43:37.009   796 11688 E C2MtkVdec: [0xEA0EA500] fetch graphic block err = 110
02-26 11:43:37.009   796 21245 E C2MtkVdec: [0xEB097C00] fetch graphic block err = 110
02-26 11:43:37.012  1459  2135 I mtkpower_client: perf_lock_acq, hdl:203236, dur:3000, num:2, tid:2135
02-26 11:43:37.013  1459  2135 I mtkpower_client: ret_hdl:203238
02-26 11:43:37.013   805   889 I libPowerHal: cmdSetting - unknown cmd:3408500, scmd:(null) ,param_1:0
02-26 11:43:37.013   805   889 I libPowerHal: [perfLockAcq] idx:19 hdl:203238 hint:-1 pid:1459 duration:3000 lock_user:system_server => ret_hdl:203238
02-26 11:43:37.014  1459  1477 I mtkpower_client: perf_lock_acq, hdl:203238, dur:3000, num:4, tid:1477
02-26 11:43:37.015   805   889 I libPowerHal: [perfLockAcq] idx:19 hdl:203238 hint:-1 pid:1459 duration:3000 lock_user:system_server => ret_hdl:203238
02-26 11:43:37.015   805   889 I libPowerHal: [PU] scn:19, update
02-26 11:43:37.016  1459  1477 I mtkpower_client: ret_hdl:203238
02-26 11:43:37.016  1459  2135 I mtkpower_client: perf_lock_rel, hdl:203238, tid:2135
02-26 11:43:37.017   805   889 I libPowerHal: [fpsgo_noctrl_render_thread] 23380, 0xf372dfb0
02-26 11:43:37.018  1459  2135 I mtkpower_client: perf_lock_rel, hdl:203238, tid:2135
02-26 11:43:37.018   805   889 I libPowerHal: [perfLockRel] hdl:203238, idx:19
02-26 11:43:37.018   805   889 I libPowerHal: [fpsgo_noctrl_render_thread] 23380, 0xf372dfb0
02-26 11:43:37.018   805   889 I libPowerHal: [PD] system_server update ONESHOT cmd:2000300 param:23380
02-26 11:43:37.019   805   889 I libPowerHal: [perfLockRel] hdl:203238, idx:-1
02-26 11:43:37.027 23155 23414 I libPerfCtl: fbcNotifySbeRescue ret=-1
02-26 11:43:37.037   796 11713 E C2MtkVdec: [0xEA0EDD00] fetch graphic block err = 110
02-26 11:43:37.042 23155 23414 I libPerfCtl: fbcNotifySbeRescue ret=-1
02-26 11:43:37.060 23155 23414 I libPerfCtl: fbcNotifySbeRescue ret=-1
02-26 11:43:37.078 23155 23414 I libPerfCtl: fbcNotifySbeRescue ret=-1
02-26 11:43:37.094 23155 23414 I libPerfCtl: fbcNotifySbeRescue ret=-1
02-26 11:43:37.100   796 11731 W C2BqBuffer: last successful dequeue was 116002523083 us ago, 0 consecutive failures
02-26 11:43:37.109   796  1563 E C2MtkVdec: [0xEC399B00] fetch graphic block err = 110
02-26 11:43:37.110   796 22390 E C2MtkVdec: [0xEB09C900] fetch graphic block err = 110
02-26 11:43:37.110   796 11688 E C2MtkVdec: [0xEA0EA500] fetch graphic block err = 110
02-26 11:43:37.110   796 11688 E VDO_LOG : ### +VDEC_DRV_GET_TYPE_GET_PIXEL_FORMAT
02-26 11:43:37.110   796 11688 E VDO_LOG : [Info] get updated pixel format:  4
02-26 11:43:37.110   796 21245 E C2MtkVdec: [0xEB097C00] fetch graphic block err = 110
02-26 11:43:37.111 23155 23414 I libPerfCtl: fbcNotifySbeRescue ret=-1
02-26 11:43:37.128 23155 23414 I libPerfCtl: fbcNotifySbeRescue ret=-1
02-26 11:43:37.137   796 11713 E C2MtkVdec: [0xEA0EDD00] fetch graphic block err = 110
02-26 11:43:37.145 23155 23414 I libPerfCtl: fbcNotifySbeRescue ret=-1
02-26 11:43:37.162 23155 23414 I libPerfCtl: fbcNotifySbeRescue ret=-1
02-26 11:43:37.210   796  1563 E C2MtkVdec: [0xEC399B00] fetch graphic block err = 110
02-26 11:43:37.210   796 22390 E C2MtkVdec: [0xEB09C900] fetch graphic block err = 110
02-26 11:43:37.210   796 11688 E C2MtkVdec: [0xEA0EA500] fetch graphic block err = 110
02-26 11:43:37.210   796 21245 E C2MtkVdec: [0xEB097C00] fetch graphic block err = 110
02-26 11:43:37.237   796 11713 E C2MtkVdec: [0xEA0EDD00] fetch graphic block err = 110
02-26 11:43:37.246 23155 23414 I libPerfCtl: fbcNotifySbeRescue ret=-1
02-26 11:43:37.263 23155 23414 I libPerfCtl: fbcNotifySbeRescue ret=-1
02-26 11:43:37.271   805   878 I libPerfCtl: xgfGetFPS pid:1786 fps:38
02-26 11:43:37.271   805   878 I libPerfCtl: xgfGetFPS pid:23155 fps:53
02-26 11:43:37.271   805   878 I libPowerHal: [updateFPS] pid(23155) : 120 => 60
02-26 11:43:37.272   805   889 I libPowerHal: [perfNotifyAppState] pack:com.mobile, act:com.mobile.MainActivity, state:5, pid:23155, uid:10243, fps:60
02-26 11:43:37.272   805   889 I UxUtility: notifyForegroundApp pack:com.mobile, uid:10243
02-26 11:43:37.272   805   889 I TouchUtility: notifyAppState error = NULL
02-26 11:43:37.280 23155 23414 I libPerfCtl: fbcNotifySbeRescue ret=-1
02-26 11:43:37.292   819   819 I BufferQueueProducer: [com.mobile/com.mobile.MainActivity#118792](this:0xec99bcdc,id:-1,api:0,p:-1,c:819) queueBuffer: fps=53.34 dur=1012.36 max=67.65 min=16.32
02-26 11:43:37.294   794   794 I hwcomposer: [HWCDisplay] [Display_0 (type:1)] fps:54.322468,dur:1012.47,max:67.98,min:16.21  
02-26 11:43:37.297 23155 23414 I libPerfCtl: fbcNotifySbeRescue ret=-1
02-26 11:43:37.291 23155 23155 W FramePolicy: type=1400 audit(0.0:2418328): avc: denied { ioctl } for path="/proc/perfmgr/perf_ioctl" dev="proc" ino=4026532414 ioctlcmd=0x6716 scontext=u:r:untrusted_app:s0:c243,c256,c512,c768 tcontext=u:object_r:proc_perfmgr:s0 tclass=file permissive=0 app=com.mobile
02-26 11:43:37.310   796  1563 E C2MtkVdec: [0xEC399B00] fetch graphic block err = 110
02-26 11:43:37.310   796  1563 E VDO_LOG : ### +VDEC_DRV_GET_TYPE_GET_PIXEL_FORMAT
02-26 11:43:37.310   796  1563 E VDO_LOG : [Info] get updated pixel format:  4
02-26 11:43:37.311   796 22390 E C2MtkVdec: [0xEB09C900] fetch graphic block err = 110
02-26 11:43:37.311   796 11688 E C2MtkVdec: [0xEA0EA500] fetch graphic block err = 110
02-26 11:43:37.311   796 21245 E C2MtkVdec: [0xEB097C00] fetch graphic block err = 110
02-26 11:43:37.314 23155 23414 I libPerfCtl: fbcNotifySbeRescue ret=-1
02-26 11:43:37.307 23155 23155 W FramePolicy: type=1400 audit(0.0:2418329): avc: denied { ioctl } for path="/proc/perfmgr/perf_ioctl" dev="proc" ino=4026532414 ioctlcmd=0x6716 scontext=u:r:untrusted_app:s0:c243,c256,c512,c768 tcontext=u:object_r:proc_perfmgr:s0 tclass=file permissive=0 app=com.mobile
02-26 11:43:37.331 23155 23414 I libPerfCtl: fbcNotifySbeRescue ret=-1
02-26 11:43:37.327 23155 23155 W FramePolicy: type=1400 audit(0.0:2418330): avc: denied { ioctl } for path="/proc/perfmgr/perf_ioctl" dev="proc" ino=4026532414 ioctlcmd=0x6716 scontext=u:r:untrusted_app:s0:c243,c256,c512,c768 tcontext=u:object_r:proc_perfmgr:s0 tclass=file permissive=0 app=com.mobile
02-26 11:43:37.338   796 11713 E C2MtkVdec: [0xEA0EDD00] fetch graphic block err = 110
02-26 11:43:37.347 23155 23414 I libPerfCtl: fbcNotifySbeRescue ret=-1
02-26 11:43:37.341 23155 23155 W FramePolicy: type=1400 audit(0.0:2418331): avc: denied { ioctl } for path="/proc/perfmgr/perf_ioctl" dev="proc" ino=4026532414 ioctlcmd=0x6716 scontext=u:r:untrusted_app:s0:c243,c256,c512,c768 tcontext=u:object_r:proc_perfmgr:s0 tclass=file permissive=0 app=com.mobile
02-26 11:43:37.364 23155 23414 I libPerfCtl: fbcNotifySbeRescue ret=-1
02-26 11:43:37.361 23155 23155 W FramePolicy: type=1400 audit(0.0:2418332): avc: denied { ioctl } for path="/proc/perfmgr/perf_ioctl" dev="proc" ino=4026532414 ioctlcmd=0x6716 scontext=u:r:untrusted_app:s0:c243,c256,c512,c768 tcontext=u:object_r:proc_perfmgr:s0 tclass=file permissive=0 app=com.mobile
02-26 11:43:37.381 23155 23414 I libPerfCtl: fbcNotifySbeRescue ret=-1
02-26 11:43:37.390  1459  1472 I system_server: Background concurrent copying GC freed 80420(5256KB) AllocSpace objects, 19(360KB) LOS objects, 11% free, 48MB/54MB, paused 401us,295us total 463.332ms
02-26 11:43:37.398 23155 23414 I libPerfCtl: fbcNotifySbeRescue ret=-1
02-26 11:43:37.411   796  1563 E C2MtkVdec: [0xEC399B00] fetch graphic block err = 110
02-26 11:43:37.411   796 22390 E C2MtkVdec: [0xEB09C900] fetch graphic block err = 110
02-26 11:43:37.411   796 11688 E C2MtkVdec: [0xEA0EA500] fetch graphic block err = 110
02-26 11:43:37.411   796 21245 E C2MtkVdec: [0xEB097C00] fetch graphic block err = 110
02-26 11:43:37.414 23155 23414 I libPerfCtl: fbcNotifySbeRescue ret=-1
02-26 11:43:37.431 23155 23414 I libPerfCtl: fbcNotifySbeRescue ret=-1
02-26 11:43:37.438   796 11713 E C2MtkVdec: [0xEA0EDD00] fetch graphic block err = 110
02-26 11:43:37.438   796 11713 E VDO_LOG : ### +VDEC_DRV_GET_TYPE_GET_PIXEL_FORMAT
02-26 11:43:37.438   796 11713 E VDO_LOG : [Info] get updated pixel format:  4
02-26 11:43:37.448 23155 23414 I libPerfCtl: fbcNotifySbeRescue ret=-1
02-26 11:43:37.465 23155 23414 I libPerfCtl: fbcNotifySbeRescue ret=-1
02-26 11:43:37.511   796  1563 E C2MtkVdec: [0xEC399B00] fetch graphic block err = 110
02-26 11:43:37.511   796 22390 E C2MtkVdec: [0xEB09C900] fetch graphic block err = 110
02-26 11:43:37.511   796 22390 E VDO_LOG : ### +VDEC_DRV_GET_TYPE_GET_PIXEL_FORMAT
02-26 11:43:37.511   796 22390 E VDO_LOG : [Info] get updated pixel format:  4
02-26 11:43:37.512   796 11688 E C2MtkVdec: [0xEA0EA500] fetch graphic block err = 110
02-26 11:43:37.512   796 21245 E C2MtkVdec: [0xEB097C00] fetch graphic block err = 110
02-26 11:43:37.539   796 11713 E C2MtkVdec: [0xEA0EDD00] fetch graphic block err = 110
02-26 11:43:37.549 23155 23414 I libPerfCtl: fbcNotifySbeRescue ret=-1
02-26 11:43:37.576  1459  1487 I mtkpower_client: perf_lock_rel, hdl:203237, tid:1487
02-26 11:43:37.576   805   889 I libPowerHal: [perfLockRel] hdl:203235, idx:18
02-26 11:43:37.577   805   889 I libPowerHal: [PD] MTKPOWER_HINT_APP_TOUCH update cmd:1408300 param:0
02-26 11:43:37.577   805   889 I libPowerHal: [PD] MTKPOWER_HINT_APP_TOUCH update cmd:3408600 param:0
02-26 11:43:37.578   805   889 I libPowerHal: [perfLockRel] hdl:203237, idx:17
02-26 11:43:37.583 23155 23414 I libPerfCtl: fbcNotifySbeRescue ret=-1
02-26 11:43:37.594   805   827 E mtkpower@impl: [mtkPowerHint] unsupport hint:45
02-26 11:43:37.605  1459  1477 I mtkpower_client: perf_lock_acq, hdl:203232, dur:3000, num:2, tid:1477
02-26 11:43:37.606  1459  1477 I mtkpower_client: ret_hdl:203239
02-26 11:43:37.606   805   889 I libPowerHal: cmdSetting - unknown cmd:2048700, scmd:(null) ,param_1:1
02-26 11:43:37.607   805   889 I libPowerHal: [perfLockAcq] idx:17 hdl:203239 hint:-1 pid:1459 duration:3000 lock_user:system_server => ret_hdl:203239
02-26 11:43:37.608  1459  1477 I mtkpower_client: perf_lock_acq, hdl:203238, dur:3000, num:4, tid:1477
02-26 11:43:37.608  1459  1477 I mtkpower_client: ret_hdl:203240
02-26 11:43:37.608   805   889 I libPowerHal: cmdSetting - unknown cmd:2000400, scmd:(null) ,param_1:-23380
02-26 11:43:37.608   805   889 I libPowerHal: [perfLockAcq] idx:18 hdl:203240 hint:-1 pid:1459 duration:3000 lock_user:system_server => ret_hdl:203240
02-26 11:43:37.609   805   889 I libPowerHal: [fpsgo_noctrl_render_thread] 23380, 0xf372d060
02-26 11:43:37.609   805   889 I libPowerHal: [PE] system_server update cmd:2000300 param:23380
02-26 11:43:37.609  1459  1477 I mtkpower_client: perf_lock_rel, hdl:203240, tid:1477
02-26 11:43:37.609  1459  2135 I mtkpower_client: perf_lock_acq, hdl:203240, dur:3000, num:6, tid:2135
02-26 11:43:37.610   805   889 I libPowerHal: [perfLockRel] hdl:203240, idx:18
02-26 11:43:37.610   805   889 I libPowerHal: [fpsgo_noctrl_render_thread] 23380, 0xf372d060
02-26 11:43:37.610   805   889 I libPowerHal: [PD] system_server update ONESHOT cmd:2000300 param:23380
02-26 11:43:37.611  1459  2135 I mtkpower_client: ret_hdl:203241
02-26 11:43:37.611   805   889 I libPowerHal: [perfLockAcq] idx:18 hdl:203241 hint:-1 pid:1459 duration:3000 lock_user:system_server => ret_hdl:203241
02-26 11:43:37.611   805   889 I libPowerHal: [notify_targetFPS_pid] 23380, 0xf372d060
02-26 11:43:37.611   796  1563 E C2MtkVdec: [0xEC399B00] fetch graphic block err = 110
02-26 11:43:37.612   805   889 I libPowerHal: [PE] system_server update cmd:2000200 param:23380
02-26 11:43:37.612  1459  2135 I mtkpower_client: perf_lock_rel, hdl:203241, tid:2135
02-26 11:43:37.612   796 22390 E C2MtkVdec: [0xEB09C900] fetch graphic block err = 110
02-26 11:43:37.612   796 11688 E C2MtkVdec: [0xEA0EA500] fetch graphic block err = 110
02-26 11:43:37.612   796 21245 E C2MtkVdec: [0xEB097C00] fetch graphic block err = 110
02-26 11:43:37.613   805   889 I libPowerHal: [perfLockRel] hdl:203241, idx:18
02-26 11:43:37.613   805   889 I libPowerHal: [notify_targetFPS_pid] 23380, 0xf372d060
02-26 11:43:37.613   805   889 I libPowerHal: [PD] system_server update ONESHOT cmd:2000200 param:23380
02-26 11:43:37.639   796 11713 E C2MtkVdec: [0xEA0EDD00] fetch graphic block err = 110
02-26 11:43:37.687   784 31107 I resolv  : GetAddrInfoHandler::run: {463 463 463 983503 10243 0}
02-26 11:43:37.696   805   889 I mtkpower@impl: [powerd_req] TIMER_MSG_PERF_LOCK_TIMEOUT hdl:203222
02-26 11:43:37.696   805   889 I libPowerHal: [perfLockRel] hdl:203222, idx:16
02-26 11:43:37.696   805   889 I libPowerHal: system_server: cpu_ctrl set cpu freq: -1 -1 -1 -1
02-26 11:43:37.696   805   889 I libPowerHal: system_server: set gpu opp level: 2
02-26 11:43:37.696   805   889 I libPowerHal: system_server: set gpu opp level max: 0
02-26 11:43:37.696   805   889 I libPowerHal: [PD] system_server update cmd:1000000, param:-1
02-26 11:43:37.697   805   889 I libPowerHal: [PD] system_server update cmd:1000000 param:-1
