02-26 11:43:55.478   796 21245 E C2MtkVdec: [0xEB097C00] fetch graphic block err = 110
02-26 11:43:55.478   796 11688 E C2MtkVdec: [0xEA0EA500] fetch graphic block err = 110
02-26 11:43:55.517   796 11713 E C2MtkVdec: [0xEA0EDD00] fetch graphic block err = 110
02-26 11:43:55.517   796 11713 E VDO_LOG : ### +VDEC_DRV_GET_TYPE_GET_PIXEL_FORMAT
02-26 11:43:55.518   796 11713 E VDO_LOG : [Info] get updated pixel format:  4
02-26 11:43:55.577   796 22390 E C2MtkVdec: [0xEB09C900] fetch graphic block err = 110
02-26 11:43:55.578   796 22390 E VDO_LOG : ### +VDEC_DRV_GET_TYPE_GET_PIXEL_FORMAT
02-26 11:43:55.578   796 22390 E VDO_LOG : [Info] get updated pixel format:  4
02-26 11:43:55.578   796  1563 E C2MtkVdec: [0xEC399B00] fetch graphic block err = 110
02-26 11:43:55.579   796 21245 E C2MtkVdec: [0xEB097C00] fetch graphic block err = 110
02-26 11:43:55.579   796 11688 E C2MtkVdec: [0xEA0EA500] fetch graphic block err = 110
02-26 11:43:55.619   796 11713 E C2MtkVdec: [0xEA0EDD00] fetch graphic block err = 110
02-26 11:43:55.679   796  1563 E C2MtkVdec: [0xEC399B00] fetch graphic block err = 110
02-26 11:43:55.679   796 21245 E C2MtkVdec: [0xEB097C00] fetch graphic block err = 110
02-26 11:43:55.679   796 22390 E C2MtkVdec: [0xEB09C900] fetch graphic block err = 110
02-26 11:43:55.679   796 11688 E C2MtkVdec: [0xEA0EA500] fetch graphic block err = 110
02-26 11:43:55.719   796 11713 E C2MtkVdec: [0xEA0EDD00] fetch graphic block err = 110
02-26 11:43:55.779   796  1563 E C2MtkVdec: [0xEC399B00] fetch graphic block err = 110
02-26 11:43:55.779   796 22390 E C2MtkVdec: [0xEB09C900] fetch graphic block err = 110
02-26 11:43:55.780   796 21245 E C2MtkVdec: [0xEB097C00] fetch graphic block err = 110
02-26 11:43:55.780   796 11688 E C2MtkVdec: [0xEA0EA500] fetch graphic block err = 110
02-26 11:43:55.795  1459  1496 I PowerManagerService: getBoardTemp for outdoor mode: 34000
02-26 11:43:55.799  1459  1496 I lq ThermalManagerService: getBoardTemp: 34000
02-26 11:43:55.820   796 11713 E C2MtkVdec: [0xEA0EDD00] fetch graphic block err = 110
02-26 11:43:55.880   796 22390 E C2MtkVdec: [0xEB09C900] fetch graphic block err = 110
02-26 11:43:55.880   796  1563 E C2MtkVdec: [0xEC399B00] fetch graphic block err = 110
02-26 11:43:55.880   796 21245 E C2MtkVdec: [0xEB097C00] fetch graphic block err = 110
02-26 11:43:55.880   796 11688 E C2MtkVdec: [0xEA0EA500] fetch graphic block err = 110
02-26 11:43:55.888   784 31143 I resolv  : GetAddrInfoHandler::run: {463 463 463 983503 10243 0}
02-26 11:43:55.920   796 11713 E C2MtkVdec: [0xEA0EDD00] fetch graphic block err = 110
02-26 11:43:55.980   796 22390 E C2MtkVdec: [0xEB09C900] fetch graphic block err = 110
02-26 11:43:55.980   796 21245 E C2MtkVdec: [0xEB097C00] fetch graphic block err = 110
02-26 11:43:55.980   796  1563 E C2MtkVdec: [0xEC399B00] fetch graphic block err = 110
02-26 11:43:55.981   796 11688 E C2MtkVdec: [0xEA0EA500] fetch graphic block err = 110
02-26 11:43:56.021   796 11713 E C2MtkVdec: [0xEA0EDD00] fetch graphic block err = 110
02-26 11:43:56.080   796 22390 E C2MtkVdec: [0xEB09C900] fetch graphic block err = 110
02-26 11:43:56.081   796 21245 E C2MtkVdec: [0xEB097C00] fetch graphic block err = 110
02-26 11:43:56.081   796  1563 E C2MtkVdec: [0xEC399B00] fetch graphic block err = 110
02-26 11:43:56.081   796 11688 E C2MtkVdec: [0xEA0EA500] fetch graphic block err = 110
02-26 11:43:56.121   796 11713 E C2MtkVdec: [0xEA0EDD00] fetch graphic block err = 110
02-26 11:43:56.181   796 22390 E C2MtkVdec: [0xEB09C900] fetch graphic block err = 110
02-26 11:43:56.181   796 21245 E C2MtkVdec: [0xEB097C00] fetch graphic block err = 110
02-26 11:43:56.181   796  1563 E C2MtkVdec: [0xEC399B00] fetch graphic block err = 110
02-26 11:43:56.182   796 11688 E C2MtkVdec: [0xEA0EA500] fetch graphic block err = 110
02-26 11:43:56.222   796 11713 E C2MtkVdec: [0xEA0EDD00] fetch graphic block err = 110
02-26 11:43:56.281   796 22390 E C2MtkVdec: [0xEB09C900] fetch graphic block err = 110
02-26 11:43:56.281   796 21245 E C2MtkVdec: [0xEB097C00] fetch graphic block err = 110
02-26 11:43:56.282   796  1563 E C2MtkVdec: [0xEC399B00] fetch graphic block err = 110
02-26 11:43:56.282   796 11688 E C2MtkVdec: [0xEA0EA500] fetch graphic block err = 110
02-26 11:43:56.322   796 11713 E C2MtkVdec: [0xEA0EDD00] fetch graphic block err = 110
02-26 11:43:56.382   796 21245 E C2MtkVdec: [0xEB097C00] fetch graphic block err = 110
02-26 11:43:56.382   796 22390 E C2MtkVdec: [0xEB09C900] fetch graphic block err = 110
02-26 11:43:56.382   796  1563 E C2MtkVdec: [0xEC399B00] fetch graphic block err = 110
02-26 11:43:56.382   796 11688 E C2MtkVdec: [0xEA0EA500] fetch graphic block err = 110
02-26 11:43:56.423   796 11713 E C2MtkVdec: [0xEA0EDD00] fetch graphic block err = 110
02-26 11:43:56.482   796 22390 E C2MtkVdec: [0xEB09C900] fetch graphic block err = 110
02-26 11:43:56.482   796 21245 E C2MtkVdec: [0xEB097C00] fetch graphic block err = 110
02-26 11:43:56.482   796  1563 E C2MtkVdec: [0xEC399B00] fetch graphic block err = 110
02-26 11:43:56.482   796 11688 E C2MtkVdec: [0xEA0EA500] fetch graphic block err = 110
02-26 11:43:56.506   796 21804 W C2BqBuffer: last successful dequeue was 425235212073 us ago, 0 consecutive failures
02-26 11:43:56.523   796 11713 E C2MtkVdec: [0xEA0EDD00] fetch graphic block err = 110
02-26 11:43:56.582   796 21245 E C2MtkVdec: [0xEB097C00] fetch graphic block err = 110
02-26 11:43:56.582   796 22390 E C2MtkVdec: [0xEB09C900] fetch graphic block err = 110
02-26 11:43:56.583   796 11688 E C2MtkVdec: [0xEA0EA500] fetch graphic block err = 110
02-26 11:43:56.583   796  1563 E C2MtkVdec: [0xEC399B00] fetch graphic block err = 110
02-26 11:43:56.624   796 11713 E C2MtkVdec: [0xEA0EDD00] fetch graphic block err = 110
02-26 11:43:56.670   796 23608 W C2BqBuffer: last successful dequeue was 24813878931 us ago, 0 consecutive failures
02-26 11:43:56.683   796 22390 E C2MtkVdec: [0xEB09C900] fetch graphic block err = 110
02-26 11:43:56.683   796 21245 E C2MtkVdec: [0xEB097C00] fetch graphic block err = 110
02-26 11:43:56.683   796 21245 E VDO_LOG : ### +VDEC_DRV_GET_TYPE_GET_PIXEL_FORMAT
02-26 11:43:56.683   796 21245 E VDO_LOG : [Info] get updated pixel format:  4
02-26 11:43:56.684   796  1563 E C2MtkVdec: [0xEC399B00] fetch graphic block err = 110
02-26 11:43:56.684   796 11688 E C2MtkVdec: [0xEA0EA500] fetch graphic block err = 110
02-26 11:43:56.701   796  7995 W C2BqBuffer: last successful dequeue was 129188866090 us ago, 0 consecutive failures
02-26 11:43:56.719   796 21249 W C2BqBuffer: last successful dequeue was 356609231881 us ago, 0 consecutive failures
02-26 11:43:56.724   796 11713 E C2MtkVdec: [0xEA0EDD00] fetch graphic block err = 110
02-26 11:43:56.783   796 22390 E C2MtkVdec: [0xEB09C900] fetch graphic block err = 110
02-26 11:43:56.784   796  1563 E C2MtkVdec: [0xEC399B00] fetch graphic block err = 110
02-26 11:43:56.785   796 11688 E C2MtkVdec: [0xEA0EA500] fetch graphic block err = 110
02-26 11:43:56.785   796 21245 E C2MtkVdec: [0xEB097C00] fetch graphic block err = 110
02-26 11:43:56.793   796 22394 W C2BqBuffer: last successful dequeue was 243808457196 us ago, 0 consecutive failures
02-26 11:43:56.824   796 11713 E C2MtkVdec: [0xEA0EDD00] fetch graphic block err = 110
02-26 11:43:56.884   796 22390 E C2MtkVdec: [0xEB09C900] fetch graphic block err = 110
02-26 11:43:56.885   796  1563 E C2MtkVdec: [0xEC399B00] fetch graphic block err = 110
02-26 11:43:56.885   796 11688 E C2MtkVdec: [0xEA0EA500] fetch graphic block err = 110
02-26 11:43:56.885   796 21245 E C2MtkVdec: [0xEB097C00] fetch graphic block err = 110
02-26 11:43:56.896   796 11692 W C2BqBuffer: last successful dequeue was 116022686843 us ago, 0 consecutive failures
02-26 11:43:56.925   796 11713 E C2MtkVdec: [0xEA0EDD00] fetch graphic block err = 110
02-26 11:43:56.980   796  6553 W C2BqBuffer: last successful dequeue was 50749560256 us ago, 0 consecutive failures
02-26 11:43:56.984   796 22390 E C2MtkVdec: [0xEB09C900] fetch graphic block err = 110
02-26 11:43:56.985   796  1563 E C2MtkVdec: [0xEC399B00] fetch graphic block err = 110
02-26 11:43:56.985   796 11688 E C2MtkVdec: [0xEA0EA500] fetch graphic block err = 110
02-26 11:43:56.986   796 21245 E C2MtkVdec: [0xEB097C00] fetch graphic block err = 110
02-26 11:43:57.025   796 11713 E C2MtkVdec: [0xEA0EDD00] fetch graphic block err = 110
02-26 11:43:57.085   796 22390 E C2MtkVdec: [0xEB09C900] fetch graphic block err = 110
02-26 11:43:57.086   796 11688 E C2MtkVdec: [0xEA0EA500] fetch graphic block err = 110
02-26 11:43:57.086   796  1563 E C2MtkVdec: [0xEC399B00] fetch graphic block err = 110
02-26 11:43:57.087   796 21245 E C2MtkVdec: [0xEB097C00] fetch graphic block err = 110
02-26 11:43:57.126   796 11713 E C2MtkVdec: [0xEA0EDD00] fetch graphic block err = 110
02-26 11:43:57.141   796 11731 W C2BqBuffer: last successful dequeue was 116022564104 us ago, 0 consecutive failures
02-26 11:43:57.185   796 22390 E C2MtkVdec: [0xEB09C900] fetch graphic block err = 110
02-26 11:43:57.186   796  1563 E C2MtkVdec: [0xEC399B00] fetch graphic block err = 110
02-26 11:43:57.186   796 11688 E C2MtkVdec: [0xEA0EA500] fetch graphic block err = 110
02-26 11:43:57.187   796 21245 E C2MtkVdec: [0xEB097C00] fetch graphic block err = 110
02-26 11:43:57.226   796 11713 E C2MtkVdec: [0xEA0EDD00] fetch graphic block err = 110
02-26 11:43:57.286   796 22390 E C2MtkVdec: [0xEB09C900] fetch graphic block err = 110
02-26 11:43:57.286   796 11688 E C2MtkVdec: [0xEA0EA500] fetch graphic block err = 110
02-26 11:43:57.286   796  1563 E C2MtkVdec: [0xEC399B00] fetch graphic block err = 110
02-26 11:43:57.288   796 21245 E C2MtkVdec: [0xEB097C00] fetch graphic block err = 110
02-26 11:43:57.327   796 11713 E C2MtkVdec: [0xEA0EDD00] fetch graphic block err = 110
02-26 11:43:57.386   796 22390 E C2MtkVdec: [0xEB09C900] fetch graphic block err = 110
02-26 11:43:57.387   796 11688 E C2MtkVdec: [0xEA0EA500] fetch graphic block err = 110
02-26 11:43:57.387   796  1563 E C2MtkVdec: [0xEC399B00] fetch graphic block err = 110
02-26 11:43:57.388   796 21245 E C2MtkVdec: [0xEB097C00] fetch graphic block err = 110
02-26 11:43:57.427   796 11713 E C2MtkVdec: [0xEA0EDD00] fetch graphic block err = 110
02-26 11:43:57.487   796 22390 E C2MtkVdec: [0xEB09C900] fetch graphic block err = 110
02-26 11:43:57.487   796 11688 E C2MtkVdec: [0xEA0EA500] fetch graphic block err = 110
02-26 11:43:57.488   796  1563 E C2MtkVdec: [0xEC399B00] fetch graphic block err = 110
02-26 11:43:57.488   796 21245 E C2MtkVdec: [0xEB097C00] fetch graphic block err = 110
02-26 11:43:57.527   796 11713 E C2MtkVdec: [0xEA0EDD00] fetch graphic block err = 110
02-26 11:43:57.587   796 11688 E C2MtkVdec: [0xEA0EA500] fetch graphic block err = 110
02-26 11:43:57.587   796 22390 E C2MtkVdec: [0xEB09C900] fetch graphic block err = 110
02-26 11:43:57.588   796  1563 E C2MtkVdec: [0xEC399B00] fetch graphic block err = 110
02-26 11:43:57.589   796 21245 E C2MtkVdec: [0xEB097C00] fetch graphic block err = 110
02-26 11:43:57.628   796 11713 E C2MtkVdec: [0xEA0EDD00] fetch graphic block err = 110
02-26 11:43:57.688   796 22390 E C2MtkVdec: [0xEB09C900] fetch graphic block err = 110
02-26 11:43:57.688   796 11688 E C2MtkVdec: [0xEA0EA500] fetch graphic block err = 110
02-26 11:43:57.688   796  1563 E C2MtkVdec: [0xEC399B00] fetch graphic block err = 110
02-26 11:43:57.689   796 21245 E C2MtkVdec: [0xEB097C00] fetch graphic block err = 110
02-26 11:43:57.728   796 11713 E C2MtkVdec: [0xEA0EDD00] fetch graphic block err = 110
02-26 11:43:57.788   796 22390 E C2MtkVdec: [0xEB09C900] fetch graphic block err = 110
02-26 11:43:57.788   796 11688 E C2MtkVdec: [0xEA0EA500] fetch graphic block err = 110
02-26 11:43:57.789   796  1563 E C2MtkVdec: [0xEC399B00] fetch graphic block err = 110
02-26 11:43:57.789   796 21245 E C2MtkVdec: [0xEB097C00] fetch graphic block err = 110
02-26 11:43:57.829   796 11713 E C2MtkVdec: [0xEA0EDD00] fetch graphic block err = 110
02-26 11:43:57.889   796 22390 E C2MtkVdec: [0xEB09C900] fetch graphic block err = 110
02-26 11:43:57.889   796 11688 E C2MtkVdec: [0xEA0EA500] fetch graphic block err = 110
02-26 11:43:57.889   796  1563 E C2MtkVdec: [0xEC399B00] fetch graphic block err = 110
02-26 11:43:57.890   796 21245 E C2MtkVdec: [0xEB097C00] fetch graphic block err = 110
02-26 11:43:57.916   784 31145 I resolv  : GetAddrInfoHandler::run: {463 463 463 983503 10243 0}
02-26 11:43:57.929   796 11713 E C2MtkVdec: [0xEA0EDD00] fetch graphic block err = 110
02-26 11:43:57.989   796 22390 E C2MtkVdec: [0xEB09C900] fetch graphic block err = 110
02-26 11:43:57.989   796 11688 E C2MtkVdec: [0xEA0EA500] fetch graphic block err = 110
02-26 11:43:57.990   796  1563 E C2MtkVdec: [0xEC399B00] fetch graphic block err = 110
02-26 11:43:57.990   796 21245 E C2MtkVdec: [0xEB097C00] fetch graphic block err = 110
02-26 11:43:58.030   796 11713 E C2MtkVdec: [0xEA0EDD00] fetch graphic block err = 110
02-26 11:43:58.064  2661  2661 I WifiHAL : Get link layer stats
02-26 11:43:58.065  2661  2661 I WifiHAL : GetLinkStatsCommand::create
02-26 11:43:58.066  2661  2661 I android.hardware.wifi@1.0-service-lazy: WifiCommand::requestResponse err=-14
02-26 11:43:58.066  2661  2661 I WifiHAL : wifi_get_link_stats: result=-1
02-26 11:43:58.068  1459  1668 E WifiVendorHal: getWifiLinkLayerStats_1_5_Internal(l.1176) failed {.code = ERROR_UNKNOWN, .description = unknown}
02-26 11:43:58.090   796 22390 E C2MtkVdec: [0xEB09C900] fetch graphic block err = 110
02-26 11:43:58.090   796 11688 E C2MtkVdec: [0xEA0EA500] fetch graphic block err = 110
02-26 11:43:58.090   796  1563 E C2MtkVdec: [0xEC399B00] fetch graphic block err = 110
02-26 11:43:58.090   796 21245 E C2MtkVdec: [0xEB097C00] fetch graphic block err = 110
02-26 11:43:58.130   796 11713 E C2MtkVdec: [0xEA0EDD00] fetch graphic block err = 110
02-26 11:43:58.190   796 22390 E C2MtkVdec: [0xEB09C900] fetch graphic block err = 110
02-26 11:43:58.190   796 21245 E C2MtkVdec: [0xEB097C00] fetch graphic block err = 110
02-26 11:43:58.191   796 11688 E C2MtkVdec: [0xEA0EA500] fetch graphic block err = 110
02-26 11:43:58.191   796  1563 E C2MtkVdec: [0xEC399B00] fetch graphic block err = 110
02-26 11:43:58.191   796 11688 E VDO_LOG : ### +VDEC_DRV_GET_TYPE_GET_PIXEL_FORMAT
02-26 11:43:58.191   796 11688 E VDO_LOG : [Info] get updated pixel format:  4
02-26 11:43:58.230   796 11713 E C2MtkVdec: [0xEA0EDD00] fetch graphic block err = 110
02-26 11:43:58.291   796 21245 E C2MtkVdec: [0xEB097C00] fetch graphic block err = 110
02-26 11:43:58.291   796 22390 E C2MtkVdec: [0xEB09C900] fetch graphic block err = 110
02-26 11:43:58.291   796  1563 E C2MtkVdec: [0xEC399B00] fetch graphic block err = 110
02-26 11:43:58.292   796 11688 E C2MtkVdec: [0xEA0EA500] fetch graphic block err = 110
02-26 11:43:58.331   796 11713 E C2MtkVdec: [0xEA0EDD00] fetch graphic block err = 110
02-26 11:43:58.391   796 21245 E C2MtkVdec: [0xEB097C00] fetch graphic block err = 110
02-26 11:43:58.391   796 22390 E C2MtkVdec: [0xEB09C900] fetch graphic block err = 110
02-26 11:43:58.391   796  1563 E C2MtkVdec: [0xEC399B00] fetch graphic block err = 110
02-26 11:43:58.392   796  1563 E VDO_LOG : ### +VDEC_DRV_GET_TYPE_GET_PIXEL_FORMAT
02-26 11:43:58.392   796  1563 E VDO_LOG : [Info] get updated pixel format:  4
02-26 11:43:58.392   796 11688 E C2MtkVdec: [0xEA0EA500] fetch graphic block err = 110
02-26 11:43:58.431   796 11713 E C2MtkVdec: [0xEA0EDD00] fetch graphic block err = 110
02-26 11:43:58.492   796 21245 E C2MtkVdec: [0xEB097C00] fetch graphic block err = 110
02-26 11:43:58.492   796 22390 E C2MtkVdec: [0xEB09C900] fetch graphic block err = 110
02-26 11:43:58.493   796 11688 E C2MtkVdec: [0xEA0EA500] fetch graphic block err = 110
02-26 11:43:58.493   796  1563 E C2MtkVdec: [0xEC399B00] fetch graphic block err = 110
02-26 11:43:58.532   796 11713 E C2MtkVdec: [0xEA0EDD00] fetch graphic block err = 110
02-26 11:43:58.532   796 11713 E VDO_LOG : ### +VDEC_DRV_GET_TYPE_GET_PIXEL_FORMAT
02-26 11:43:58.532   796 11713 E VDO_LOG : [Info] get updated pixel format:  4
02-26 11:43:58.592   796 22390 E C2MtkVdec: [0xEB09C900] fetch graphic block err = 110
02-26 11:43:58.592   796 21245 E C2MtkVdec: [0xEB097C00] fetch graphic block err = 110
02-26 11:43:58.592   796 22390 E VDO_LOG : ### +VDEC_DRV_GET_TYPE_GET_PIXEL_FORMAT
02-26 11:43:58.593   796 22390 E VDO_LOG : [Info] get updated pixel format:  4
02-26 11:43:58.593   796  1563 E C2MtkVdec: [0xEC399B00] fetch graphic block err = 110
02-26 11:43:58.593   796 11688 E C2MtkVdec: [0xEA0EA500] fetch graphic block err = 110
02-26 11:43:58.634   796 11713 E C2MtkVdec: [0xEA0EDD00] fetch graphic block err = 110
02-26 11:43:58.692   796 21245 E C2MtkVdec: [0xEB097C00] fetch graphic block err = 110
02-26 11:43:58.693   796  1563 E C2MtkVdec: [0xEC399B00] fetch graphic block err = 110
02-26 11:43:58.694   796 11688 E C2MtkVdec: [0xEA0EA500] fetch graphic block err = 110
02-26 11:43:58.694   796 22390 E C2MtkVdec: [0xEB09C900] fetch graphic block err = 110
02-26 11:43:58.734   796 11713 E C2MtkVdec: [0xEA0EDD00] fetch graphic block err = 110
02-26 11:43:58.758   796 14950 W C2BqBuffer: last successful dequeue was 464247999004 us ago, 0 consecutive failures
02-26 11:43:58.793   796 21245 E C2MtkVdec: [0xEB097C00] fetch graphic block err = 110
02-26 11:43:58.794   796  1563 E C2MtkVdec: [0xEC399B00] fetch graphic block err = 110
02-26 11:43:58.794   796 11688 E C2MtkVdec: [0xEA0EA500] fetch graphic block err = 110
02-26 11:43:58.795   796 22390 E C2MtkVdec: [0xEB09C900] fetch graphic block err = 110
02-26 11:43:58.835   796 11713 E C2MtkVdec: [0xEA0EDD00] fetch graphic block err = 110
02-26 11:43:58.893   796 21245 E C2MtkVdec: [0xEB097C00] fetch graphic block err = 110
02-26 11:43:58.894   796 11688 E C2MtkVdec: [0xEA0EA500] fetch graphic block err = 110
02-26 11:43:58.894   796  1563 E C2MtkVdec: [0xEC399B00] fetch graphic block err = 110
02-26 11:43:58.895   796 22390 E C2MtkVdec: [0xEB09C900] fetch graphic block err = 110
02-26 11:43:58.932   796  1567 W C2BqBuffer: last successful dequeue was 403920135338 us ago, 0 consecutive failures
02-26 11:43:58.935   796 11713 E C2MtkVdec: [0xEA0EDD00] fetch graphic block err = 110
02-26 11:43:58.994   796 21245 E C2MtkVdec: [0xEB097C00] fetch graphic block err = 110
02-26 11:43:58.994   796 11688 E C2MtkVdec: [0xEA0EA500] fetch graphic block err = 110
02-26 11:43:58.995   796  1563 E C2MtkVdec: [0xEC399B00] fetch graphic block err = 110
02-26 11:43:58.995   796 22390 E C2MtkVdec: [0xEB09C900] fetch graphic block err = 110
02-26 11:43:59.035   796 11713 E C2MtkVdec: [0xEA0EDD00] fetch graphic block err = 110
02-26 11:43:59.094   796 21245 E C2MtkVdec: [0xEB097C00] fetch graphic block err = 110
02-26 11:43:59.095   796  1563 E C2MtkVdec: [0xEC399B00] fetch graphic block err = 110
02-26 11:43:59.095   796 11688 E C2MtkVdec: [0xEA0EA500] fetch graphic block err = 110
02-26 11:43:59.095   796 22390 E C2MtkVdec: [0xEB09C900] fetch graphic block err = 110
02-26 11:43:59.136   796 11713 E C2MtkVdec: [0xEA0EDD00] fetch graphic block err = 110
02-26 11:43:59.195   796 21245 E C2MtkVdec: [0xEB097C00] fetch graphic block err = 110
02-26 11:43:59.195   796 11688 E C2MtkVdec: [0xEA0EA500] fetch graphic block err = 110
02-26 11:43:59.195   796  1563 E C2MtkVdec: [0xEC399B00] fetch graphic block err = 110
02-26 11:43:59.196   796 22390 E C2MtkVdec: [0xEB09C900] fetch graphic block err = 110
02-26 11:43:59.236   796 11713 E C2MtkVdec: [0xEA0EDD00] fetch graphic block err = 110
02-26 11:43:59.295   796 21245 E C2MtkVdec: [0xEB097C00] fetch graphic block err = 110
02-26 11:43:59.296   796 11688 E C2MtkVdec: [0xEA0EA500] fetch graphic block err = 110
02-26 11:43:59.296   796 22390 E C2MtkVdec: [0xEB09C900] fetch graphic block err = 110
02-26 11:43:59.296   796  1563 E C2MtkVdec: [0xEC399B00] fetch graphic block err = 110
02-26 11:43:59.337   796 11713 E C2MtkVdec: [0xEA0EDD00] fetch graphic block err = 110
02-26 11:43:59.396   796 21245 E C2MtkVdec: [0xEB097C00] fetch graphic block err = 110
02-26 11:43:59.396   796 11688 E C2MtkVdec: [0xEA0EA500] fetch graphic block err = 110
02-26 11:43:59.396   796 22390 E C2MtkVdec: [0xEB09C900] fetch graphic block err = 110
02-26 11:43:59.396   796  1563 E C2MtkVdec: [0xEC399B00] fetch graphic block err = 110
02-26 11:43:59.437   796 11713 E C2MtkVdec: [0xEA0EDD00] fetch graphic block err = 110
02-26 11:43:59.451   796 13058 W C2BqBuffer: last successful dequeue was 441922673375 us ago, 0 consecutive failures
02-26 11:43:59.496   796 21245 E C2MtkVdec: [0xEB097C00] fetch graphic block err = 110
02-26 11:43:59.497   796 22390 E C2MtkVdec: [0xEB09C900] fetch graphic block err = 110
02-26 11:43:59.497   796 11688 E C2MtkVdec: [0xEA0EA500] fetch graphic block err = 110
02-26 11:43:59.497   796  1563 E C2MtkVdec: [0xEC399B00] fetch graphic block err = 110
02-26 11:43:59.538   796 11713 E C2MtkVdec: [0xEA0EDD00] fetch graphic block err = 110
02-26 11:43:59.597   796 21245 E C2MtkVdec: [0xEB097C00] fetch graphic block err = 110
02-26 11:43:59.597   796 11688 E C2MtkVdec: [0xEA0EA500] fetch graphic block err = 110
02-26 11:43:59.597   796 22390 E C2MtkVdec: [0xEB09C900] fetch graphic block err = 110
02-26 11:43:59.597   796  1563 E C2MtkVdec: [0xEC399B00] fetch graphic block err = 110
02-26 11:43:59.638   796 11713 E C2MtkVdec: [0xEA0EDD00] fetch graphic block err = 110
02-26 11:43:59.697   796 21245 E C2MtkVdec: [0xEB097C00] fetch graphic block err = 110
02-26 11:43:59.697   796 11688 E C2MtkVdec: [0xEA0EA500] fetch graphic block err = 110
02-26 11:43:59.697   796 22390 E C2MtkVdec: [0xEB09C900] fetch graphic block err = 110
02-26 11:43:59.698   796  1563 E C2MtkVdec: [0xEC399B00] fetch graphic block err = 110
02-26 11:43:59.698   796 21245 E VDO_LOG : ### +VDEC_DRV_GET_TYPE_GET_PIXEL_FORMAT
02-26 11:43:59.698   796 21245 E VDO_LOG : [Info] get updated pixel format:  4
02-26 11:43:59.739   796 11713 E C2MtkVdec: [0xEA0EDD00] fetch graphic block err = 110
02-26 11:43:59.798   796 22390 E C2MtkVdec: [0xEB09C900] fetch graphic block err = 110
02-26 11:43:59.798   796 11688 E C2MtkVdec: [0xEA0EA500] fetch graphic block err = 110
02-26 11:43:59.798   796  1563 E C2MtkVdec: [0xEC399B00] fetch graphic block err = 110
02-26 11:43:59.799   796 21245 E C2MtkVdec: [0xEB097C00] fetch graphic block err = 110
02-26 11:43:59.839   796 11713 E C2MtkVdec: [0xEA0EDD00] fetch graphic block err = 110
02-26 11:43:59.898   796 11688 E C2MtkVdec: [0xEA0EA500] fetch graphic block err = 110
02-26 11:43:59.898   796 22390 E C2MtkVdec: [0xEB09C900] fetch graphic block err = 110
02-26 11:43:59.898   796  1563 E C2MtkVdec: [0xEC399B00] fetch graphic block err = 110
02-26 11:43:59.899   796 21245 E C2MtkVdec: [0xEB097C00] fetch graphic block err = 110
02-26 11:43:59.940   796 11713 E C2MtkVdec: [0xEA0EDD00] fetch graphic block err = 110
02-26 11:43:59.945   784 31147 I resolv  : GetAddrInfoHandler::run: {463 463 463 983503 10243 0}
02-26 11:43:59.999   796 22390 E C2MtkVdec: [0xEB09C900] fetch graphic block err = 110
02-26 11:43:59.999   796 11688 E C2MtkVdec: [0xEA0EA500] fetch graphic block err = 110
02-26 11:43:59.999   796  1563 E C2MtkVdec: [0xEC399B00] fetch graphic block err = 110
02-26 11:44:00.000   796 21245 E C2MtkVdec: [0xEB097C00] fetch graphic block err = 110
02-26 11:44:00.040   796 11713 E C2MtkVdec: [0xEA0EDD00] fetch graphic block err = 110
02-26 11:44:00.075   819   819 I BufferQueueProducer: [StatusBar#77](this:0xecfb0cdc,id:-1,api:0,p:-1,c:819) queueBuffer: fps=0.25 dur=7999.89 max=7984.58 min=15.31
02-26 11:44:00.079   794   794 I hwcomposer: [HWCDisplay] [Display_0 (type:1)] fps:0.249955,dur:8001.43,max:7985.55,min:15.87  
02-26 11:44:00.099   796 22390 E C2MtkVdec: [0xEB09C900] fetch graphic block err = 110
02-26 11:44:00.099   796 11688 E C2MtkVdec: [0xEA0EA500] fetch graphic block err = 110
02-26 11:44:00.099   796  1563 E C2MtkVdec: [0xEC399B00] fetch graphic block err = 110
02-26 11:44:00.100   796 21245 E C2MtkVdec: [0xEB097C00] fetch graphic block err = 110
02-26 11:44:00.140   796 11713 E C2MtkVdec: [0xEA0EDD00] fetch graphic block err = 110
02-26 11:44:00.199   796 11688 E C2MtkVdec: [0xEA0EA500] fetch graphic block err = 110
02-26 11:44:00.199   796 22390 E C2MtkVdec: [0xEB09C900] fetch graphic block err = 110
02-26 11:44:00.200   796  1563 E C2MtkVdec: [0xEC399B00] fetch graphic block err = 110
02-26 11:44:00.201   796 21245 E C2MtkVdec: [0xEB097C00] fetch graphic block err = 110
02-26 11:44:00.241   796 11713 E C2MtkVdec: [0xEA0EDD00] fetch graphic block err = 110
02-26 11:44:00.300   796 11688 E C2MtkVdec: [0xEA0EA500] fetch graphic block err = 110
02-26 11:44:00.300   796 22390 E C2MtkVdec: [0xEB09C900] fetch graphic block err = 110
02-26 11:44:00.300   796  1563 E C2MtkVdec: [0xEC399B00] fetch graphic block err = 110
02-26 11:44:00.301   796 21245 E C2MtkVdec: [0xEB097C00] fetch graphic block err = 110
02-26 11:44:00.341   796 11713 E C2MtkVdec: [0xEA0EDD00] fetch graphic block err = 110
02-26 11:44:00.400   796 11688 E C2MtkVdec: [0xEA0EA500] fetch graphic block err = 110
02-26 11:44:00.400   796 22390 E C2MtkVdec: [0xEB09C900] fetch graphic block err = 110
02-26 11:44:00.401   796  1563 E C2MtkVdec: [0xEC399B00] fetch graphic block err = 110
02-26 11:44:00.401   796 21245 E C2MtkVdec: [0xEB097C00] fetch graphic block err = 110
02-26 11:44:00.442   796 11713 E C2MtkVdec: [0xEA0EDD00] fetch graphic block err = 110
02-26 11:44:00.501   796 22390 E C2MtkVdec: [0xEB09C900] fetch graphic block err = 110
02-26 11:44:00.501   796 11688 E C2MtkVdec: [0xEA0EA500] fetch graphic block err = 110
02-26 11:44:00.501   796  1563 E C2MtkVdec: [0xEC399B00] fetch graphic block err = 110
02-26 11:44:00.502   796 21245 E C2MtkVdec: [0xEB097C00] fetch graphic block err = 110
02-26 11:44:00.542   796 11713 E C2MtkVdec: [0xEA0EDD00] fetch graphic block err = 110
02-26 11:44:00.601   796 22390 E C2MtkVdec: [0xEB09C900] fetch graphic block err = 110
02-26 11:44:00.601   796 11688 E C2MtkVdec: [0xEA0EA500] fetch graphic block err = 110
02-26 11:44:00.602   796  1563 E C2MtkVdec: [0xEC399B00] fetch graphic block err = 110
02-26 11:44:00.602   796 21245 E C2MtkVdec: [0xEB097C00] fetch graphic block err = 110
02-26 11:44:00.643   796 11713 E C2MtkVdec: [0xEA0EDD00] fetch graphic block err = 110
02-26 11:44:00.702   796 22390 E C2MtkVdec: [0xEB09C900] fetch graphic block err = 110
02-26 11:44:00.702   796 11688 E C2MtkVdec: [0xEA0EA500] fetch graphic block err = 110
02-26 11:44:00.702   796  1563 E C2MtkVdec: [0xEC399B00] fetch graphic block err = 110
02-26 11:44:00.703   796 21245 E C2MtkVdec: [0xEB097C00] fetch graphic block err = 110
02-26 11:44:00.743   796 11713 E C2MtkVdec: [0xEA0EDD00] fetch graphic block err = 110
02-26 11:44:00.801  1459  1496 I PowerManagerService: getBoardTemp for outdoor mode: 33000
02-26 11:44:00.802   796 22390 E C2MtkVdec: [0xEB09C900] fetch graphic block err = 110
02-26 11:44:00.802   796  1563 E C2MtkVdec: [0xEC399B00] fetch graphic block err = 110
02-26 11:44:00.803   796 11688 E C2MtkVdec: [0xEA0EA500] fetch graphic block err = 110
02-26 11:44:00.803   796 21245 E C2MtkVdec: [0xEB097C00] fetch graphic block err = 110
02-26 11:44:00.804  1459  1496 I lq ThermalManagerService: getBoardTemp: 33000
02-26 11:44:00.844   796 11713 E C2MtkVdec: [0xEA0EDD00] fetch graphic block err = 110
02-26 11:44:00.903   796 22390 E C2MtkVdec: [0xEB09C900] fetch graphic block err = 110
02-26 11:44:00.903   796  1563 E C2MtkVdec: [0xEC399B00] fetch graphic block err = 110
02-26 11:44:00.903   796 11688 E C2MtkVdec: [0xEA0EA500] fetch graphic block err = 110
02-26 11:44:00.904   796 21245 E C2MtkVdec: [0xEB097C00] fetch graphic block err = 110
02-26 11:44:00.945   796 11713 E C2MtkVdec: [0xEA0EDD00] fetch graphic block err = 110
02-26 11:44:01.003   796  1563 E C2MtkVdec: [0xEC399B00] fetch graphic block err = 110
02-26 11:44:01.003   796 11688 E C2MtkVdec: [0xEA0EA500] fetch graphic block err = 110
02-26 11:44:01.003   796 22390 E C2MtkVdec: [0xEB09C900] fetch graphic block err = 110
02-26 11:44:01.004   796 21245 E C2MtkVdec: [0xEB097C00] fetch graphic block err = 110
02-26 11:44:01.045   796 11713 E C2MtkVdec: [0xEA0EDD00] fetch graphic block err = 110
02-26 11:44:01.091  2661  2661 I WifiHAL : Get link layer stats
02-26 11:44:01.092  2661  2661 I WifiHAL : GetLinkStatsCommand::create
02-26 11:44:01.092  2661  2661 I android.hardware.wifi@1.0-service-lazy: WifiCommand::requestResponse err=-14
02-26 11:44:01.093  2661  2661 I WifiHAL : wifi_get_link_stats: result=-1
02-26 11:44:01.095  1459  1668 E WifiVendorHal: getWifiLinkLayerStats_1_5_Internal(l.1176) failed {.code = ERROR_UNKNOWN, .description = unknown}
02-26 11:44:01.103   796  1563 E C2MtkVdec: [0xEC399B00] fetch graphic block err = 110
02-26 11:44:01.103   796 22390 E C2MtkVdec: [0xEB09C900] fetch graphic block err = 110
02-26 11:44:01.104   796 11688 E C2MtkVdec: [0xEA0EA500] fetch graphic block err = 110
02-26 11:44:01.105   796 21245 E C2MtkVdec: [0xEB097C00] fetch graphic block err = 110
02-26 11:44:01.145   796 11713 E C2MtkVdec: [0xEA0EDD00] fetch graphic block err = 110
02-26 11:44:01.204   796 11688 E C2MtkVdec: [0xEA0EA500] fetch graphic block err = 110
02-26 11:44:01.204   796 22390 E C2MtkVdec: [0xEB09C900] fetch graphic block err = 110
02-26 11:44:01.204   796  1563 E C2MtkVdec: [0xEC399B00] fetch graphic block err = 110
02-26 11:44:01.204   796 11688 E VDO_LOG : ### +VDEC_DRV_GET_TYPE_GET_PIXEL_FORMAT
02-26 11:44:01.204   796 11688 E VDO_LOG : [Info] get updated pixel format:  4
02-26 11:44:01.205   796 21245 E C2MtkVdec: [0xEB097C00] fetch graphic block err = 110
02-26 11:44:01.246   796 11713 E C2MtkVdec: [0xEA0EDD00] fetch graphic block err = 110
02-26 11:44:01.304   796 22390 E C2MtkVdec: [0xEB09C900] fetch graphic block err = 110
02-26 11:44:01.305   796  1563 E C2MtkVdec: [0xEC399B00] fetch graphic block err = 110
02-26 11:44:01.305   796 21245 E C2MtkVdec: [0xEB097C00] fetch graphic block err = 110
02-26 11:44:01.306   796 11688 E C2MtkVdec: [0xEA0EA500] fetch graphic block err = 110
02-26 11:44:01.346   796 11713 E C2MtkVdec: [0xEA0EDD00] fetch graphic block err = 110
02-26 11:44:01.405   796 22390 E C2MtkVdec: [0xEB09C900] fetch graphic block err = 110
02-26 11:44:01.405   796  1563 E C2MtkVdec: [0xEC399B00] fetch graphic block err = 110
02-26 11:44:01.405   796  1563 E VDO_LOG : ### +VDEC_DRV_GET_TYPE_GET_PIXEL_FORMAT
02-26 11:44:01.405   796  1563 E VDO_LOG : [Info] get updated pixel format:  4
02-26 11:44:01.405   796 21245 E C2MtkVdec: [0xEB097C00] fetch graphic block err = 110
02-26 11:44:01.406   796 11688 E C2MtkVdec: [0xEA0EA500] fetch graphic block err = 110
02-26 11:44:01.447   796 11713 E C2MtkVdec: [0xEA0EDD00] fetch graphic block err = 110
02-26 11:44:01.505   796 22390 E C2MtkVdec: [0xEB09C900] fetch graphic block err = 110
02-26 11:44:01.506   796 21245 E C2MtkVdec: [0xEB097C00] fetch graphic block err = 110
02-26 11:44:01.506   796 11688 E C2MtkVdec: [0xEA0EA500] fetch graphic block err = 110
02-26 11:44:01.507   796  1563 E C2MtkVdec: [0xEC399B00] fetch graphic block err = 110
02-26 11:44:01.513   796 21804 W C2BqBuffer: last successful dequeue was 425240218743 us ago, 0 consecutive failures
02-26 11:44:01.547   796 11713 E C2MtkVdec: [0xEA0EDD00] fetch graphic block err = 110
02-26 11:44:01.548   796 11713 E VDO_LOG : ### +VDEC_DRV_GET_TYPE_GET_PIXEL_FORMAT
02-26 11:44:01.548   796 11713 E VDO_LOG : [Info] get updated pixel format:  4
02-26 11:44:01.606   796 22390 E C2MtkVdec: [0xEB09C900] fetch graphic block err = 110
02-26 11:44:01.606   796 22390 E VDO_LOG : ### +VDEC_DRV_GET_TYPE_GET_PIXEL_FORMAT
02-26 11:44:01.606   796 22390 E VDO_LOG : [Info] get updated pixel format:  4
02-26 11:44:01.606   796 21245 E C2MtkVdec: [0xEB097C00] fetch graphic block err = 110
02-26 11:44:01.606   796 11688 E C2MtkVdec: [0xEA0EA500] fetch graphic block err = 110
02-26 11:44:01.608   796  1563 E C2MtkVdec: [0xEC399B00] fetch graphic block err = 110
02-26 11:44:01.649   796 11713 E C2MtkVdec: [0xEA0EDD00] fetch graphic block err = 110
02-26 11:44:01.677   796 23608 W C2BqBuffer: last successful dequeue was 24818885315 us ago, 0 consecutive failures
02-26 11:44:01.707   796 21245 E C2MtkVdec: [0xEB097C00] fetch graphic block err = 110
02-26 11:44:01.707   796 11688 E C2MtkVdec: [0xEA0EA500] fetch graphic block err = 110
02-26 11:44:01.708   796 22390 E C2MtkVdec: [0xEB09C900] fetch graphic block err = 110
02-26 11:44:01.708   796  1563 E C2MtkVdec: [0xEC399B00] fetch graphic block err = 110
02-26 11:44:01.715   796  7995 W C2BqBuffer: last successful dequeue was 129193879805 us ago, 0 consecutive failures
02-26 11:44:01.725   796 21249 W C2BqBuffer: last successful dequeue was 356614237493 us ago, 0 consecutive failures
02-26 11:44:01.750   796 11713 E C2MtkVdec: [0xEA0EDD00] fetch graphic block err = 110
02-26 11:44:01.803   796 22394 W C2BqBuffer: last successful dequeue was 243813467265 us ago, 0 consecutive failures
02-26 11:44:01.807   796 21245 E C2MtkVdec: [0xEB097C00] fetch graphic block err = 110
02-26 11:44:01.808   796 11688 E C2MtkVdec: [0xEA0EA500] fetch graphic block err = 110
02-26 11:44:01.808   796 22390 E C2MtkVdec: [0xEB09C900] fetch graphic block err = 110
02-26 11:44:01.808   796  1563 E C2MtkVdec: [0xEC399B00] fetch graphic block err = 110
02-26 11:44:01.850   796 11713 E C2MtkVdec: [0xEA0EDD00] fetch graphic block err = 110
02-26 11:44:01.904   796 11692 W C2BqBuffer: last successful dequeue was 116027695048 us ago, 0 consecutive failures
02-26 11:44:01.908   796 21245 E C2MtkVdec: [0xEB097C00] fetch graphic block err = 110
02-26 11:44:01.908   796 11688 E C2MtkVdec: [0xEA0EA500] fetch graphic block err = 110
02-26 11:44:01.909   796 22390 E C2MtkVdec: [0xEB09C900] fetch graphic block err = 110
02-26 11:44:01.909   796  1563 E C2MtkVdec: [0xEC399B00] fetch graphic block err = 110
02-26 11:44:01.951   796 11713 E C2MtkVdec: [0xEA0EDD00] fetch graphic block err = 110
02-26 11:44:01.971   784 31150 I resolv  : GetAddrInfoHandler::run: {463 463 463 983503 10243 0}
02-26 11:44:01.981   796  6553 W C2BqBuffer: last successful dequeue was 50754561018 us ago, 0 consecutive failures
02-26 11:44:02.009   796 22390 E C2MtkVdec: [0xEB09C900] fetch graphic block err = 110
02-26 11:44:02.009   796 21245 E C2MtkVdec: [0xEB097C00] fetch graphic block err = 110
02-26 11:44:02.009   796  1563 E C2MtkVdec: [0xEC399B00] fetch graphic block err = 110
02-26 11:44:02.009   796 11688 E C2MtkVdec: [0xEA0EA500] fetch graphic block err = 110
02-26 11:44:02.051   796 11713 E C2MtkVdec: [0xEA0EDD00] fetch graphic block err = 110
02-26 11:44:02.109   796  1563 E C2MtkVdec: [0xEC399B00] fetch graphic block err = 110
02-26 11:44:02.109   796 22390 E C2MtkVdec: [0xEB09C900] fetch graphic block err = 110
02-26 11:44:02.109   796 21245 E C2MtkVdec: [0xEB097C00] fetch graphic block err = 110
02-26 11:44:02.110   796 11688 E C2MtkVdec: [0xEA0EA500] fetch graphic block err = 110
02-26 11:44:02.143   796 11731 W C2BqBuffer: last successful dequeue was 116027566253 us ago, 0 consecutive failures
02-26 11:44:02.152   796 11713 E C2MtkVdec: [0xEA0EDD00] fetch graphic block err = 110
02-26 11:44:02.210   796  1563 E C2MtkVdec: [0xEC399B00] fetch graphic block err = 110
02-26 11:44:02.210   796 22390 E C2MtkVdec: [0xEB09C900] fetch graphic block err = 110
02-26 11:44:02.210   796 21245 E C2MtkVdec: [0xEB097C00] fetch graphic block err = 110
02-26 11:44:02.210   796 11688 E C2MtkVdec: [0xEA0EA500] fetch graphic block err = 110
02-26 11:44:02.252   796 11713 E C2MtkVdec: [0xEA0EDD00] fetch graphic block err = 110
02-26 11:44:02.310   796 22390 E C2MtkVdec: [0xEB09C900] fetch graphic block err = 110
02-26 11:44:02.310   796  1563 E C2MtkVdec: [0xEC399B00] fetch graphic block err = 110
02-26 11:44:02.310   796 21245 E C2MtkVdec: [0xEB097C00] fetch graphic block err = 110
02-26 11:44:02.311   796 11688 E C2MtkVdec: [0xEA0EA500] fetch graphic block err = 110
02-26 11:44:02.353   796 11713 E C2MtkVdec: [0xEA0EDD00] fetch graphic block err = 110
02-26 11:44:02.411   796 22390 E C2MtkVdec: [0xEB09C900] fetch graphic block err = 110
02-26 11:44:02.411   796 21245 E C2MtkVdec: [0xEB097C00] fetch graphic block err = 110
02-26 11:44:02.411   796  1563 E C2MtkVdec: [0xEC399B00] fetch graphic block err = 110
02-26 11:44:02.411   796 11688 E C2MtkVdec: [0xEA0EA500] fetch graphic block err = 110
02-26 11:44:02.453   796 11713 E C2MtkVdec: [0xEA0EDD00] fetch graphic block err = 110
02-26 11:44:02.511   796 22390 E C2MtkVdec: [0xEB09C900] fetch graphic block err = 110
02-26 11:44:02.511   796  1563 E C2MtkVdec: [0xEC399B00] fetch graphic block err = 110
02-26 11:44:02.511   796 21245 E C2MtkVdec: [0xEB097C00] fetch graphic block err = 110
02-26 11:44:02.511   796 11688 E C2MtkVdec: [0xEA0EA500] fetch graphic block err = 110
02-26 11:44:02.553   796 11713 E C2MtkVdec: [0xEA0EDD00] fetch graphic block err = 110
02-26 11:44:02.588  1016  1016 I thermal_repeater: [recvMdThermalInfo] ret=26, strLen=127,  3, 33, -50, 196, 32767, 0
02-26 11:44:02.612   796  1563 E C2MtkVdec: [0xEC399B00] fetch graphic block err = 110
02-26 11:44:02.612   796 22390 E C2MtkVdec: [0xEB09C900] fetch graphic block err = 110
02-26 11:44:02.612   796 21245 E C2MtkVdec: [0xEB097C00] fetch graphic block err = 110
02-26 11:44:02.612   796 11688 E C2MtkVdec: [0xEA0EA500] fetch graphic block err = 110
02-26 11:44:02.654   796 11713 E C2MtkVdec: [0xEA0EDD00] fetch graphic block err = 110
02-26 11:44:02.712   796  1563 E C2MtkVdec: [0xEC399B00] fetch graphic block err = 110
02-26 11:44:02.712   796 21245 E C2MtkVdec: [0xEB097C00] fetch graphic block err = 110
02-26 11:44:02.712   796 22390 E C2MtkVdec: [0xEB09C900] fetch graphic block err = 110
02-26 11:44:02.712   796 11688 E C2MtkVdec: [0xEA0EA500] fetch graphic block err = 110
02-26 11:44:02.713   796 21245 E VDO_LOG : ### +VDEC_DRV_GET_TYPE_GET_PIXEL_FORMAT
02-26 11:44:02.713   796 21245 E VDO_LOG : [Info] get updated pixel format:  4
02-26 11:44:02.754   796 11713 E C2MtkVdec: [0xEA0EDD00] fetch graphic block err = 110
02-26 11:44:02.812   796  1563 E C2MtkVdec: [0xEC399B00] fetch graphic block err = 110
02-26 11:44:02.812   796 22390 E C2MtkVdec: [0xEB09C900] fetch graphic block err = 110
02-26 11:44:02.813   796 11688 E C2MtkVdec: [0xEA0EA500] fetch graphic block err = 110
02-26 11:44:02.814   796 21245 E C2MtkVdec: [0xEB097C00] fetch graphic block err = 110
02-26 11:44:02.855   796 11713 E C2MtkVdec: [0xEA0EDD00] fetch graphic block err = 110
02-26 11:44:02.913   796  1563 E C2MtkVdec: [0xEC399B00] fetch graphic block err = 110
02-26 11:44:02.913   796 11688 E C2MtkVdec: [0xEA0EA500] fetch graphic block err = 110
02-26 11:44:02.913   796 22390 E C2MtkVdec: [0xEB09C900] fetch graphic block err = 110
02-26 11:44:02.914   796 21245 E C2MtkVdec: [0xEB097C00] fetch graphic block err = 110
02-26 11:44:02.955   796 11713 E C2MtkVdec: [0xEA0EDD00] fetch graphic block err = 110
02-26 11:44:03.013   796  1563 E C2MtkVdec: [0xEC399B00] fetch graphic block err = 110
02-26 11:44:03.014   796 22390 E C2MtkVdec: [0xEB09C900] fetch graphic block err = 110
02-26 11:44:03.014   796 11688 E C2MtkVdec: [0xEA0EA500] fetch graphic block err = 110
02-26 11:44:03.014   796 21245 E C2MtkVdec: [0xEB097C00] fetch graphic block err = 110
02-26 11:44:03.056   796 11713 E C2MtkVdec: [0xEA0EDD00] fetch graphic block err = 110
02-26 11:44:03.114   796  1563 E C2MtkVdec: [0xEC399B00] fetch graphic block err = 110
02-26 11:44:03.114   796 11688 E C2MtkVdec: [0xEA0EA500] fetch graphic block err = 110
02-26 11:44:03.114   796 22390 E C2MtkVdec: [0xEB09C900] fetch graphic block err = 110
02-26 11:44:03.115   796 21245 E C2MtkVdec: [0xEB097C00] fetch graphic block err = 110
02-26 11:44:03.157   796 11713 E C2MtkVdec: [0xEA0EDD00] fetch graphic block err = 110
02-26 11:44:03.214   796 11688 E C2MtkVdec: [0xEA0EA500] fetch graphic block err = 110
02-26 11:44:03.214   796  1563 E C2MtkVdec: [0xEC399B00] fetch graphic block err = 110
02-26 11:44:03.214   796 22390 E C2MtkVdec: [0xEB09C900] fetch graphic block err = 110
02-26 11:44:03.215   796 21245 E C2MtkVdec: [0xEB097C00] fetch graphic block err = 110
02-26 11:44:03.257   796 11713 E C2MtkVdec: [0xEA0EDD00] fetch graphic block err = 110
02-26 11:44:03.315   796  1563 E C2MtkVdec: [0xEC399B00] fetch graphic block err = 110
02-26 11:44:03.315   796 22390 E C2MtkVdec: [0xEB09C900] fetch graphic block err = 110
02-26 11:44:03.315   796 11688 E C2MtkVdec: [0xEA0EA500] fetch graphic block err = 110
02-26 11:44:03.315   796 21245 E C2MtkVdec: [0xEB097C00] fetch graphic block err = 110
02-26 11:44:03.358   796 11713 E C2MtkVdec: [0xEA0EDD00] fetch graphic block err = 110
02-26 11:44:03.415   796 22390 E C2MtkVdec: [0xEB09C900] fetch graphic block err = 110
02-26 11:44:03.415   796  1563 E C2MtkVdec: [0xEC399B00] fetch graphic block err = 110
02-26 11:44:03.415   796 11688 E C2MtkVdec: [0xEA0EA500] fetch graphic block err = 110
02-26 11:44:03.415   796 21245 E C2MtkVdec: [0xEB097C00] fetch graphic block err = 110
02-26 11:44:03.458   796 11713 E C2MtkVdec: [0xEA0EDD00] fetch graphic block err = 110
02-26 11:44:03.515   796 22390 E C2MtkVdec: [0xEB09C900] fetch graphic block err = 110
02-26 11:44:03.515   796  1563 E C2MtkVdec: [0xEC399B00] fetch graphic block err = 110
02-26 11:44:03.516   796 21245 E C2MtkVdec: [0xEB097C00] fetch graphic block err = 110
02-26 11:44:03.516   796 11688 E C2MtkVdec: [0xEA0EA500] fetch graphic block err = 110
02-26 11:44:03.559   796 11713 E C2MtkVdec: [0xEA0EDD00] fetch graphic block err = 110
02-26 11:44:03.616   796 22390 E C2MtkVdec: [0xEB09C900] fetch graphic block err = 110
02-26 11:44:03.616   796 21245 E C2MtkVdec: [0xEB097C00] fetch graphic block err = 110
02-26 11:44:03.616   796  1563 E C2MtkVdec: [0xEC399B00] fetch graphic block err = 110
02-26 11:44:03.617   796 11688 E C2MtkVdec: [0xEA0EA500] fetch graphic block err = 110
02-26 11:44:03.659   796 11713 E C2MtkVdec: [0xEA0EDD00] fetch graphic block err = 110
02-26 11:44:03.716   796 21245 E C2MtkVdec: [0xEB097C00] fetch graphic block err = 110
02-26 11:44:03.716   796 22390 E C2MtkVdec: [0xEB09C900] fetch graphic block err = 110
02-26 11:44:03.716   796  1563 E C2MtkVdec: [0xEC399B00] fetch graphic block err = 110
02-26 11:44:03.717   796 11688 E C2MtkVdec: [0xEA0EA500] fetch graphic block err = 110
02-26 11:44:03.759   796 11713 E C2MtkVdec: [0xEA0EDD00] fetch graphic block err = 110
02-26 11:44:03.760   796 14950 W C2BqBuffer: last successful dequeue was 464253000498 us ago, 0 consecutive failures
02-26 11:44:03.816   796 21245 E C2MtkVdec: [0xEB097C00] fetch graphic block err = 110
02-26 11:44:03.817   796 22390 E C2MtkVdec: [0xEB09C900] fetch graphic block err = 110
02-26 11:44:03.817   796  1563 E C2MtkVdec: [0xEC399B00] fetch graphic block err = 110
02-26 11:44:03.818   796 11688 E C2MtkVdec: [0xEA0EA500] fetch graphic block err = 110
02-26 11:44:03.860   796 11713 E C2MtkVdec: [0xEA0EDD00] fetch graphic block err = 110
02-26 11:44:03.917   796 22390 E C2MtkVdec: [0xEB09C900] fetch graphic block err = 110
02-26 11:44:03.917   796 21245 E C2MtkVdec: [0xEB097C00] fetch graphic block err = 110
02-26 11:44:03.917   796  1563 E C2MtkVdec: [0xEC399B00] fetch graphic block err = 110
02-26 11:44:03.918   796 11688 E C2MtkVdec: [0xEA0EA500] fetch graphic block err = 110
02-26 11:44:03.942   796  1567 W C2BqBuffer: last successful dequeue was 403925144984 us ago, 0 consecutive failures
02-26 11:44:03.961   796 11713 E C2MtkVdec: [0xEA0EDD00] fetch graphic block err = 110
02-26 11:44:04.003   784 31152 I resolv  : GetAddrInfoHandler::run: {463 463 463 983503 10243 0}
02-26 11:44:04.017   796 21245 E C2MtkVdec: [0xEB097C00] fetch graphic block err = 110
02-26 11:44:04.018   796 22390 E C2MtkVdec: [0xEB09C900] fetch graphic block err = 110
02-26 11:44:04.018   796  1563 E C2MtkVdec: [0xEC399B00] fetch graphic block err = 110
02-26 11:44:04.018   796 11688 E C2MtkVdec: [0xEA0EA500] fetch graphic block err = 110
02-26 11:44:04.061   796 11713 E C2MtkVdec: [0xEA0EDD00] fetch graphic block err = 110
02-26 11:44:04.118   796 21245 E C2MtkVdec: [0xEB097C00] fetch graphic block err = 110
02-26 11:44:04.118  2661  2661 I WifiHAL : Get link layer stats
02-26 11:44:04.118  2661  2661 I WifiHAL : GetLinkStatsCommand::create
02-26 11:44:04.118   796 22390 E C2MtkVdec: [0xEB09C900] fetch graphic block err = 110
02-26 11:44:04.118   796  1563 E C2MtkVdec: [0xEC399B00] fetch graphic block err = 110
02-26 11:44:04.119  2661  2661 I android.hardware.wifi@1.0-service-lazy: WifiCommand::requestResponse err=-14
02-26 11:44:04.119  2661  2661 I WifiHAL : wifi_get_link_stats: result=-1
02-26 11:44:04.119   796 11688 E C2MtkVdec: [0xEA0EA500] fetch graphic block err = 110
02-26 11:44:04.121  1459  1668 E WifiVendorHal: getWifiLinkLayerStats_1_5_Internal(l.1176) failed {.code = ERROR_UNKNOWN, .description = unknown}
02-26 11:44:04.149  7880  8301 I com.google.android.ims.: [53] ero.handleMessage:1 [53] : RcsEngineImpl[DUAL_REG]:[d5bc2f90-5012]>Handler: handleMessage processing message:[NOTIFY_UPTIME_IGNORE_STATE_CHANGED] with [non-null]:RcsEngineImpl reference
02-26 11:44:04.151  7880  8308 I com.google.android.ims.: [54] ehw.c:5 [54] : Connected state: [1], networkType: [WIFI]
02-26 11:44:04.157 26562 10975 I ChimeraSrvcProxy: NullBinder for android.net.action.RECOMMEND_NETWORKS triggering remote TransactionTooLargeException due to Service without Chimera impl
02-26 11:44:04.157 26562 10975 W .gms.persistent: Large reply transaction of 1056768 bytes, interface descriptor , code 1
02-26 11:44:04.161   796 11713 E C2MtkVdec: [0xEA0EDD00] fetch graphic block err = 110
02-26 11:44:04.178  7880  8301 I com.google.android.ims.: [53] eql.f:5 [53] : ProvisioningEngineDataRetriever: Rcs is enabled from user settings: true
02-26 11:44:04.190   819   819 I BufferQueueProducer: [StatusBar#77](this:0xecfb0cdc,id:-1,api:0,p:-1,c:819) queueBuffer: fps=0.24 dur=4114.81 max=4114.81 min=4114.81
02-26 11:44:04.192   794   794 I hwcomposer: [HWCDisplay] [Display_0 (type:1)] fps:0.243088,dur:4113.74,max:4113.74,min:4113.74  
02-26 11:44:04.218   796 21245 E C2MtkVdec: [0xEB097C00] fetch graphic block err = 110
02-26 11:44:04.219   796 22390 E C2MtkVdec: [0xEB09C900] fetch graphic block err = 110
02-26 11:44:04.219   796  1563 E C2MtkVdec: [0xEC399B00] fetch graphic block err = 110
02-26 11:44:04.220   796 11688 E C2MtkVdec: [0xEA0EA500] fetch graphic block err = 110
02-26 11:44:04.220   796 11688 E VDO_LOG : ### +VDEC_DRV_GET_TYPE_GET_PIXEL_FORMAT
02-26 11:44:04.220   796 11688 E VDO_LOG : [Info] get updated pixel format:  4
02-26 11:44:04.262   796 11713 E C2MtkVdec: [0xEA0EDD00] fetch graphic block err = 110
02-26 11:44:04.319   796 21245 E C2MtkVdec: [0xEB097C00] fetch graphic block err = 110
02-26 11:44:04.319   796 22390 E C2MtkVdec: [0xEB09C900] fetch graphic block err = 110
02-26 11:44:04.319   796  1563 E C2MtkVdec: [0xEC399B00] fetch graphic block err = 110
02-26 11:44:04.321   796 11688 E C2MtkVdec: [0xEA0EA500] fetch graphic block err = 110
02-26 11:44:04.362   796 11713 E C2MtkVdec: [0xEA0EDD00] fetch graphic block err = 110
02-26 11:44:04.419   796  1563 E C2MtkVdec: [0xEC399B00] fetch graphic block err = 110
02-26 11:44:04.419   796 21245 E C2MtkVdec: [0xEB097C00] fetch graphic block err = 110
02-26 11:44:04.420   796 22390 E C2MtkVdec: [0xEB09C900] fetch graphic block err = 110
02-26 11:44:04.420   796  1563 E VDO_LOG : ### +VDEC_DRV_GET_TYPE_GET_PIXEL_FORMAT
02-26 11:44:04.420   796  1563 E VDO_LOG : [Info] get updated pixel format:  4
02-26 11:44:04.422   796 11688 E C2MtkVdec: [0xEA0EA500] fetch graphic block err = 110
02-26 11:44:04.458   796 13058 W C2BqBuffer: last successful dequeue was 441927680887 us ago, 0 consecutive failures
02-26 11:44:04.463   796 11713 E C2MtkVdec: [0xEA0EDD00] fetch graphic block err = 110
02-26 11:44:04.520   796 22390 E C2MtkVdec: [0xEB09C900] fetch graphic block err = 110
02-26 11:44:04.520   796 21245 E C2MtkVdec: [0xEB097C00] fetch graphic block err = 110
02-26 11:44:04.521   796  1563 E C2MtkVdec: [0xEC399B00] fetch graphic block err = 110
02-26 11:44:04.522   796 11688 E C2MtkVdec: [0xEA0EA500] fetch graphic block err = 110
02-26 11:44:04.563   796 11713 E C2MtkVdec: [0xEA0EDD00] fetch graphic block err = 110
02-26 11:44:04.563   796 11713 E VDO_LOG : ### +VDEC_DRV_GET_TYPE_GET_PIXEL_FORMAT
02-26 11:44:04.563   796 11713 E VDO_LOG : [Info] get updated pixel format:  4
