02-26 11:43:37.712   796  1563 E C2MtkVdec: [0xEC399B00] fetch graphic block err = 110
02-26 11:43:37.712   796 22390 E C2MtkVdec: [0xEB09C900] fetch graphic block err = 110
02-26 11:43:37.712   796 11688 E C2MtkVdec: [0xEA0EA500] fetch graphic block err = 110
02-26 11:43:37.712   796 21245 E C2MtkVdec: [0xEB097C00] fetch graphic block err = 110
02-26 11:43:37.740   796 11713 E C2MtkVdec: [0xEA0EDD00] fetch graphic block err = 110
02-26 11:43:37.762  1459  2135 I mtkpower_client: perf_lock_acq, hdl:203211, dur:0, num:2, tid:2135
02-26 11:43:37.762  1459  2135 I mtkpower_client: ret_hdl:203242
02-26 11:43:37.763   805   889 I libPowerHal: [perfLockAcq] idx:16 hdl:203242 hint:-1 pid:1459 duration:0 lock_user:system_server => ret_hdl:203242
02-26 11:43:37.763  1459  2135 I mtkpower_client: perf_lock_rel, hdl:203242, tid:2135
02-26 11:43:37.765   805   889 I libPowerHal: [perfLockRel] hdl:203242, idx:16
02-26 11:43:37.812   796  1563 E C2MtkVdec: [0xEC399B00] fetch graphic block err = 110
02-26 11:43:37.812   796 22390 E C2MtkVdec: [0xEB09C900] fetch graphic block err = 110
02-26 11:43:37.812   796 11688 E C2MtkVdec: [0xEA0EA500] fetch graphic block err = 110
02-26 11:43:37.812   796 21245 E C2MtkVdec: [0xEB097C00] fetch graphic block err = 110
02-26 11:43:37.840   796 11713 E C2MtkVdec: [0xEA0EDD00] fetch graphic block err = 110
02-26 11:43:37.912   796  1563 E C2MtkVdec: [0xEC399B00] fetch graphic block err = 110
02-26 11:43:37.913   796 22390 E C2MtkVdec: [0xEB09C900] fetch graphic block err = 110
02-26 11:43:37.913   796 11688 E C2MtkVdec: [0xEA0EA500] fetch graphic block err = 110
02-26 11:43:37.913   796 21245 E C2MtkVdec: [0xEB097C00] fetch graphic block err = 110
02-26 11:43:37.940   796 11713 E C2MtkVdec: [0xEA0EDD00] fetch graphic block err = 110
02-26 11:43:37.954   805   889 I libPowerHal: [perfLockAcq] idx:16 hdl:203243 hint:25 pid:805 duration:10000 lock_user:mtkpower@1.0-se => ret_hdl:203243
02-26 11:43:37.954   805   889 I libPowerHal: MTKPOWER_HINT_APP_TOUCH: set gpu opp level: 0
02-26 11:43:37.954   805   889 I libPowerHal: MTKPOWER_HINT_APP_TOUCH: set gpu opp level max: 0
02-26 11:43:37.955   805   889 I libPowerHal: MTKPOWER_HINT_APP_TOUCH: cpu_ctrl set cpu freq: 2200000 -1 1600000 -1
02-26 11:43:37.955   805   889 I libPowerHal: [PE] MTKPOWER_HINT_APP_TOUCH update cmd:1000000, param:0
02-26 11:43:37.955   805   889 I libPowerHal: [PE] MTKPOWER_HINT_APP_TOUCH update cmd:1408300, param:100
02-26 11:43:37.955   805   889 I libPowerHal: [PE] MTKPOWER_HINT_APP_TOUCH update cmd:3408600 param:1
02-26 11:43:37.955   805   889 I libPowerHal: [PE] MTKPOWER_HINT_APP_TOUCH update cmd:1000000 param:0
02-26 11:43:38.005 23155 23414 I libPerfCtl: fbcNotifySbeRescue ret=-1
02-26 11:43:38.013   796  1563 E C2MtkVdec: [0xEC399B00] fetch graphic block err = 110
02-26 11:43:38.013   796 22390 E C2MtkVdec: [0xEB09C900] fetch graphic block err = 110
02-26 11:43:38.013   796 11688 E C2MtkVdec: [0xEA0EA500] fetch graphic block err = 110
02-26 11:43:38.013   796 21245 E C2MtkVdec: [0xEB097C00] fetch graphic block err = 110
02-26 11:43:38.015   805   889 I libPowerHal: [perfLockRel] hdl:203243, idx:16
02-26 11:43:38.015   805   889 I libPowerHal: MTKPOWER_HINT_APP_TOUCH: cpu_ctrl set cpu freq: -1 -1 -1 -1
02-26 11:43:38.015   805   889 I libPowerHal: MTKPOWER_HINT_APP_TOUCH: set gpu opp level: 2
02-26 11:43:38.015   805   889 I libPowerHal: MTKPOWER_HINT_APP_TOUCH: set gpu opp level max: 0
02-26 11:43:38.015   805   889 I libPowerHal: [PD] MTKPOWER_HINT_APP_TOUCH update cmd:1000000, param:-1
02-26 11:43:38.016   805   889 I libPowerHal: [PD] MTKPOWER_HINT_APP_TOUCH update cmd:1408300 param:0
02-26 11:43:38.016   805   889 I libPowerHal: [PD] MTKPOWER_HINT_APP_TOUCH update cmd:3408600 param:0
02-26 11:43:38.016   805   889 I libPowerHal: [PD] MTKPOWER_HINT_APP_TOUCH update cmd:1000000 param:-1
02-26 11:43:38.041   796 11713 E C2MtkVdec: [0xEA0EDD00] fetch graphic block err = 110
02-26 11:43:38.113   796  1563 E C2MtkVdec: [0xEC399B00] fetch graphic block err = 110
02-26 11:43:38.113   796 22390 E C2MtkVdec: [0xEB09C900] fetch graphic block err = 110
02-26 11:43:38.113   796 21245 E C2MtkVdec: [0xEB097C00] fetch graphic block err = 110
02-26 11:43:38.113   796 11688 E C2MtkVdec: [0xEA0EA500] fetch graphic block err = 110
02-26 11:43:38.141   796 11713 E C2MtkVdec: [0xEA0EDD00] fetch graphic block err = 110
02-26 11:43:38.205 23155 23414 I libPerfCtl: fbcNotifySbeRescue ret=-1
02-26 11:43:38.213   796  1563 E C2MtkVdec: [0xEC399B00] fetch graphic block err = 110
02-26 11:43:38.213   796 22390 E C2MtkVdec: [0xEB09C900] fetch graphic block err = 110
02-26 11:43:38.213   796 11688 E C2MtkVdec: [0xEA0EA500] fetch graphic block err = 110
02-26 11:43:38.214   796 21245 E C2MtkVdec: [0xEB097C00] fetch graphic block err = 110
02-26 11:43:38.224 23155 23414 I libPerfCtl: fbcNotifySbeRescue ret=-1
02-26 11:43:38.241 23155 23414 I libPerfCtl: fbcNotifySbeRescue ret=-1
02-26 11:43:38.241   796 11713 E C2MtkVdec: [0xEA0EDD00] fetch graphic block err = 110
02-26 11:43:38.258 23155 23414 I libPerfCtl: fbcNotifySbeRescue ret=-1
02-26 11:43:38.271   805   878 I libPerfCtl: xgfGetFPS pid:23155 fps:55
02-26 11:43:38.276 23155 23414 I libPerfCtl: fbcNotifySbeRescue ret=-1
02-26 11:43:38.293 23155 23414 I libPerfCtl: fbcNotifySbeRescue ret=-1
02-26 11:43:38.304   819   819 I BufferQueueProducer: [com.mobile/com.mobile.MainActivity#118792](this:0xec99bcdc,id:-1,api:0,p:-1,c:819) queueBuffer: fps=34.59 dur=1011.92 max=371.81 min=16.02
02-26 11:43:38.307   794   794 I hwcomposer: [HWCDisplay] [Display_0 (type:1)] fps:34.558697,dur:1012.77,max:371.87,min:15.84  
02-26 11:43:38.313   796  1563 E C2MtkVdec: [0xEC399B00] fetch graphic block err = 110
02-26 11:43:38.314   796 22390 E C2MtkVdec: [0xEB09C900] fetch graphic block err = 110
02-26 11:43:38.314   796 21245 E C2MtkVdec: [0xEB097C00] fetch graphic block err = 110
02-26 11:43:38.314   796 11688 E C2MtkVdec: [0xEA0EA500] fetch graphic block err = 110
02-26 11:43:38.327 23155 23414 I libPerfCtl: fbcNotifySbeRescue ret=-1
02-26 11:43:38.321 23155 23155 W FramePolicy: type=1400 audit(0.0:2418348): avc: denied { ioctl } for path="/proc/perfmgr/perf_ioctl" dev="proc" ino=4026532414 ioctlcmd=0x6716 scontext=u:r:untrusted_app:s0:c243,c256,c512,c768 tcontext=u:object_r:proc_perfmgr:s0 tclass=file permissive=0 app=com.mobile
02-26 11:43:38.342   796 11713 E C2MtkVdec: [0xEA0EDD00] fetch graphic block err = 110
02-26 11:43:38.344 23155 23414 I libPerfCtl: fbcNotifySbeRescue ret=-1
02-26 11:43:38.341 23155 23155 W FramePolicy: type=1400 audit(0.0:2418349): avc: denied { ioctl } for path="/proc/perfmgr/perf_ioctl" dev="proc" ino=4026532414 ioctlcmd=0x6716 scontext=u:r:untrusted_app:s0:c243,c256,c512,c768 tcontext=u:object_r:proc_perfmgr:s0 tclass=file permissive=0 app=com.mobile
02-26 11:43:38.359 23155 23414 I libPerfCtl: fbcNotifySbeRescue ret=-1
02-26 11:43:38.354 23155 23155 W FramePolicy: type=1400 audit(0.0:2418350): avc: denied { ioctl } for path="/proc/perfmgr/perf_ioctl" dev="proc" ino=4026532414 ioctlcmd=0x6716 scontext=u:r:untrusted_app:s0:c243,c256,c512,c768 tcontext=u:object_r:proc_perfmgr:s0 tclass=file permissive=0 app=com.mobile
02-26 11:43:38.377 23155 23414 I libPerfCtl: fbcNotifySbeRescue ret=-1
02-26 11:43:38.371 23155 23155 W FramePolicy: type=1400 audit(0.0:2418351): avc: denied { ioctl } for path="/proc/perfmgr/perf_ioctl" dev="proc" ino=4026532414 ioctlcmd=0x6716 scontext=u:r:untrusted_app:s0:c243,c256,c512,c768 tcontext=u:object_r:proc_perfmgr:s0 tclass=file permissive=0 app=com.mobile
02-26 11:43:38.393 23155 23414 I libPerfCtl: fbcNotifySbeRescue ret=-1
02-26 11:43:38.387 23155 23155 W FramePolicy: type=1400 audit(0.0:2418352): avc: denied { ioctl } for path="/proc/perfmgr/perf_ioctl" dev="proc" ino=4026532414 ioctlcmd=0x6716 scontext=u:r:untrusted_app:s0:c243,c256,c512,c768 tcontext=u:object_r:proc_perfmgr:s0 tclass=file permissive=0 app=com.mobile
02-26 11:43:38.414   796  1563 E C2MtkVdec: [0xEC399B00] fetch graphic block err = 110
02-26 11:43:38.414   796 21245 E C2MtkVdec: [0xEB097C00] fetch graphic block err = 110
02-26 11:43:38.414   796 22390 E C2MtkVdec: [0xEB09C900] fetch graphic block err = 110
02-26 11:43:38.414   796 11688 E C2MtkVdec: [0xEA0EA500] fetch graphic block err = 110
02-26 11:43:38.442   796 11713 E C2MtkVdec: [0xEA0EDD00] fetch graphic block err = 110
02-26 11:43:38.494  1459  2135 I mtkpower_client: perf_lock_acq, hdl:203242, dur:0, num:2, tid:2135
02-26 11:43:38.495  1459  2135 I mtkpower_client: ret_hdl:203244
02-26 11:43:38.496   805   889 I libPowerHal: [perfLockAcq] idx:16 hdl:203244 hint:-1 pid:1459 duration:0 lock_user:system_server => ret_hdl:203244
02-26 11:43:38.496  1459  2135 I mtkpower_client: perf_lock_rel, hdl:203244, tid:2135
02-26 11:43:38.498   805   889 I libPowerHal: [perfLockRel] hdl:203244, idx:16
02-26 11:43:38.514   796  1563 E C2MtkVdec: [0xEC399B00] fetch graphic block err = 110
02-26 11:43:38.514   796 21245 E C2MtkVdec: [0xEB097C00] fetch graphic block err = 110
02-26 11:43:38.514   796 22390 E C2MtkVdec: [0xEB09C900] fetch graphic block err = 110
02-26 11:43:38.514   796 11688 E C2MtkVdec: [0xEA0EA500] fetch graphic block err = 110
02-26 11:43:38.528 23155 23414 I libPerfCtl: fbcNotifySbeRescue ret=-1
02-26 11:43:38.542   796 11713 E C2MtkVdec: [0xEA0EDD00] fetch graphic block err = 110
02-26 11:43:38.614   796  1563 E C2MtkVdec: [0xEC399B00] fetch graphic block err = 110
02-26 11:43:38.614   796 22390 E C2MtkVdec: [0xEB09C900] fetch graphic block err = 110
02-26 11:43:38.614   796 21245 E C2MtkVdec: [0xEB097C00] fetch graphic block err = 110
02-26 11:43:38.614   796 11688 E C2MtkVdec: [0xEA0EA500] fetch graphic block err = 110
02-26 11:43:38.614   796 21245 E VDO_LOG : ### +VDEC_DRV_GET_TYPE_GET_PIXEL_FORMAT
02-26 11:43:38.614   796 21245 E VDO_LOG : [Info] get updated pixel format:  4
02-26 11:43:38.643   796 11713 E C2MtkVdec: [0xEA0EDD00] fetch graphic block err = 110
02-26 11:43:38.698 23155 23414 I libPerfCtl: fbcNotifySbeRescue ret=-1
02-26 11:43:38.714   796  1563 E C2MtkVdec: [0xEC399B00] fetch graphic block err = 110
02-26 11:43:38.715   796 22390 E C2MtkVdec: [0xEB09C900] fetch graphic block err = 110
02-26 11:43:38.715   796 11688 E C2MtkVdec: [0xEA0EA500] fetch graphic block err = 110
02-26 11:43:38.715   796 21245 E C2MtkVdec: [0xEB097C00] fetch graphic block err = 110
02-26 11:43:38.718   796 14950 W C2BqBuffer: last successful dequeue was 464227958216 us ago, 0 consecutive failures
02-26 11:43:38.718 23155 23414 I libPerfCtl: fbcNotifySbeRescue ret=-1
02-26 11:43:38.743   796 11713 E C2MtkVdec: [0xEA0EDD00] fetch graphic block err = 110
02-26 11:43:38.757 23155 23414 I libPerfCtl: fbcNotifySbeRescue ret=-1
02-26 11:43:38.783 23155 23414 I libPerfCtl: fbcNotifySbeRescue ret=-1
02-26 11:43:38.793 23155 23414 I libPerfCtl: fbcNotifySbeRescue ret=-1
02-26 11:43:38.815   796  1563 E C2MtkVdec: [0xEC399B00] fetch graphic block err = 110
02-26 11:43:38.815   796 22390 E C2MtkVdec: [0xEB09C900] fetch graphic block err = 110
02-26 11:43:38.815   796 11688 E C2MtkVdec: [0xEA0EA500] fetch graphic block err = 110
02-26 11:43:38.815   796 21245 E C2MtkVdec: [0xEB097C00] fetch graphic block err = 110
02-26 11:43:38.824 23155 23414 I libPerfCtl: fbcNotifySbeRescue ret=-1
02-26 11:43:38.843   796 11713 E C2MtkVdec: [0xEA0EDD00] fetch graphic block err = 110
02-26 11:43:38.891   796  1567 W C2BqBuffer: last successful dequeue was 403900093655 us ago, 0 consecutive failures
02-26 11:43:38.915   796  1563 E C2MtkVdec: [0xEC399B00] fetch graphic block err = 110
02-26 11:43:38.915   796 22390 E C2MtkVdec: [0xEB09C900] fetch graphic block err = 110
02-26 11:43:38.915   796 11688 E C2MtkVdec: [0xEA0EA500] fetch graphic block err = 110
02-26 11:43:38.915   796 21245 E C2MtkVdec: [0xEB097C00] fetch graphic block err = 110
02-26 11:43:38.932 23155 23414 I libPerfCtl: fbcNotifySbeRescue ret=-1
02-26 11:43:38.943   796 11713 E C2MtkVdec: [0xEA0EDD00] fetch graphic block err = 110
02-26 11:43:39.015   796  1563 E C2MtkVdec: [0xEC399B00] fetch graphic block err = 110
02-26 11:43:39.015   796 22390 E C2MtkVdec: [0xEB09C900] fetch graphic block err = 110
02-26 11:43:39.015   796 11688 E C2MtkVdec: [0xEA0EA500] fetch graphic block err = 110
02-26 11:43:39.016   796 21245 E C2MtkVdec: [0xEB097C00] fetch graphic block err = 110
02-26 11:43:39.044   796 11713 E C2MtkVdec: [0xEA0EDD00] fetch graphic block err = 110
02-26 11:43:39.044 23155 23414 I libPerfCtl: fbcNotifySbeRescue ret=-1
02-26 11:43:39.115   796  1563 E C2MtkVdec: [0xEC399B00] fetch graphic block err = 110
02-26 11:43:39.116   796 22390 E C2MtkVdec: [0xEB09C900] fetch graphic block err = 110
02-26 11:43:39.116   796 11688 E C2MtkVdec: [0xEA0EA500] fetch graphic block err = 110
02-26 11:43:39.116   796 21245 E C2MtkVdec: [0xEB097C00] fetch graphic block err = 110
02-26 11:43:39.132  1459  2135 I mtkpower_client: perf_lock_acq, hdl:203244, dur:0, num:2, tid:2135
02-26 11:43:39.133  1459  2135 I mtkpower_client: ret_hdl:203245
02-26 11:43:39.134   805   889 I libPowerHal: [perfLockAcq] idx:16 hdl:203245 hint:-1 pid:1459 duration:0 lock_user:system_server => ret_hdl:203245
02-26 11:43:39.134  1459  2135 I mtkpower_client: perf_lock_rel, hdl:203245, tid:2135
02-26 11:43:39.136 23155 23414 I libPerfCtl: fbcNotifySbeRescue ret=-1
02-26 11:43:39.136   805   889 I libPowerHal: [perfLockRel] hdl:203245, idx:16
02-26 11:43:39.144   796 11713 E C2MtkVdec: [0xEA0EDD00] fetch graphic block err = 110
02-26 11:43:39.216   796  1563 E C2MtkVdec: [0xEC399B00] fetch graphic block err = 110
02-26 11:43:39.216   796 22390 E C2MtkVdec: [0xEB09C900] fetch graphic block err = 110
02-26 11:43:39.216   796 11688 E C2MtkVdec: [0xEA0EA500] fetch graphic block err = 110
02-26 11:43:39.216   796 21245 E C2MtkVdec: [0xEB097C00] fetch graphic block err = 110
02-26 11:43:39.245   796 11713 E C2MtkVdec: [0xEA0EDD00] fetch graphic block err = 110
02-26 11:43:39.246  1459  2135 I mtkpower_client: perf_lock_acq, hdl:203245, dur:0, num:2, tid:2135
02-26 11:43:39.247  1459  2135 I mtkpower_client: ret_hdl:203246
02-26 11:43:39.249  1459  2135 I mtkpower_client: perf_lock_rel, hdl:203246, tid:2135
02-26 11:43:39.249   805   889 I libPowerHal: [perfLockAcq] idx:16 hdl:203246 hint:-1 pid:1459 duration:0 lock_user:system_server => ret_hdl:203246
02-26 11:43:39.250   805   889 I libPowerHal: [perfLockRel] hdl:203246, idx:16
02-26 11:43:39.272   805   878 I libPerfCtl: xgfGetFPS pid:23155 fps:56
02-26 11:43:39.316   796 22390 E C2MtkVdec: [0xEB09C900] fetch graphic block err = 110
02-26 11:43:39.316   796 11688 E C2MtkVdec: [0xEA0EA500] fetch graphic block err = 110
02-26 11:43:39.316   796  1563 E C2MtkVdec: [0xEC399B00] fetch graphic block err = 110
02-26 11:43:39.316   796 21245 E C2MtkVdec: [0xEB097C00] fetch graphic block err = 110
02-26 11:43:39.345   796 11713 E C2MtkVdec: [0xEA0EDD00] fetch graphic block err = 110
02-26 11:43:39.403   796 13058 W C2BqBuffer: last successful dequeue was 441902625033 us ago, 0 consecutive failures
02-26 11:43:39.417   796 22390 E C2MtkVdec: [0xEB09C900] fetch graphic block err = 110
02-26 11:43:39.417   796 11688 E C2MtkVdec: [0xEA0EA500] fetch graphic block err = 110
02-26 11:43:39.417   796  1563 E C2MtkVdec: [0xEC399B00] fetch graphic block err = 110
02-26 11:43:39.417   796 21245 E C2MtkVdec: [0xEB097C00] fetch graphic block err = 110
02-26 11:43:39.445   796 11713 E C2MtkVdec: [0xEA0EDD00] fetch graphic block err = 110
02-26 11:43:39.517   796  1563 E C2MtkVdec: [0xEC399B00] fetch graphic block err = 110
02-26 11:43:39.517   796 22390 E C2MtkVdec: [0xEB09C900] fetch graphic block err = 110
02-26 11:43:39.517   796 11688 E C2MtkVdec: [0xEA0EA500] fetch graphic block err = 110
02-26 11:43:39.517   796 21245 E C2MtkVdec: [0xEB097C00] fetch graphic block err = 110
02-26 11:43:39.546   796 11713 E C2MtkVdec: [0xEA0EDD00] fetch graphic block err = 110
02-26 11:43:39.617   796  1563 E C2MtkVdec: [0xEC399B00] fetch graphic block err = 110
02-26 11:43:39.618   796 21245 E C2MtkVdec: [0xEB097C00] fetch graphic block err = 110
02-26 11:43:39.618   796 22390 E C2MtkVdec: [0xEB09C900] fetch graphic block err = 110
02-26 11:43:39.618   796 11688 E C2MtkVdec: [0xEA0EA500] fetch graphic block err = 110
02-26 11:43:39.646   796 11713 E C2MtkVdec: [0xEA0EDD00] fetch graphic block err = 110
02-26 11:43:39.709   784 31109 I resolv  : GetAddrInfoHandler::run: {463 463 463 983503 10243 0}
02-26 11:43:39.718   796 11688 E C2MtkVdec: [0xEA0EA500] fetch graphic block err = 110
02-26 11:43:39.718   796 22390 E C2MtkVdec: [0xEB09C900] fetch graphic block err = 110
02-26 11:43:39.718   796  1563 E C2MtkVdec: [0xEC399B00] fetch graphic block err = 110
02-26 11:43:39.718   796 21245 E C2MtkVdec: [0xEB097C00] fetch graphic block err = 110
02-26 11:43:39.747   796 11713 E C2MtkVdec: [0xEA0EDD00] fetch graphic block err = 110
02-26 11:43:39.818   796  1563 E C2MtkVdec: [0xEC399B00] fetch graphic block err = 110
02-26 11:43:39.818   796 21245 E C2MtkVdec: [0xEB097C00] fetch graphic block err = 110
02-26 11:43:39.818   796 22390 E C2MtkVdec: [0xEB09C900] fetch graphic block err = 110
02-26 11:43:39.819   796 11688 E C2MtkVdec: [0xEA0EA500] fetch graphic block err = 110
02-26 11:43:39.847   796 11713 E C2MtkVdec: [0xEA0EDD00] fetch graphic block err = 110
02-26 11:43:39.919   796  1563 E C2MtkVdec: [0xEC399B00] fetch graphic block err = 110
02-26 11:43:39.919   796 21245 E C2MtkVdec: [0xEB097C00] fetch graphic block err = 110
02-26 11:43:39.919   796 11688 E C2MtkVdec: [0xEA0EA500] fetch graphic block err = 110
02-26 11:43:39.919   796 22390 E C2MtkVdec: [0xEB09C900] fetch graphic block err = 110
02-26 11:43:39.924  2661  2661 I WifiHAL : Get link layer stats
02-26 11:43:39.925  2661  2661 I WifiHAL : GetLinkStatsCommand::create
02-26 11:43:39.925  2661  2661 I android.hardware.wifi@1.0-service-lazy: WifiCommand::requestResponse err=-14
02-26 11:43:39.925  2661  2661 I WifiHAL : wifi_get_link_stats: result=-1
02-26 11:43:39.926  1459  1668 E WifiVendorHal: getWifiLinkLayerStats_1_5_Internal(l.1176) failed {.code = ERROR_UNKNOWN, .description = unknown}
02-26 11:43:39.948   796 11713 E C2MtkVdec: [0xEA0EDD00] fetch graphic block err = 110
02-26 11:43:39.993   819   819 I BufferQueueProducer: [StatusBar#77](this:0xecfb0cdc,id:-1,api:0,p:-1,c:819) queueBuffer: fps=0.66 dur=3038.68 max=2989.18 min=49.50
02-26 11:43:39.997   794   794 I hwcomposer: [HWCDisplay] [Display_0 (type:1)] fps:11.242313,dur:1690.04,max:828.01,min:16.16  
02-26 11:43:40.019   796  1563 E C2MtkVdec: [0xEC399B00] fetch graphic block err = 110
02-26 11:43:40.019   796 21245 E C2MtkVdec: [0xEB097C00] fetch graphic block err = 110
02-26 11:43:40.019   796 22390 E C2MtkVdec: [0xEB09C900] fetch graphic block err = 110
02-26 11:43:40.019   796 11688 E C2MtkVdec: [0xEA0EA500] fetch graphic block err = 110
02-26 11:43:40.049   796 11713 E C2MtkVdec: [0xEA0EDD00] fetch graphic block err = 110
02-26 11:43:40.119   796 22390 E C2MtkVdec: [0xEB09C900] fetch graphic block err = 110
02-26 11:43:40.120   796 21245 E C2MtkVdec: [0xEB097C00] fetch graphic block err = 110
02-26 11:43:40.120   796  1563 E C2MtkVdec: [0xEC399B00] fetch graphic block err = 110
02-26 11:43:40.120   796 11688 E C2MtkVdec: [0xEA0EA500] fetch graphic block err = 110
02-26 11:43:40.120   796 11688 E VDO_LOG : ### +VDEC_DRV_GET_TYPE_GET_PIXEL_FORMAT
02-26 11:43:40.120   796 11688 E VDO_LOG : [Info] get updated pixel format:  4
02-26 11:43:40.145   819   819 I BufferQueueProducer: [com.mobile/com.mobile.MainActivity#118792](this:0xec99bcdc,id:-1,api:0,p:-1,c:819) queueBuffer: fps=10.32 dur=1841.07 max=980.01 min=15.53
02-26 11:43:40.149   796 11713 E C2MtkVdec: [0xEA0EDD00] fetch graphic block err = 110
02-26 11:43:40.220   796  1563 E C2MtkVdec: [0xEC399B00] fetch graphic block err = 110
02-26 11:43:40.220   796 21245 E C2MtkVdec: [0xEB097C00] fetch graphic block err = 110
02-26 11:43:40.220   796 22390 E C2MtkVdec: [0xEB09C900] fetch graphic block err = 110
02-26 11:43:40.222   796 11688 E C2MtkVdec: [0xEA0EA500] fetch graphic block err = 110
02-26 11:43:40.249   796 11713 E C2MtkVdec: [0xEA0EDD00] fetch graphic block err = 110
02-26 11:43:40.272   805   878 I libPerfCtl: xgfGetFPS pid:23155 fps:61
02-26 11:43:40.320   796  1563 E C2MtkVdec: [0xEC399B00] fetch graphic block err = 110
02-26 11:43:40.320   796 22390 E C2MtkVdec: [0xEB09C900] fetch graphic block err = 110
02-26 11:43:40.321   796 21245 E C2MtkVdec: [0xEB097C00] fetch graphic block err = 110
02-26 11:43:40.321   796  1563 E VDO_LOG : ### +VDEC_DRV_GET_TYPE_GET_PIXEL_FORMAT
02-26 11:43:40.321   796  1563 E VDO_LOG : [Info] get updated pixel format:  4
02-26 11:43:40.322   796 11688 E C2MtkVdec: [0xEA0EA500] fetch graphic block err = 110
02-26 11:43:40.349   796 11713 E C2MtkVdec: [0xEA0EDD00] fetch graphic block err = 110
02-26 11:43:40.421   796 22390 E C2MtkVdec: [0xEB09C900] fetch graphic block err = 110
02-26 11:43:40.421   796 21245 E C2MtkVdec: [0xEB097C00] fetch graphic block err = 110
02-26 11:43:40.422   796  1563 E C2MtkVdec: [0xEC399B00] fetch graphic block err = 110
02-26 11:43:40.423   796 11688 E C2MtkVdec: [0xEA0EA500] fetch graphic block err = 110
02-26 11:43:40.450   796 11713 E C2MtkVdec: [0xEA0EDD00] fetch graphic block err = 110
02-26 11:43:40.450   796 11713 E VDO_LOG : ### +VDEC_DRV_GET_TYPE_GET_PIXEL_FORMAT
02-26 11:43:40.450   796 11713 E VDO_LOG : [Info] get updated pixel format:  4
02-26 11:43:40.494  1459  2135 I mtkpower_client: perf_lock_acq, hdl:203246, dur:0, num:2, tid:2135
02-26 11:43:40.495  1459  2135 I mtkpower_client: ret_hdl:203247
02-26 11:43:40.496   805   889 I libPowerHal: [perfLockAcq] idx:16 hdl:203247 hint:-1 pid:1459 duration:0 lock_user:system_server => ret_hdl:203247
02-26 11:43:40.497  1459  2135 I mtkpower_client: perf_lock_rel, hdl:203247, tid:2135
02-26 11:43:40.498   805   889 I libPowerHal: [perfLockRel] hdl:203247, idx:16
02-26 11:43:40.512  1459  2135 I mtkpower_client: perf_lock_rel, hdl:203239, tid:2135
02-26 11:43:40.513  1459  1477 I mtkpower_client: perf_lock_acq, hdl:203241, dur:3000, num:4, tid:1477
02-26 11:43:40.513   805   889 I libPowerHal: [perfLockRel] hdl:203239, idx:17
02-26 11:43:40.516  1459  1477 I mtkpower_client: ret_hdl:203248
02-26 11:43:40.516   805   889 I libPowerHal: cmdSetting - unknown cmd:2000400, scmd:(null) ,param_1:23380
02-26 11:43:40.516   805   889 I libPowerHal: [perfLockAcq] idx:16 hdl:203248 hint:-1 pid:1459 duration:3000 lock_user:system_server => ret_hdl:203248
02-26 11:43:40.517   805   889 I libPowerHal: [fpsgo_noctrl_render_thread] -23380, 0xf372b1c0
02-26 11:43:40.519  1459  1477 I mtkpower_client: perf_lock_rel, hdl:203248, tid:1477
02-26 11:43:40.519   805   889 I libPowerHal: [PE] system_server update cmd:2000300 param:-23380
02-26 11:43:40.521   805   889 I libPowerHal: [perfLockRel] hdl:203248, idx:16
02-26 11:43:40.521   796 22390 E C2MtkVdec: [0xEB09C900] fetch graphic block err = 110
02-26 11:43:40.521   796 21245 E C2MtkVdec: [0xEB097C00] fetch graphic block err = 110
02-26 11:43:40.521   796 22390 E VDO_LOG : ### +VDEC_DRV_GET_TYPE_GET_PIXEL_FORMAT
02-26 11:43:40.521   796 22390 E VDO_LOG : [Info] get updated pixel format:  4
02-26 11:43:40.521   805   889 I libPowerHal: [fpsgo_noctrl_render_thread] -23380, 0xf372b1c0
02-26 11:43:40.522   805   889 I libPowerHal: [PD] system_server update ONESHOT cmd:2000300 param:-23380
02-26 11:43:40.522   796  1563 E C2MtkVdec: [0xEC399B00] fetch graphic block err = 110
02-26 11:43:40.523   796 11688 E C2MtkVdec: [0xEA0EA500] fetch graphic block err = 110
02-26 11:43:40.552   796 11713 E C2MtkVdec: [0xEA0EDD00] fetch graphic block err = 110
02-26 11:43:40.621   796 21245 E C2MtkVdec: [0xEB097C00] fetch graphic block err = 110
02-26 11:43:40.622   796  1563 E C2MtkVdec: [0xEC399B00] fetch graphic block err = 110
02-26 11:43:40.622   796 22390 E C2MtkVdec: [0xEB09C900] fetch graphic block err = 110
02-26 11:43:40.623   796 11688 E C2MtkVdec: [0xEA0EA500] fetch graphic block err = 110
02-26 11:43:40.648  1459  8785 I mtkpower_client: perf_lock_acq, hdl:203248, dur:3000, num:6, tid:8785
02-26 11:43:40.649  1459  8785 I mtkpower_client: ret_hdl:203249
02-26 11:43:40.650   805   889 I libPowerHal: cmdSetting - unknown cmd:2000400, scmd:(null) ,param_1:23380
02-26 11:43:40.650   805   889 I libPowerHal: [perfLockAcq] idx:16 hdl:203249 hint:-1 pid:1459 duration:3000 lock_user:system_server => ret_hdl:203249
02-26 11:43:40.650   805   889 I libPowerHal: [notify_targetFPS_pid] -23380, 0xf372b1c0
02-26 11:43:40.650  1459  8785 I mtkpower_client: perf_lock_rel, hdl:203249, tid:8785
02-26 11:43:40.651   805   889 I libPowerHal: [PE] system_server update cmd:2000200 param:-23380
02-26 11:43:40.651   805   889 I libPowerHal: [fpsgo_noctrl_render_thread] -23380, 0xf372b1c0
02-26 11:43:40.651   805   889 I libPowerHal: [PE] system_server update cmd:2000300 param:-23380
02-26 11:43:40.652   796 11713 E C2MtkVdec: [0xEA0EDD00] fetch graphic block err = 110
02-26 11:43:40.652   805   889 I libPowerHal: [perfLockRel] hdl:203249, idx:16
02-26 11:43:40.653   805   889 I libPowerHal: [notify_targetFPS_pid] -23380, 0xf372b1c0
02-26 11:43:40.653   805   889 I libPowerHal: [PD] system_server update ONESHOT cmd:2000200 param:-23380
02-26 11:43:40.653   805   889 I libPowerHal: [fpsgo_noctrl_render_thread] -23380, 0xf372b1c0
02-26 11:43:40.653   805   889 I libPowerHal: [PD] system_server update ONESHOT cmd:2000300 param:-23380
02-26 11:43:40.722   796 21245 E C2MtkVdec: [0xEB097C00] fetch graphic block err = 110
02-26 11:43:40.723   796  1563 E C2MtkVdec: [0xEC399B00] fetch graphic block err = 110
02-26 11:43:40.723   796 22390 E C2MtkVdec: [0xEB09C900] fetch graphic block err = 110
02-26 11:43:40.723   796 11688 E C2MtkVdec: [0xEA0EA500] fetch graphic block err = 110
02-26 11:43:40.752   796 11713 E C2MtkVdec: [0xEA0EDD00] fetch graphic block err = 110
02-26 11:43:40.761  1459  8785 W ContextImpl: Calling a method in the system process without a qualified user: android.app.ContextImpl.sendBroadcastMultiplePermissions:1222 com.android.server.TelephonyRegistry.broadcastServiceStateChanged:3113 com.android.server.TelephonyRegistry.notifyServiceStateForPhoneId:1641 com.android.internal.telephony.ITelephonyRegistry$Stub.onTransact:492 android.os.Binder.execTransactInternal:1280 
02-26 11:43:40.762  1459  8785 W ContextImpl: Calling a method in the system process without a qualified user: android.app.ContextImpl.sendBroadcastMultiplePermissions:1272 android.content.Context.sendBroadcastMultiplePermissions:2272 com.android.server.TelephonyRegistry.broadcastServiceStateChanged:3117 com.android.server.TelephonyRegistry.notifyServiceStateForPhoneId:1641 com.android.internal.telephony.ITelephonyRegistry$Stub.onTransact:492 
02-26 11:43:40.762  1459  1498 W BroadcastQueue: Permission Denial: receiving Intent { act=android.intent.action.SERVICE_STATE flg=0x1000010 (has extras) } to ProcessRecord{4f28e14 1786:com.android.systemui/u0a157} (pid=1786, uid=10157) requires android.permission.ACCESS_FINE_LOCATION due to sender android (uid 1001)
02-26 11:43:40.764  1459  1498 W BroadcastQueue: Permission Denial: receiving Intent { act=android.intent.action.SERVICE_STATE flg=0x1000010 (has extras) } to com.google.android.cellbroadcastreceiver/com.android.cellbroadcastreceiver.CellBroadcastReceiver requires android.permission.READ_PHONE_STATE due to sender android (uid 1001)
02-26 11:43:40.766  1459  1498 W BroadcastQueue: Permission Denial: receiving Intent { act=android.intent.action.SERVICE_STATE flg=0x1000010 (has extras) } to ProcessRecord{4f28e14 1786:com.android.systemui/u0a157} (pid=1786, uid=10157) requires android.permission.ACCESS_FINE_LOCATION due to sender android (uid 1001)
02-26 11:43:40.766  1459  8785 W ContextImpl: Calling a method in the system process without a qualified user: android.app.ContextImpl.sendBroadcastMultiplePermissions:1272 android.content.Context.sendBroadcastMultiplePermissions:2272 com.android.server.TelephonyRegistry.broadcastServiceStateChanged:3124 com.android.server.TelephonyRegistry.notifyServiceStateForPhoneId:1641 com.android.internal.telephony.ITelephonyRegistry$Stub.onTransact:492 
02-26 11:43:40.767  1459  1498 W BroadcastQueue: Appop Denial: receiving Intent { act=android.intent.action.SERVICE_STATE flg=0x1000010 (has extras) } to ProcessRecord{23668b5 1459:system/1000} (pid=1459, uid=1000) excludes appop android:read_phone_state due to sender android (uid 1001)
02-26 11:43:40.767  1459  1498 W BroadcastQueue: Appop Denial: receiving Intent { act=android.intent.action.SERVICE_STATE flg=0x1000010 (has extras) } to ProcessRecord{9702b71 13883:com.android.phone/1001} (pid=13883, uid=1001) excludes appop android:read_phone_state due to sender android (uid 1001)
02-26 11:43:40.768  1459  1498 W BroadcastQueue: Permission Denial: receiving Intent { act=android.intent.action.SERVICE_STATE flg=0x1000010 (has extras) } to com.google.android.cellbroadcastreceiver/com.android.cellbroadcastreceiver.CellBroadcastReceiver requires android.permission.ACCESS_FINE_LOCATION due to sender android (uid 1001)
02-26 11:43:40.770  1459  8785 W ContextImpl: Calling a method in the system process without a qualified user: android.app.ContextImpl.sendBroadcastMultiplePermissions:1272 android.content.Context.sendBroadcastMultiplePermissions:2272 com.android.server.TelephonyRegistry.broadcastServiceStateChanged:3128 com.android.server.TelephonyRegistry.notifyServiceStateForPhoneId:1641 com.android.internal.telephony.ITelephonyRegistry$Stub.onTransact:492 
02-26 11:43:40.772  1459  1498 W BroadcastQueue: Appop Denial: receiving Intent { act=android.intent.action.SERVICE_STATE flg=0x1000010 (has extras) } to ProcessRecord{23668b5 1459:system/1000} (pid=1459, uid=1000) excludes appop android:fine_location due to sender android (uid 1001)
02-26 11:43:40.772  1459  1498 W BroadcastQueue: Appop Denial: receiving Intent { act=android.intent.action.SERVICE_STATE flg=0x1000010 (has extras) } to ProcessRecord{9702b71 13883:com.android.phone/1001} (pid=13883, uid=1001) excludes appop android:fine_location due to sender android (uid 1001)
02-26 11:43:40.773 29741 31110 I BugleTransport: Enabled chat transport is TRANSPORT_TACHYGRAM [CONTEXT group_by="TRANSPORT_TACHYGRAM" ratelimit_period="5 SECONDS" skipped=1 ]
02-26 11:43:40.773  1459  1498 W BroadcastQueue: Permission Denial: receiving Intent { act=android.intent.action.SERVICE_STATE flg=0x1000010 (has extras) } to com.google.android.cellbroadcastreceiver/com.android.cellbroadcastreceiver.CellBroadcastReceiver requires android.permission.READ_PHONE_STATE due to sender android (uid 1001)
02-26 11:43:40.774  1459  1498 W BroadcastQueue: Appop Denial: receiving Intent { act=android.intent.action.SERVICE_STATE flg=0x1000010 (has extras) } to ProcessRecord{4f28e14 1786:com.android.systemui/u0a157} (pid=1786, uid=10157) excludes appop android:read_phone_state due to sender android (uid 1001)
02-26 11:43:40.775  1459  1498 W BroadcastQueue: Appop Denial: receiving Intent { act=android.intent.action.SERVICE_STATE flg=0x1000010 (has extras) } to ProcessRecord{23668b5 1459:system/1000} (pid=1459, uid=1000) excludes appop android:read_phone_state due to sender android (uid 1001)
02-26 11:43:40.775  1459  1498 W BroadcastQueue: Appop Denial: receiving Intent { act=android.intent.action.SERVICE_STATE flg=0x1000010 (has extras) } to ProcessRecord{9702b71 13883:com.android.phone/1001} (pid=13883, uid=1001) excludes appop android:read_phone_state due to sender android (uid 1001)
02-26 11:43:40.776 29741 31110 I ChatReadinessManagerImp: processRcsReadinessReason: Current ChatTransportType is: 2, ready: true
02-26 11:43:40.777 29741 31110 I ChatReadinessManagerImp: shouldLaunchPostReadyWork is false. Returning from the method
02-26 11:43:40.781  1459  1496 I PowerManagerService: getBoardTemp for outdoor mode: 33000
02-26 11:43:40.782  1459  1496 I lq ThermalManagerService: getBoardTemp: 33000
02-26 11:43:40.822   796 21245 E C2MtkVdec: [0xEB097C00] fetch graphic block err = 110
02-26 11:43:40.823   796  1563 E C2MtkVdec: [0xEC399B00] fetch graphic block err = 110
02-26 11:43:40.823   796 22390 E C2MtkVdec: [0xEB09C900] fetch graphic block err = 110
02-26 11:43:40.823   796 11688 E C2MtkVdec: [0xEA0EA500] fetch graphic block err = 110
02-26 11:43:40.853   796 11713 E C2MtkVdec: [0xEA0EDD00] fetch graphic block err = 110
02-26 11:43:40.918   805   889 I libPowerHal: [perfLockAcq] idx:16 hdl:203250 hint:25 pid:805 duration:10000 lock_user:mtkpower@1.0-se => ret_hdl:203250
02-26 11:43:40.918   805   889 I libPowerHal: MTKPOWER_HINT_APP_TOUCH: set gpu opp level: 0
02-26 11:43:40.919   805   889 I libPowerHal: MTKPOWER_HINT_APP_TOUCH: set gpu opp level max: 0
02-26 11:43:40.919   805   889 I libPowerHal: MTKPOWER_HINT_APP_TOUCH: cpu_ctrl set cpu freq: 2200000 -1 1600000 -1
02-26 11:43:40.919   805   889 I libPowerHal: [PE] MTKPOWER_HINT_APP_TOUCH update cmd:1000000, param:0
02-26 11:43:40.920   805   889 I libPowerHal: [PE] MTKPOWER_HINT_APP_TOUCH update cmd:1408300, param:100
02-26 11:43:40.920   805   889 I libPowerHal: [PE] MTKPOWER_HINT_APP_TOUCH update cmd:3408600 param:1
02-26 11:43:40.920   805   889 I libPowerHal: [PE] MTKPOWER_HINT_APP_TOUCH update cmd:1000000 param:0
02-26 11:43:40.922   796 21245 E C2MtkVdec: [0xEB097C00] fetch graphic block err = 110
02-26 11:43:40.923   796  1563 E C2MtkVdec: [0xEC399B00] fetch graphic block err = 110
02-26 11:43:40.923   796 22390 E C2MtkVdec: [0xEB09C900] fetch graphic block err = 110
02-26 11:43:40.923   796 11688 E C2MtkVdec: [0xEA0EA500] fetch graphic block err = 110
02-26 11:43:40.932   805   889 I libPowerHal: [perfLockRel] hdl:203250, idx:16
02-26 11:43:40.933   805   889 I libPowerHal: MTKPOWER_HINT_APP_TOUCH: cpu_ctrl set cpu freq: -1 -1 -1 -1
02-26 11:43:40.933   805   889 I libPowerHal: MTKPOWER_HINT_APP_TOUCH: set gpu opp level: 2
02-26 11:43:40.933   805   889 I libPowerHal: MTKPOWER_HINT_APP_TOUCH: set gpu opp level max: 0
02-26 11:43:40.933   805   889 I libPowerHal: [PD] MTKPOWER_HINT_APP_TOUCH update cmd:1000000, param:-1
02-26 11:43:40.933   805   889 I libPowerHal: [PD] MTKPOWER_HINT_APP_TOUCH update cmd:1408300 param:0
02-26 11:43:40.934   805   889 I libPowerHal: [PD] MTKPOWER_HINT_APP_TOUCH update cmd:3408600 param:0
02-26 11:43:40.934   805   889 I libPowerHal: [PD] MTKPOWER_HINT_APP_TOUCH update cmd:1000000 param:-1
02-26 11:43:40.953   796 11713 E C2MtkVdec: [0xEA0EDD00] fetch graphic block err = 110
02-26 11:43:41.023   796 21245 E C2MtkVdec: [0xEB097C00] fetch graphic block err = 110
02-26 11:43:41.023  1459  2135 W WindowManager: Changing focus from Window{38e0bc0 u0 com.mobile/com.mobile.MainActivity} to Window{7d3ba4c u0 com.mobile/com.mobile.MainActivity} displayId=0 Callers=com.android.server.wm.RootWindowContainer.updateFocusedWindowLocked:476 com.android.server.wm.WindowManagerService.updateFocusedWindowLocked:6082 com.android.server.wm.WindowManagerService.addWindow:1882 com.android.server.wm.Session.addToDisplayAsUser:215 
02-26 11:43:41.023   796  1563 E C2MtkVdec: [0xEC399B00] fetch graphic block err = 110
02-26 11:43:41.023   796 22390 E C2MtkVdec: [0xEB09C900] fetch graphic block err = 110
02-26 11:43:41.024   796 11688 E C2MtkVdec: [0xEA0EA500] fetch graphic block err = 110
02-26 11:43:41.040   794   794 I hwcomposer: [HWCDisplay] [Display_0 (type:1)] fps:18.217659,dur:1042.94,max:572.58,min:12.14  
02-26 11:43:41.053   796 11713 E C2MtkVdec: [0xEA0EDD00] fetch graphic block err = 110
02-26 11:43:41.057   819  1882 I BufferQueueDebug: [com.mobile/com.mobile.MainActivity#118848](this:0xecca8cdc,id:-1,api:0,p:-1,c:-1) BufferQueue core=(819:/system/bin/surfaceflinger)
02-26 11:43:41.100 23155 23380 W Parcel  : Expecting binder but got null!
02-26 11:43:41.123   796 21245 E C2MtkVdec: [0xEB097C00] fetch graphic block err = 110
02-26 11:43:41.124   796  1563 E C2MtkVdec: [0xEC399B00] fetch graphic block err = 110
02-26 11:43:41.124   796 22390 E C2MtkVdec: [0xEB09C900] fetch graphic block err = 110
02-26 11:43:41.124   796 11688 E C2MtkVdec: [0xEA0EA500] fetch graphic block err = 110
02-26 11:43:41.154   796 11713 E C2MtkVdec: [0xEA0EDD00] fetch graphic block err = 110
02-26 11:43:41.154   819   819 I BufferQueueProducer: [com.mobile/com.mobile.MainActivity#118792](this:0xec99bcdc,id:-1,api:0,p:-1,c:819) queueBuffer: fps=19.83 dur=1008.69 max=573.84 min=12.33
02-26 11:43:41.223   796 21245 E C2MtkVdec: [0xEB097C00] fetch graphic block err = 110
02-26 11:43:41.224   796  1563 E C2MtkVdec: [0xEC399B00] fetch graphic block err = 110
02-26 11:43:41.224   796 22390 E C2MtkVdec: [0xEB09C900] fetch graphic block err = 110
02-26 11:43:41.224   796 11688 E C2MtkVdec: [0xEA0EA500] fetch graphic block err = 110
02-26 11:43:41.254   796 11713 E C2MtkVdec: [0xEA0EDD00] fetch graphic block err = 110
02-26 11:43:41.272   805   878 I libPerfCtl: xgfGetFPS pid:23155 fps:58
02-26 11:43:41.323   796 21245 E C2MtkVdec: [0xEB097C00] fetch graphic block err = 110
02-26 11:43:41.324   796  1563 E C2MtkVdec: [0xEC399B00] fetch graphic block err = 110
02-26 11:43:41.324   796 22390 E C2MtkVdec: [0xEB09C900] fetch graphic block err = 110
02-26 11:43:41.324   796 11688 E C2MtkVdec: [0xEA0EA500] fetch graphic block err = 110
02-26 11:43:41.354   796 11713 E C2MtkVdec: [0xEA0EDD00] fetch graphic block err = 110
02-26 11:43:41.423   796 21245 E C2MtkVdec: [0xEB097C00] fetch graphic block err = 110
02-26 11:43:41.424   796  1563 E C2MtkVdec: [0xEC399B00] fetch graphic block err = 110
02-26 11:43:41.424   796 22390 E C2MtkVdec: [0xEB09C900] fetch graphic block err = 110
02-26 11:43:41.425   796 11688 E C2MtkVdec: [0xEA0EA500] fetch graphic block err = 110
02-26 11:43:41.455   796 11713 E C2MtkVdec: [0xEA0EDD00] fetch graphic block err = 110
02-26 11:43:41.465   796 21804 W C2BqBuffer: last successful dequeue was 425220171038 us ago, 0 consecutive failures
02-26 11:43:41.524   796 21245 E C2MtkVdec: [0xEB097C00] fetch graphic block err = 110
02-26 11:43:41.524   796  1563 E C2MtkVdec: [0xEC399B00] fetch graphic block err = 110
02-26 11:43:41.525   796 22390 E C2MtkVdec: [0xEB09C900] fetch graphic block err = 110
02-26 11:43:41.525   796 11688 E C2MtkVdec: [0xEA0EA500] fetch graphic block err = 110
02-26 11:43:41.555   796 11713 E C2MtkVdec: [0xEA0EDD00] fetch graphic block err = 110
02-26 11:43:41.624   796 21245 E C2MtkVdec: [0xEB097C00] fetch graphic block err = 110
02-26 11:43:41.624   796 21245 E VDO_LOG : ### +VDEC_DRV_GET_TYPE_GET_PIXEL_FORMAT
02-26 11:43:41.624   796 21245 E VDO_LOG : [Info] get updated pixel format:  4
02-26 11:43:41.625   796  1563 E C2MtkVdec: [0xEC399B00] fetch graphic block err = 110
02-26 11:43:41.625   796 22390 E C2MtkVdec: [0xEB09C900] fetch graphic block err = 110
02-26 11:43:41.625   796 11688 E C2MtkVdec: [0xEA0EA500] fetch graphic block err = 110
02-26 11:43:41.629   796 23608 W C2BqBuffer: last successful dequeue was 24798837387 us ago, 0 consecutive failures
02-26 11:43:41.656   796 11713 E C2MtkVdec: [0xEA0EDD00] fetch graphic block err = 110
02-26 11:43:41.669   796 21249 W C2BqBuffer: last successful dequeue was 356594182094 us ago, 0 consecutive failures
02-26 11:43:41.670   796  7995 W C2BqBuffer: last successful dequeue was 129173834605 us ago, 0 consecutive failures
02-26 11:43:41.725   796 21245 E C2MtkVdec: [0xEB097C00] fetch graphic block err = 110
02-26 11:43:41.725   796  1563 E C2MtkVdec: [0xEC399B00] fetch graphic block err = 110
02-26 11:43:41.725   796 22390 E C2MtkVdec: [0xEB09C900] fetch graphic block err = 110
02-26 11:43:41.725   796 11688 E C2MtkVdec: [0xEA0EA500] fetch graphic block err = 110
02-26 11:43:41.728   784 31113 I resolv  : GetAddrInfoHandler::run: {463 463 463 983503 10243 0}
02-26 11:43:41.756   796 11713 E C2MtkVdec: [0xEA0EDD00] fetch graphic block err = 110
02-26 11:43:41.772   796 22394 W C2BqBuffer: last successful dequeue was 243793436052 us ago, 0 consecutive failures
02-26 11:43:41.825   796 21245 E C2MtkVdec: [0xEB097C00] fetch graphic block err = 110
02-26 11:43:41.825   796  1563 E C2MtkVdec: [0xEC399B00] fetch graphic block err = 110
02-26 11:43:41.825   796 22390 E C2MtkVdec: [0xEB09C900] fetch graphic block err = 110
02-26 11:43:41.825   796 11688 E C2MtkVdec: [0xEA0EA500] fetch graphic block err = 110
02-26 11:43:41.853   796 11692 W C2BqBuffer: last successful dequeue was 116007644296 us ago, 0 consecutive failures
02-26 11:43:41.856   796 11713 E C2MtkVdec: [0xEA0EDD00] fetch graphic block err = 110
02-26 11:43:41.925   796 21245 E C2MtkVdec: [0xEB097C00] fetch graphic block err = 110
02-26 11:43:41.925   796  1563 E C2MtkVdec: [0xEC399B00] fetch graphic block err = 110
02-26 11:43:41.925   796 22390 E C2MtkVdec: [0xEB09C900] fetch graphic block err = 110
02-26 11:43:41.926   796 11688 E C2MtkVdec: [0xEA0EA500] fetch graphic block err = 110
02-26 11:43:41.955   796  6553 W C2BqBuffer: last successful dequeue was 50734535571 us ago, 0 consecutive failures
02-26 11:43:41.957   796 11713 E C2MtkVdec: [0xEA0EDD00] fetch graphic block err = 110
02-26 11:43:42.025   796 21245 E C2MtkVdec: [0xEB097C00] fetch graphic block err = 110
02-26 11:43:42.026   796  1563 E C2MtkVdec: [0xEC399B00] fetch graphic block err = 110
02-26 11:43:42.026   796 22390 E C2MtkVdec: [0xEB09C900] fetch graphic block err = 110
02-26 11:43:42.026   796 11688 E C2MtkVdec: [0xEA0EA500] fetch graphic block err = 110
02-26 11:43:42.057   796 11713 E C2MtkVdec: [0xEA0EDD00] fetch graphic block err = 110
02-26 11:43:42.087   805   889 I libPowerHal: [perfLockAcq] idx:16 hdl:203251 hint:25 pid:805 duration:10000 lock_user:mtkpower@1.0-se => ret_hdl:203251
02-26 11:43:42.087   805   889 I libPowerHal: MTKPOWER_HINT_APP_TOUCH: set gpu opp level: 0
02-26 11:43:42.088   805   889 I libPowerHal: MTKPOWER_HINT_APP_TOUCH: set gpu opp level max: 0
02-26 11:43:42.088   805   889 I libPowerHal: MTKPOWER_HINT_APP_TOUCH: cpu_ctrl set cpu freq: 2200000 -1 1600000 -1
02-26 11:43:42.089   805   889 I libPowerHal: [PE] MTKPOWER_HINT_APP_TOUCH update cmd:1000000, param:0
02-26 11:43:42.089   805   889 I libPowerHal: [PE] MTKPOWER_HINT_APP_TOUCH update cmd:1408300, param:100
02-26 11:43:42.089   805   889 I libPowerHal: [PE] MTKPOWER_HINT_APP_TOUCH update cmd:3408600 param:1
02-26 11:43:42.089   805   889 I libPowerHal: [PE] MTKPOWER_HINT_APP_TOUCH update cmd:1000000 param:0
02-26 11:43:42.094 23155 23155 E unknown:ReactNative: Got DOWN touch before receiving UP or CANCEL from last gesture
02-26 11:43:42.113   796 11731 W C2BqBuffer: last successful dequeue was 116007535787 us ago, 0 consecutive failures
02-26 11:43:42.126   796 21245 E C2MtkVdec: [0xEB097C00] fetch graphic block err = 110
02-26 11:43:42.126   796  1563 E C2MtkVdec: [0xEC399B00] fetch graphic block err = 110
02-26 11:43:42.126   796 22390 E C2MtkVdec: [0xEB09C900] fetch graphic block err = 110
02-26 11:43:42.126   796 11688 E C2MtkVdec: [0xEA0EA500] fetch graphic block err = 110
02-26 11:43:42.158   796 11713 E C2MtkVdec: [0xEA0EDD00] fetch graphic block err = 110
02-26 11:43:42.164   805   889 I libPowerHal: [perfLockRel] hdl:203251, idx:16
02-26 11:43:42.164   805   889 I libPowerHal: MTKPOWER_HINT_APP_TOUCH: cpu_ctrl set cpu freq: -1 -1 -1 -1
02-26 11:43:42.165   805   889 I libPowerHal: MTKPOWER_HINT_APP_TOUCH: set gpu opp level: 2
02-26 11:43:42.165   805   889 I libPowerHal: MTKPOWER_HINT_APP_TOUCH: set gpu opp level max: 0
02-26 11:43:42.165   805   889 I libPowerHal: [PD] MTKPOWER_HINT_APP_TOUCH update cmd:1000000, param:-1
02-26 11:43:42.166   805   889 I libPowerHal: [PD] MTKPOWER_HINT_APP_TOUCH update cmd:1408300 param:0
02-26 11:43:42.167   805   889 I libPowerHal: [PD] MTKPOWER_HINT_APP_TOUCH update cmd:3408600 param:0
02-26 11:43:42.167   805   889 I libPowerHal: [PD] MTKPOWER_HINT_APP_TOUCH update cmd:1000000 param:-1
02-26 11:43:42.226   796 21245 E C2MtkVdec: [0xEB097C00] fetch graphic block err = 110
02-26 11:43:42.226   796 11688 E C2MtkVdec: [0xEA0EA500] fetch graphic block err = 110
02-26 11:43:42.226   796 22390 E C2MtkVdec: [0xEB09C900] fetch graphic block err = 110
02-26 11:43:42.226   796  1563 E C2MtkVdec: [0xEC399B00] fetch graphic block err = 110
02-26 11:43:42.258   796 11713 E C2MtkVdec: [0xEA0EDD00] fetch graphic block err = 110
02-26 11:43:42.288  1459  8785 W ContextImpl: Calling a method in the system process without a qualified user: android.app.ContextImpl.sendBroadcastMultiplePermissions:1222 com.android.server.TelephonyRegistry.broadcastServiceStateChanged:3113 com.android.server.TelephonyRegistry.notifyServiceStateForPhoneId:1641 com.android.internal.telephony.ITelephonyRegistry$Stub.onTransact:492 android.os.Binder.execTransactInternal:1280 
02-26 11:43:42.289  1459  8785 W ContextImpl: Calling a method in the system process without a qualified user: android.app.ContextImpl.sendBroadcastMultiplePermissions:1272 android.content.Context.sendBroadcastMultiplePermissions:2272 com.android.server.TelephonyRegistry.broadcastServiceStateChanged:3117 com.android.server.TelephonyRegistry.notifyServiceStateForPhoneId:1641 com.android.internal.telephony.ITelephonyRegistry$Stub.onTransact:492 
02-26 11:43:42.289  1459  1498 W BroadcastQueue: Permission Denial: receiving Intent { act=android.intent.action.SERVICE_STATE flg=0x1000010 (has extras) } to ProcessRecord{4f28e14 1786:com.android.systemui/u0a157} (pid=1786, uid=10157) requires android.permission.ACCESS_FINE_LOCATION due to sender android (uid 1001)
02-26 11:43:42.290  1459  1498 W BroadcastQueue: Permission Denial: receiving Intent { act=android.intent.action.SERVICE_STATE flg=0x1000010 (has extras) } to com.google.android.cellbroadcastreceiver/com.android.cellbroadcastreceiver.CellBroadcastReceiver requires android.permission.READ_PHONE_STATE due to sender android (uid 1001)
02-26 11:43:42.291  1459  1498 W BroadcastQueue: Permission Denial: receiving Intent { act=android.intent.action.SERVICE_STATE flg=0x1000010 (has extras) } to ProcessRecord{4f28e14 1786:com.android.systemui/u0a157} (pid=1786, uid=10157) requires android.permission.ACCESS_FINE_LOCATION due to sender android (uid 1001)
02-26 11:43:42.292  1459  1498 W BroadcastQueue: Appop Denial: receiving Intent { act=android.intent.action.SERVICE_STATE flg=0x1000010 (has extras) } to ProcessRecord{23668b5 1459:system/1000} (pid=1459, uid=1000) excludes appop android:read_phone_state due to sender android (uid 1001)
02-26 11:43:42.292  1459  8785 W ContextImpl: Calling a method in the system process without a qualified user: android.app.ContextImpl.sendBroadcastMultiplePermissions:1272 android.content.Context.sendBroadcastMultiplePermissions:2272 com.android.server.TelephonyRegistry.broadcastServiceStateChanged:3124 com.android.server.TelephonyRegistry.notifyServiceStateForPhoneId:1641 com.android.internal.telephony.ITelephonyRegistry$Stub.onTransact:492 
02-26 11:43:42.292  1459  1498 W BroadcastQueue: Appop Denial: receiving Intent { act=android.intent.action.SERVICE_STATE flg=0x1000010 (has extras) } to ProcessRecord{9702b71 13883:com.android.phone/1001} (pid=13883, uid=1001) excludes appop android:read_phone_state due to sender android (uid 1001)
02-26 11:43:42.292  1459  1498 W BroadcastQueue: Permission Denial: receiving Intent { act=android.intent.action.SERVICE_STATE flg=0x1000010 (has extras) } to com.google.android.cellbroadcastreceiver/com.android.cellbroadcastreceiver.CellBroadcastReceiver requires android.permission.ACCESS_FINE_LOCATION due to sender android (uid 1001)
02-26 11:43:42.293  1459  8785 W ContextImpl: Calling a method in the system process without a qualified user: android.app.ContextImpl.sendBroadcastMultiplePermissions:1272 android.content.Context.sendBroadcastMultiplePermissions:2272 com.android.server.TelephonyRegistry.broadcastServiceStateChanged:3128 com.android.server.TelephonyRegistry.notifyServiceStateForPhoneId:1641 com.android.internal.telephony.ITelephonyRegistry$Stub.onTransact:492 
02-26 11:43:42.293  1459  1498 W BroadcastQueue: Appop Denial: receiving Intent { act=android.intent.action.SERVICE_STATE flg=0x1000010 (has extras) } to ProcessRecord{23668b5 1459:system/1000} (pid=1459, uid=1000) excludes appop android:fine_location due to sender android (uid 1001)
02-26 11:43:42.294 29741 31110 I ChatReadinessManagerImp: processRcsReadinessReason: Current ChatTransportType is: 2, ready: true
02-26 11:43:42.294  1459  1498 W BroadcastQueue: Appop Denial: receiving Intent { act=android.intent.action.SERVICE_STATE flg=0x1000010 (has extras) } to ProcessRecord{9702b71 13883:com.android.phone/1001} (pid=13883, uid=1001) excludes appop android:fine_location due to sender android (uid 1001)
02-26 11:43:42.294  1459  1498 W BroadcastQueue: Permission Denial: receiving Intent { act=android.intent.action.SERVICE_STATE flg=0x1000010 (has extras) } to com.google.android.cellbroadcastreceiver/com.android.cellbroadcastreceiver.CellBroadcastReceiver requires android.permission.READ_PHONE_STATE due to sender android (uid 1001)
02-26 11:43:42.295  1459  1498 W BroadcastQueue: Appop Denial: receiving Intent { act=android.intent.action.SERVICE_STATE flg=0x1000010 (has extras) } to ProcessRecord{4f28e14 1786:com.android.systemui/u0a157} (pid=1786, uid=10157) excludes appop android:read_phone_state due to sender android (uid 1001)
02-26 11:43:42.295 29741 31110 I ChatReadinessManagerImp: shouldLaunchPostReadyWork is false. Returning from the method
02-26 11:43:42.295  1459  1498 W BroadcastQueue: Appop Denial: receiving Intent { act=android.intent.action.SERVICE_STATE flg=0x1000010 (has extras) } to ProcessRecord{23668b5 1459:system/1000} (pid=1459, uid=1000) excludes appop android:read_phone_state due to sender android (uid 1001)
02-26 11:43:42.295  1459  1498 W BroadcastQueue: Appop Denial: receiving Intent { act=android.intent.action.SERVICE_STATE flg=0x1000010 (has extras) } to ProcessRecord{9702b71 13883:com.android.phone/1001} (pid=13883, uid=1001) excludes appop android:read_phone_state due to sender android (uid 1001)
