02-26 11:43:47.311   805   889 I libPowerHal: [perfLockAcq] idx:18 hdl:203261 hint:25 pid:805 duration:10000 lock_user:mtkpower@1.0-se => ret_hdl:203261
02-26 11:43:47.312   805   889 I libPowerHal: MTKPOWER_HINT_APP_TOUCH: set gpu opp level max: 0
02-26 11:43:47.312   805   889 I libPowerHal: [PE] MTKPOWER_HINT_APP_TOUCH update cmd:1408300, param:100
02-26 11:43:47.312   805   889 I libPowerHal: [PE] MTKPOWER_HINT_APP_TOUCH update cmd:3408600 param:1
02-26 11:43:47.342   796 21245 E C2MtkVdec: [0xEB097C00] fetch graphic block err = 110
02-26 11:43:47.342   796 22390 E C2MtkVdec: [0xEB09C900] fetch graphic block err = 110
02-26 11:43:47.343   796  1563 E C2MtkVdec: [0xEC399B00] fetch graphic block err = 110
02-26 11:43:47.343   796 11688 E C2MtkVdec: [0xEA0EA500] fetch graphic block err = 110
02-26 11:43:47.374   805   889 I libPowerHal: [perfLockRel] hdl:203261, idx:18
02-26 11:43:47.374   805   889 I libPowerHal: [PD] MTKPOWER_HINT_APP_TOUCH update cmd:1408300 param:0
02-26 11:43:47.375   805   889 I libPowerHal: [PD] MTKPOWER_HINT_APP_TOUCH update cmd:3408600 param:0
02-26 11:43:47.378   796 11713 E C2MtkVdec: [0xEA0EDD00] fetch graphic block err = 110
02-26 11:43:47.420 23155 23216 I com.mobile: Background concurrent copying GC freed 109612(4193KB) AllocSpace objects, 12(240KB) LOS objects, 26% free, 16MB/22MB, paused 285us,587us total 169.084ms
02-26 11:43:47.443   796 22390 E C2MtkVdec: [0xEB09C900] fetch graphic block err = 110
02-26 11:43:47.443   796 21245 E C2MtkVdec: [0xEB097C00] fetch graphic block err = 110
02-26 11:43:47.444   796  1563 E C2MtkVdec: [0xEC399B00] fetch graphic block err = 110
02-26 11:43:47.444   796 11688 E C2MtkVdec: [0xEA0EA500] fetch graphic block err = 110
02-26 11:43:47.478   796 11713 E C2MtkVdec: [0xEA0EDD00] fetch graphic block err = 110
02-26 11:43:47.543   796 22390 E C2MtkVdec: [0xEB09C900] fetch graphic block err = 110
02-26 11:43:47.543   796 21245 E C2MtkVdec: [0xEB097C00] fetch graphic block err = 110
02-26 11:43:47.544   796  1563 E C2MtkVdec: [0xEC399B00] fetch graphic block err = 110
02-26 11:43:47.544   796 11688 E C2MtkVdec: [0xEA0EA500] fetch graphic block err = 110
02-26 11:43:47.578   796 11713 E C2MtkVdec: [0xEA0EDD00] fetch graphic block err = 110
02-26 11:43:47.600 23155 23414 I libPerfCtl: fbcNotifySbeRescue ret=-1
02-26 11:43:47.594 23155 23155 W FramePolicy: type=1400 audit(0.0:2418398): avc: denied { ioctl } for path="/proc/perfmgr/perf_ioctl" dev="proc" ino=4026532414 ioctlcmd=0x6716 scontext=u:r:untrusted_app:s0:c243,c256,c512,c768 tcontext=u:object_r:proc_perfmgr:s0 tclass=file permissive=0 app=com.mobile
02-26 11:43:47.643   796 22390 E C2MtkVdec: [0xEB09C900] fetch graphic block err = 110
02-26 11:43:47.643   796 21245 E C2MtkVdec: [0xEB097C00] fetch graphic block err = 110
02-26 11:43:47.643   796 21245 E VDO_LOG : ### +VDEC_DRV_GET_TYPE_GET_PIXEL_FORMAT
02-26 11:43:47.643   796 21245 E VDO_LOG : [Info] get updated pixel format:  4
02-26 11:43:47.644   796  1563 E C2MtkVdec: [0xEC399B00] fetch graphic block err = 110
02-26 11:43:47.644   796 11688 E C2MtkVdec: [0xEA0EA500] fetch graphic block err = 110
02-26 11:43:47.675   805   889 I mtkpower@impl: [powerd_req] TIMER_MSG_PERF_LOCK_TIMEOUT hdl:203258
02-26 11:43:47.675   805   889 I libPowerHal: [perfLockRel] hdl:203258, idx:16
02-26 11:43:47.675   805   889 I libPowerHal: system_server: cpu_ctrl set cpu freq: -1 -1 -1 -1
02-26 11:43:47.675   805   889 I libPowerHal: system_server: set gpu opp level: 2
02-26 11:43:47.675   805   889 I libPowerHal: system_server: set gpu opp level max: 0
02-26 11:43:47.675   805   889 I libPowerHal: [PD] system_server update cmd:1000000, param:-1
02-26 11:43:47.676   805   889 I libPowerHal: [PD] system_server update cmd:1000000 param:-1
02-26 11:43:47.678   796 11713 E C2MtkVdec: [0xEA0EDD00] fetch graphic block err = 110
02-26 11:43:47.692 23155 31056 W unknown:ViewManagerPropertyUpdater: Could not find generated setter for class com.rnmaps.maps.SizeReportingShadowNode
02-26 11:43:47.701  1459  8785 I mtkpower_client: perf_lock_acq, hdl:203247, dur:0, num:2, tid:8785
02-26 11:43:47.701  1459  8785 I mtkpower_client: ret_hdl:203262
02-26 11:43:47.702  1459  8785 I mtkpower_client: perf_lock_rel, hdl:203262, tid:8785
02-26 11:43:47.702   805   889 I libPowerHal: [perfLockAcq] idx:16 hdl:203262 hint:-1 pid:1459 duration:0 lock_user:system_server => ret_hdl:203262
02-26 11:43:47.703   805   889 I libPowerHal: [perfLockRel] hdl:203262, idx:16
02-26 11:43:47.716 23155 23155 I Google Maps Android API: Google Play services package version: 240615064
02-26 11:43:47.717 23155 23155 I Google Maps Android API: Google Play services maps renderer version(legacy): 203115000
02-26 11:43:47.719 23155 23414 I libPerfCtl: fbcNotifySbeRescue ret=-1
02-26 11:43:47.714 23155 23155 W FramePolicy: type=1400 audit(0.0:2418399): avc: denied { ioctl } for path="/proc/perfmgr/perf_ioctl" dev="proc" ino=4026532414 ioctlcmd=0x6716 scontext=u:r:untrusted_app:s0:c243,c256,c512,c768 tcontext=u:object_r:proc_perfmgr:s0 tclass=file permissive=0 app=com.mobile
02-26 11:43:47.743   796 22390 E C2MtkVdec: [0xEB09C900] fetch graphic block err = 110
02-26 11:43:47.744   796 21245 E C2MtkVdec: [0xEB097C00] fetch graphic block err = 110
02-26 11:43:47.744   796 11688 E C2MtkVdec: [0xEA0EA500] fetch graphic block err = 110
02-26 11:43:47.744   796  1563 E C2MtkVdec: [0xEC399B00] fetch graphic block err = 110
02-26 11:43:47.778   796 11713 E C2MtkVdec: [0xEA0EDD00] fetch graphic block err = 110
02-26 11:43:47.782   784 31126 I resolv  : GetAddrInfoHandler::run: {463 463 463 983503 10243 0}
02-26 11:43:47.844   796 22390 E C2MtkVdec: [0xEB09C900] fetch graphic block err = 110
02-26 11:43:47.844   796 21245 E C2MtkVdec: [0xEB097C00] fetch graphic block err = 110
02-26 11:43:47.844   796 11688 E C2MtkVdec: [0xEA0EA500] fetch graphic block err = 110
02-26 11:43:47.845   796  1563 E C2MtkVdec: [0xEC399B00] fetch graphic block err = 110
02-26 11:43:47.879   796 11713 E C2MtkVdec: [0xEA0EDD00] fetch graphic block err = 110
02-26 11:43:47.938 23155 23414 I libPerfCtl: fbcNotifySbeRescue ret=-1
02-26 11:43:47.934 23155 23155 W FramePolicy: type=1400 audit(0.0:2418400): avc: denied { ioctl } for path="/proc/perfmgr/perf_ioctl" dev="proc" ino=4026532414 ioctlcmd=0x6716 scontext=u:r:untrusted_app:s0:c243,c256,c512,c768 tcontext=u:object_r:proc_perfmgr:s0 tclass=file permissive=0 app=com.mobile
02-26 11:43:47.944   796 22390 E C2MtkVdec: [0xEB09C900] fetch graphic block err = 110
02-26 11:43:47.944   796 21245 E C2MtkVdec: [0xEB097C00] fetch graphic block err = 110
02-26 11:43:47.945   796 11688 E C2MtkVdec: [0xEA0EA500] fetch graphic block err = 110
02-26 11:43:47.945   796  1563 E C2MtkVdec: [0xEC399B00] fetch graphic block err = 110
02-26 11:43:47.954 23155 23414 I libPerfCtl: fbcNotifySbeRescue ret=-1
02-26 11:43:47.951 23155 23155 W FramePolicy: type=1400 audit(0.0:2418401): avc: denied { ioctl } for path="/proc/perfmgr/perf_ioctl" dev="proc" ino=4026532414 ioctlcmd=0x6716 scontext=u:r:untrusted_app:s0:c243,c256,c512,c768 tcontext=u:object_r:proc_perfmgr:s0 tclass=file permissive=0 app=com.mobile
02-26 11:43:47.971 23155 23414 I libPerfCtl: fbcNotifySbeRescue ret=-1
02-26 11:43:47.967 23155 23155 W FramePolicy: type=1400 audit(0.0:2418402): avc: denied { ioctl } for path="/proc/perfmgr/perf_ioctl" dev="proc" ino=4026532414 ioctlcmd=0x6716 scontext=u:r:untrusted_app:s0:c243,c256,c512,c768 tcontext=u:object_r:proc_perfmgr:s0 tclass=file permissive=0 app=com.mobile
02-26 11:43:47.979   796 11713 E C2MtkVdec: [0xEA0EDD00] fetch graphic block err = 110
02-26 11:43:47.988 23155 23414 I libPerfCtl: fbcNotifySbeRescue ret=-1
02-26 11:43:48.044   796 22390 E C2MtkVdec: [0xEB09C900] fetch graphic block err = 110
02-26 11:43:48.045   796 21245 E C2MtkVdec: [0xEB097C00] fetch graphic block err = 110
02-26 11:43:48.045   796 11688 E C2MtkVdec: [0xEA0EA500] fetch graphic block err = 110
02-26 11:43:48.045   796  1563 E C2MtkVdec: [0xEC399B00] fetch graphic block err = 110
02-26 11:43:48.080   796 11713 E C2MtkVdec: [0xEA0EDD00] fetch graphic block err = 110
02-26 11:43:48.144   796 22390 E C2MtkVdec: [0xEB09C900] fetch graphic block err = 110
02-26 11:43:48.145   796 11688 E C2MtkVdec: [0xEA0EA500] fetch graphic block err = 110
02-26 11:43:48.145   796 21245 E C2MtkVdec: [0xEB097C00] fetch graphic block err = 110
02-26 11:43:48.146   796  1563 E C2MtkVdec: [0xEC399B00] fetch graphic block err = 110
02-26 11:43:48.180   796 11713 E C2MtkVdec: [0xEA0EDD00] fetch graphic block err = 110
02-26 11:43:48.192 23155 23414 I libPerfCtl: fbcNotifySbeRescue ret=-1
02-26 11:43:48.203   819   819 I BufferQueueProducer: [com.mobile/com.mobile.MainActivity#118792](this:0xec99bcdc,id:-1,api:0,p:-1,c:819) queueBuffer: fps=17.39 dur=1264.93 max=590.87 min=16.55
02-26 11:43:48.206   794   794 I hwcomposer: [HWCDisplay] [Display_0 (type:1)] fps:17.373228,dur:1266.32,max:592.22,min:16.23  
02-26 11:43:48.211 23155 23414 I libPerfCtl: fbcNotifySbeRescue ret=-1
02-26 11:43:48.229 23155 23414 I libPerfCtl: fbcNotifySbeRescue ret=-1
02-26 11:43:48.243 23155 23414 I libPerfCtl: fbcNotifySbeRescue ret=-1
02-26 11:43:48.245   796 22390 E C2MtkVdec: [0xEB09C900] fetch graphic block err = 110
02-26 11:43:48.245   796 11688 E C2MtkVdec: [0xEA0EA500] fetch graphic block err = 110
02-26 11:43:48.245   796 21245 E C2MtkVdec: [0xEB097C00] fetch graphic block err = 110
02-26 11:43:48.246   796  1563 E C2MtkVdec: [0xEC399B00] fetch graphic block err = 110
02-26 11:43:48.260 23155 23414 I libPerfCtl: fbcNotifySbeRescue ret=-1
02-26 11:43:48.275 23155 23414 I libPerfCtl: fbcNotifySbeRescue ret=-1
02-26 11:43:48.275   805   878 I libPerfCtl: xgfGetFPS pid:23155 fps:36
02-26 11:43:48.281   796 11713 E C2MtkVdec: [0xEA0EDD00] fetch graphic block err = 110
02-26 11:43:48.341 23155 23414 I libPerfCtl: fbcNotifySbeRescue ret=-1
02-26 11:43:48.345   796 22390 E C2MtkVdec: [0xEB09C900] fetch graphic block err = 110
02-26 11:43:48.345   796 21245 E C2MtkVdec: [0xEB097C00] fetch graphic block err = 110
02-26 11:43:48.346   796 11688 E C2MtkVdec: [0xEA0EA500] fetch graphic block err = 110
02-26 11:43:48.346   796  1563 E C2MtkVdec: [0xEC399B00] fetch graphic block err = 110
02-26 11:43:48.376 23155 23414 I libPerfCtl: fbcNotifySbeRescue ret=-1
02-26 11:43:48.381   796 11713 E C2MtkVdec: [0xEA0EDD00] fetch graphic block err = 110
02-26 11:43:48.393 23155 23414 I libPerfCtl: fbcNotifySbeRescue ret=-1
02-26 11:43:48.445   796 22390 E C2MtkVdec: [0xEB09C900] fetch graphic block err = 110
02-26 11:43:48.446   796 11688 E C2MtkVdec: [0xEA0EA500] fetch graphic block err = 110
02-26 11:43:48.446   796 21245 E C2MtkVdec: [0xEB097C00] fetch graphic block err = 110
02-26 11:43:48.447   796  1563 E C2MtkVdec: [0xEC399B00] fetch graphic block err = 110
02-26 11:43:48.481   796 11713 E C2MtkVdec: [0xEA0EDD00] fetch graphic block err = 110
02-26 11:43:48.519  1459  8785 I mtkpower_client: perf_lock_acq, hdl:203262, dur:0, num:2, tid:8785
02-26 11:43:48.520  1459  8785 I mtkpower_client: ret_hdl:203263
02-26 11:43:48.520   805   889 I libPowerHal: [perfLockAcq] idx:16 hdl:203263 hint:-1 pid:1459 duration:0 lock_user:system_server => ret_hdl:203263
02-26 11:43:48.521  1459  8785 I mtkpower_client: perf_lock_rel, hdl:203263, tid:8785
02-26 11:43:48.521   805   889 I libPowerHal: [perfLockRel] hdl:203263, idx:16
02-26 11:43:48.546   796 22390 E C2MtkVdec: [0xEB09C900] fetch graphic block err = 110
02-26 11:43:48.546   796 11688 E C2MtkVdec: [0xEA0EA500] fetch graphic block err = 110
02-26 11:43:48.547   796 21245 E C2MtkVdec: [0xEB097C00] fetch graphic block err = 110
02-26 11:43:48.547   796  1563 E C2MtkVdec: [0xEC399B00] fetch graphic block err = 110
02-26 11:43:48.581 23155 23414 I libPerfCtl: fbcNotifySbeRescue ret=-1
02-26 11:43:48.582   796 11713 E C2MtkVdec: [0xEA0EDD00] fetch graphic block err = 110
02-26 11:43:48.646   796 22390 E C2MtkVdec: [0xEB09C900] fetch graphic block err = 110
02-26 11:43:48.646   796 11688 E C2MtkVdec: [0xEA0EA500] fetch graphic block err = 110
02-26 11:43:48.647   796 21245 E C2MtkVdec: [0xEB097C00] fetch graphic block err = 110
02-26 11:43:48.648   796  1563 E C2MtkVdec: [0xEC399B00] fetch graphic block err = 110
02-26 11:43:48.682   796 11713 E C2MtkVdec: [0xEA0EDD00] fetch graphic block err = 110
02-26 11:43:48.695  1459  8785 I mtkpower_client: perf_lock_acq, hdl:203263, dur:0, num:2, tid:8785
02-26 11:43:48.696   805   889 I libPowerHal: [perfLockAcq] idx:16 hdl:203264 hint:-1 pid:1459 duration:0 lock_user:system_server => ret_hdl:203264
02-26 11:43:48.696  1459  8785 I mtkpower_client: ret_hdl:203264
02-26 11:43:48.698  1459  8785 I mtkpower_client: perf_lock_rel, hdl:203264, tid:8785
02-26 11:43:48.699   805   889 I libPowerHal: [perfLockRel] hdl:203264, idx:16
02-26 11:43:48.746   796 11688 E C2MtkVdec: [0xEA0EA500] fetch graphic block err = 110
02-26 11:43:48.746   796 22390 E C2MtkVdec: [0xEB09C900] fetch graphic block err = 110
02-26 11:43:48.748   796 21245 E C2MtkVdec: [0xEB097C00] fetch graphic block err = 110
02-26 11:43:48.748   796  1563 E C2MtkVdec: [0xEC399B00] fetch graphic block err = 110
02-26 11:43:48.754   796 14950 W C2BqBuffer: last successful dequeue was 464237995037 us ago, 0 consecutive failures
02-26 11:43:48.783   796 11713 E C2MtkVdec: [0xEA0EDD00] fetch graphic block err = 110
02-26 11:43:48.847   796 11688 E C2MtkVdec: [0xEA0EA500] fetch graphic block err = 110
02-26 11:43:48.847   796 22390 E C2MtkVdec: [0xEB09C900] fetch graphic block err = 110
02-26 11:43:48.848   796 21245 E C2MtkVdec: [0xEB097C00] fetch graphic block err = 110
02-26 11:43:48.848   796  1563 E C2MtkVdec: [0xEC399B00] fetch graphic block err = 110
02-26 11:43:48.883   796 11713 E C2MtkVdec: [0xEA0EDD00] fetch graphic block err = 110
02-26 11:43:48.916   796  1567 W C2BqBuffer: last successful dequeue was 403910119163 us ago, 0 consecutive failures
02-26 11:43:48.947   796 22390 E C2MtkVdec: [0xEB09C900] fetch graphic block err = 110
02-26 11:43:48.947   796 11688 E C2MtkVdec: [0xEA0EA500] fetch graphic block err = 110
02-26 11:43:48.949   796  1563 E C2MtkVdec: [0xEC399B00] fetch graphic block err = 110
02-26 11:43:48.949   796 21245 E C2MtkVdec: [0xEB097C00] fetch graphic block err = 110
02-26 11:43:48.984   796 11713 E C2MtkVdec: [0xEA0EDD00] fetch graphic block err = 110
02-26 11:43:48.985  2661  2661 I WifiHAL : Get link layer stats
02-26 11:43:48.985  2661  2661 I WifiHAL : GetLinkStatsCommand::create
02-26 11:43:48.986  2661  2661 I android.hardware.wifi@1.0-service-lazy: WifiCommand::requestResponse err=-14
02-26 11:43:48.986  2661  2661 I WifiHAL : wifi_get_link_stats: result=-1
02-26 11:43:48.988  1459  1668 E WifiVendorHal: getWifiLinkLayerStats_1_5_Internal(l.1176) failed {.code = ERROR_UNKNOWN, .description = unknown}
02-26 11:43:49.047   796 22390 E C2MtkVdec: [0xEB09C900] fetch graphic block err = 110
02-26 11:43:49.047   796 11688 E C2MtkVdec: [0xEA0EA500] fetch graphic block err = 110
02-26 11:43:49.049   796  1563 E C2MtkVdec: [0xEC399B00] fetch graphic block err = 110
02-26 11:43:49.049   796 21245 E C2MtkVdec: [0xEB097C00] fetch graphic block err = 110
02-26 11:43:49.084   796 11713 E C2MtkVdec: [0xEA0EDD00] fetch graphic block err = 110
02-26 11:43:49.148   796 11688 E C2MtkVdec: [0xEA0EA500] fetch graphic block err = 110
02-26 11:43:49.148   796 22390 E C2MtkVdec: [0xEB09C900] fetch graphic block err = 110
02-26 11:43:49.148   796 11688 E VDO_LOG : ### +VDEC_DRV_GET_TYPE_GET_PIXEL_FORMAT
02-26 11:43:49.148   796 11688 E VDO_LOG : [Info] get updated pixel format:  4
02-26 11:43:49.150   796  1563 E C2MtkVdec: [0xEC399B00] fetch graphic block err = 110
02-26 11:43:49.150   796 21245 E C2MtkVdec: [0xEB097C00] fetch graphic block err = 110
02-26 11:43:49.184   796 11713 E C2MtkVdec: [0xEA0EDD00] fetch graphic block err = 110
02-26 11:43:49.249   796 22390 E C2MtkVdec: [0xEB09C900] fetch graphic block err = 110
02-26 11:43:49.249   796 11688 E C2MtkVdec: [0xEA0EA500] fetch graphic block err = 110
02-26 11:43:49.250   796  1563 E C2MtkVdec: [0xEC399B00] fetch graphic block err = 110
02-26 11:43:49.250   796 21245 E C2MtkVdec: [0xEB097C00] fetch graphic block err = 110
02-26 11:43:49.276   805   878 I libPerfCtl: xgfGetFPS pid:23155 fps:50
02-26 11:43:49.285   796 11713 E C2MtkVdec: [0xEA0EDD00] fetch graphic block err = 110
02-26 11:43:49.349   796 22390 E C2MtkVdec: [0xEB09C900] fetch graphic block err = 110
02-26 11:43:49.350   796 11688 E C2MtkVdec: [0xEA0EA500] fetch graphic block err = 110
02-26 11:43:49.350   796 21245 E C2MtkVdec: [0xEB097C00] fetch graphic block err = 110
02-26 11:43:49.350   796  1563 E C2MtkVdec: [0xEC399B00] fetch graphic block err = 110
02-26 11:43:49.351   796  1563 E VDO_LOG : ### +VDEC_DRV_GET_TYPE_GET_PIXEL_FORMAT
02-26 11:43:49.351   796  1563 E VDO_LOG : [Info] get updated pixel format:  4
02-26 11:43:49.385   796 11713 E C2MtkVdec: [0xEA0EDD00] fetch graphic block err = 110
02-26 11:43:49.426   796 13058 W C2BqBuffer: last successful dequeue was 441912648193 us ago, 0 consecutive failures
02-26 11:43:49.449   796 22390 E C2MtkVdec: [0xEB09C900] fetch graphic block err = 110
02-26 11:43:49.451   796 11688 E C2MtkVdec: [0xEA0EA500] fetch graphic block err = 110
02-26 11:43:49.451   796 21245 E C2MtkVdec: [0xEB097C00] fetch graphic block err = 110
02-26 11:43:49.452   796  1563 E C2MtkVdec: [0xEC399B00] fetch graphic block err = 110
02-26 11:43:49.486   796 11713 E C2MtkVdec: [0xEA0EDD00] fetch graphic block err = 110
02-26 11:43:49.486   796 11713 E VDO_LOG : ### +VDEC_DRV_GET_TYPE_GET_PIXEL_FORMAT
02-26 11:43:49.486   796 11713 E VDO_LOG : [Info] get updated pixel format:  4
02-26 11:43:49.515  1459  8785 I mtkpower_client: perf_lock_rel, hdl:203259, tid:8785
02-26 11:43:49.516  1459  2135 I mtkpower_client: perf_lock_acq, hdl:203260, dur:3000, num:4, tid:2135
02-26 11:43:49.518   805   889 I libPowerHal: [perfLockRel] hdl:203259, idx:17
02-26 11:43:49.521  1459  2135 I mtkpower_client: ret_hdl:203265
02-26 11:43:49.522   805   889 I libPowerHal: cmdSetting - unknown cmd:2000400, scmd:(null) ,param_1:23380
02-26 11:43:49.522   805   889 I libPowerHal: [perfLockAcq] idx:16 hdl:203265 hint:-1 pid:1459 duration:3000 lock_user:system_server => ret_hdl:203265
02-26 11:43:49.522   805   889 I libPowerHal: [fpsgo_noctrl_render_thread] -23380, 0xf372b1c0
02-26 11:43:49.523   805   889 I libPowerHal: [PE] system_server update cmd:2000300 param:-23380
02-26 11:43:49.525  1459  2135 I mtkpower_client: perf_lock_rel, hdl:203265, tid:2135
02-26 11:43:49.527   805   889 I libPowerHal: [perfLockRel] hdl:203265, idx:16
02-26 11:43:49.528   805   889 I libPowerHal: [fpsgo_noctrl_render_thread] -23380, 0xf372b1c0
02-26 11:43:49.528   805   889 I libPowerHal: [PD] system_server update ONESHOT cmd:2000300 param:-23380
02-26 11:43:49.549   796 22390 E C2MtkVdec: [0xEB09C900] fetch graphic block err = 110
02-26 11:43:49.550   796 22390 E VDO_LOG : ### +VDEC_DRV_GET_TYPE_GET_PIXEL_FORMAT
02-26 11:43:49.550   796 22390 E VDO_LOG : [Info] get updated pixel format:  4
02-26 11:43:49.551   796 11688 E C2MtkVdec: [0xEA0EA500] fetch graphic block err = 110
02-26 11:43:49.551   796 21245 E C2MtkVdec: [0xEB097C00] fetch graphic block err = 110
02-26 11:43:49.553   796  1563 E C2MtkVdec: [0xEC399B00] fetch graphic block err = 110
02-26 11:43:49.588   796 11713 E C2MtkVdec: [0xEA0EDD00] fetch graphic block err = 110
02-26 11:43:49.651   796 22390 E C2MtkVdec: [0xEB09C900] fetch graphic block err = 110
02-26 11:43:49.651   796 11688 E C2MtkVdec: [0xEA0EA500] fetch graphic block err = 110
02-26 11:43:49.652   796 21245 E C2MtkVdec: [0xEB097C00] fetch graphic block err = 110
02-26 11:43:49.653   796  1563 E C2MtkVdec: [0xEC399B00] fetch graphic block err = 110
02-26 11:43:49.688   796 11713 E C2MtkVdec: [0xEA0EDD00] fetch graphic block err = 110
02-26 11:43:49.752   796 22390 E C2MtkVdec: [0xEB09C900] fetch graphic block err = 110
02-26 11:43:49.752   796 11688 E C2MtkVdec: [0xEA0EA500] fetch graphic block err = 110
02-26 11:43:49.752   796 21245 E C2MtkVdec: [0xEB097C00] fetch graphic block err = 110
02-26 11:43:49.753   796  1563 E C2MtkVdec: [0xEC399B00] fetch graphic block err = 110
02-26 11:43:49.789   796 11713 E C2MtkVdec: [0xEA0EDD00] fetch graphic block err = 110
02-26 11:43:49.804   784 31136 I resolv  : GetAddrInfoHandler::run: {463 463 463 983503 10243 0}
02-26 11:43:49.852   796 22390 E C2MtkVdec: [0xEB09C900] fetch graphic block err = 110
02-26 11:43:49.852   796 11688 E C2MtkVdec: [0xEA0EA500] fetch graphic block err = 110
02-26 11:43:49.853   796 21245 E C2MtkVdec: [0xEB097C00] fetch graphic block err = 110
02-26 11:43:49.854   796  1563 E C2MtkVdec: [0xEC399B00] fetch graphic block err = 110
02-26 11:43:49.889   796 11713 E C2MtkVdec: [0xEA0EDD00] fetch graphic block err = 110
02-26 11:43:49.952   796 22390 E C2MtkVdec: [0xEB09C900] fetch graphic block err = 110
02-26 11:43:49.953   796 11688 E C2MtkVdec: [0xEA0EA500] fetch graphic block err = 110
02-26 11:43:49.953   796 21245 E C2MtkVdec: [0xEB097C00] fetch graphic block err = 110
02-26 11:43:49.954   796  1563 E C2MtkVdec: [0xEC399B00] fetch graphic block err = 110
02-26 11:43:49.989   796 11713 E C2MtkVdec: [0xEA0EDD00] fetch graphic block err = 110
02-26 11:43:50.053   796 22390 E C2MtkVdec: [0xEB09C900] fetch graphic block err = 110
02-26 11:43:50.053   796 11688 E C2MtkVdec: [0xEA0EA500] fetch graphic block err = 110
02-26 11:43:50.053   796 21245 E C2MtkVdec: [0xEB097C00] fetch graphic block err = 110
02-26 11:43:50.054   796  1563 E C2MtkVdec: [0xEC399B00] fetch graphic block err = 110
02-26 11:43:50.090   796 11713 E C2MtkVdec: [0xEA0EDD00] fetch graphic block err = 110
02-26 11:43:50.153   796 11688 E C2MtkVdec: [0xEA0EA500] fetch graphic block err = 110
02-26 11:43:50.153   796 22390 E C2MtkVdec: [0xEB09C900] fetch graphic block err = 110
02-26 11:43:50.154   796 21245 E C2MtkVdec: [0xEB097C00] fetch graphic block err = 110
02-26 11:43:50.155   796  1563 E C2MtkVdec: [0xEC399B00] fetch graphic block err = 110
02-26 11:43:50.190   796 11713 E C2MtkVdec: [0xEA0EDD00] fetch graphic block err = 110
02-26 11:43:50.254   796 11688 E C2MtkVdec: [0xEA0EA500] fetch graphic block err = 110
02-26 11:43:50.254   796 22390 E C2MtkVdec: [0xEB09C900] fetch graphic block err = 110
02-26 11:43:50.254   796 21245 E C2MtkVdec: [0xEB097C00] fetch graphic block err = 110
02-26 11:43:50.255   796  1563 E C2MtkVdec: [0xEC399B00] fetch graphic block err = 110
02-26 11:43:50.291   796 11713 E C2MtkVdec: [0xEA0EDD00] fetch graphic block err = 110
02-26 11:43:50.354   796 11688 E C2MtkVdec: [0xEA0EA500] fetch graphic block err = 110
02-26 11:43:50.354   796 22390 E C2MtkVdec: [0xEB09C900] fetch graphic block err = 110
02-26 11:43:50.354   796 21245 E C2MtkVdec: [0xEB097C00] fetch graphic block err = 110
02-26 11:43:50.355   796  1563 E C2MtkVdec: [0xEC399B00] fetch graphic block err = 110
02-26 11:43:50.391   796 11713 E C2MtkVdec: [0xEA0EDD00] fetch graphic block err = 110
02-26 11:43:50.454   796 11688 E C2MtkVdec: [0xEA0EA500] fetch graphic block err = 110
02-26 11:43:50.455   796 21245 E C2MtkVdec: [0xEB097C00] fetch graphic block err = 110
02-26 11:43:50.455   796 22390 E C2MtkVdec: [0xEB09C900] fetch graphic block err = 110
02-26 11:43:50.456   796  1563 E C2MtkVdec: [0xEC399B00] fetch graphic block err = 110
02-26 11:43:50.492   796 11713 E C2MtkVdec: [0xEA0EDD00] fetch graphic block err = 110
02-26 11:43:50.555   796 21245 E C2MtkVdec: [0xEB097C00] fetch graphic block err = 110
02-26 11:43:50.555   796 11688 E C2MtkVdec: [0xEA0EA500] fetch graphic block err = 110
02-26 11:43:50.555   796 22390 E C2MtkVdec: [0xEB09C900] fetch graphic block err = 110
02-26 11:43:50.556   796  1563 E C2MtkVdec: [0xEC399B00] fetch graphic block err = 110
02-26 11:43:50.592   796 11713 E C2MtkVdec: [0xEA0EDD00] fetch graphic block err = 110
02-26 11:43:50.655   796 21245 E C2MtkVdec: [0xEB097C00] fetch graphic block err = 110
02-26 11:43:50.655   796 11688 E C2MtkVdec: [0xEA0EA500] fetch graphic block err = 110
02-26 11:43:50.656   796 22390 E C2MtkVdec: [0xEB09C900] fetch graphic block err = 110
02-26 11:43:50.656   796 21245 E VDO_LOG : ### +VDEC_DRV_GET_TYPE_GET_PIXEL_FORMAT
02-26 11:43:50.656   796 21245 E VDO_LOG : [Info] get updated pixel format:  4
02-26 11:43:50.657   796  1563 E C2MtkVdec: [0xEC399B00] fetch graphic block err = 110
02-26 11:43:50.693   796 11713 E C2MtkVdec: [0xEA0EDD00] fetch graphic block err = 110
02-26 11:43:50.756   796 11688 E C2MtkVdec: [0xEA0EA500] fetch graphic block err = 110
02-26 11:43:50.756   796 22390 E C2MtkVdec: [0xEB09C900] fetch graphic block err = 110
02-26 11:43:50.757   796  1563 E C2MtkVdec: [0xEC399B00] fetch graphic block err = 110
02-26 11:43:50.757   796 21245 E C2MtkVdec: [0xEB097C00] fetch graphic block err = 110
02-26 11:43:50.790  1459  1496 I PowerManagerService: getBoardTemp for outdoor mode: 34000
02-26 11:43:50.792  1459  1496 I lq ThermalManagerService: getBoardTemp: 34000
02-26 11:43:50.793   796 11713 E C2MtkVdec: [0xEA0EDD00] fetch graphic block err = 110
02-26 11:43:50.856   796 11688 E C2MtkVdec: [0xEA0EA500] fetch graphic block err = 110
02-26 11:43:50.856   796 22390 E C2MtkVdec: [0xEB09C900] fetch graphic block err = 110
02-26 11:43:50.857   796  1563 E C2MtkVdec: [0xEC399B00] fetch graphic block err = 110
02-26 11:43:50.857   796 21245 E C2MtkVdec: [0xEB097C00] fetch graphic block err = 110
02-26 11:43:50.894   796 11713 E C2MtkVdec: [0xEA0EDD00] fetch graphic block err = 110
02-26 11:43:50.957   796 22390 E C2MtkVdec: [0xEB09C900] fetch graphic block err = 110
02-26 11:43:50.957   796 11688 E C2MtkVdec: [0xEA0EA500] fetch graphic block err = 110
02-26 11:43:50.958   796  1563 E C2MtkVdec: [0xEC399B00] fetch graphic block err = 110
02-26 11:43:50.958   796 21245 E C2MtkVdec: [0xEB097C00] fetch graphic block err = 110
02-26 11:43:50.994   796 11713 E C2MtkVdec: [0xEA0EDD00] fetch graphic block err = 110
02-26 11:43:51.057   796 22390 E C2MtkVdec: [0xEB09C900] fetch graphic block err = 110
02-26 11:43:51.057   796 11688 E C2MtkVdec: [0xEA0EA500] fetch graphic block err = 110
02-26 11:43:51.058   796  1563 E C2MtkVdec: [0xEC399B00] fetch graphic block err = 110
02-26 11:43:51.058   796 21245 E C2MtkVdec: [0xEB097C00] fetch graphic block err = 110
02-26 11:43:51.095   796 11713 E C2MtkVdec: [0xEA0EDD00] fetch graphic block err = 110
02-26 11:43:51.158   796 22390 E C2MtkVdec: [0xEB09C900] fetch graphic block err = 110
02-26 11:43:51.158   796 11688 E C2MtkVdec: [0xEA0EA500] fetch graphic block err = 110
02-26 11:43:51.159   796  1563 E C2MtkVdec: [0xEC399B00] fetch graphic block err = 110
02-26 11:43:51.159   796 21245 E C2MtkVdec: [0xEB097C00] fetch graphic block err = 110
02-26 11:43:51.195   796 11713 E C2MtkVdec: [0xEA0EDD00] fetch graphic block err = 110
02-26 11:43:51.258   796 22390 E C2MtkVdec: [0xEB09C900] fetch graphic block err = 110
02-26 11:43:51.259   796 11688 E C2MtkVdec: [0xEA0EA500] fetch graphic block err = 110
02-26 11:43:51.259   796  1563 E C2MtkVdec: [0xEC399B00] fetch graphic block err = 110
02-26 11:43:51.259   796 21245 E C2MtkVdec: [0xEB097C00] fetch graphic block err = 110
02-26 11:43:51.295   796 11713 E C2MtkVdec: [0xEA0EDD00] fetch graphic block err = 110
02-26 11:43:51.359   796 22390 E C2MtkVdec: [0xEB09C900] fetch graphic block err = 110
02-26 11:43:51.359   796 11688 E C2MtkVdec: [0xEA0EA500] fetch graphic block err = 110
02-26 11:43:51.359   796  1563 E C2MtkVdec: [0xEC399B00] fetch graphic block err = 110
02-26 11:43:51.360   796 21245 E C2MtkVdec: [0xEB097C00] fetch graphic block err = 110
02-26 11:43:51.396   796 11713 E C2MtkVdec: [0xEA0EDD00] fetch graphic block err = 110
02-26 11:43:51.459   796 22390 E C2MtkVdec: [0xEB09C900] fetch graphic block err = 110
02-26 11:43:51.460   796 11688 E C2MtkVdec: [0xEA0EA500] fetch graphic block err = 110
02-26 11:43:51.460   796 21245 E C2MtkVdec: [0xEB097C00] fetch graphic block err = 110
02-26 11:43:51.460   796  1563 E C2MtkVdec: [0xEC399B00] fetch graphic block err = 110
02-26 11:43:51.496   796 11713 E C2MtkVdec: [0xEA0EDD00] fetch graphic block err = 110
02-26 11:43:51.497   796 21804 W C2BqBuffer: last successful dequeue was 425230202426 us ago, 0 consecutive failures
02-26 11:43:51.560   796 22390 E C2MtkVdec: [0xEB09C900] fetch graphic block err = 110
02-26 11:43:51.560   796 11688 E C2MtkVdec: [0xEA0EA500] fetch graphic block err = 110
02-26 11:43:51.560   796 21245 E C2MtkVdec: [0xEB097C00] fetch graphic block err = 110
02-26 11:43:51.560   796  1563 E C2MtkVdec: [0xEC399B00] fetch graphic block err = 110
02-26 11:43:51.597   796 11713 E C2MtkVdec: [0xEA0EDD00] fetch graphic block err = 110
02-26 11:43:51.653   796 23608 W C2BqBuffer: last successful dequeue was 24808862180 us ago, 0 consecutive failures
02-26 11:43:51.660   796 22390 E C2MtkVdec: [0xEB09C900] fetch graphic block err = 110
02-26 11:43:51.660   796 11688 E C2MtkVdec: [0xEA0EA500] fetch graphic block err = 110
02-26 11:43:51.660   796 21245 E C2MtkVdec: [0xEB097C00] fetch graphic block err = 110
02-26 11:43:51.661   796  1563 E C2MtkVdec: [0xEC399B00] fetch graphic block err = 110
02-26 11:43:51.697   796 11713 E C2MtkVdec: [0xEA0EDD00] fetch graphic block err = 110
02-26 11:43:51.699   796  7995 W C2BqBuffer: last successful dequeue was 129183863588 us ago, 0 consecutive failures
02-26 11:43:51.702   796 21249 W C2BqBuffer: last successful dequeue was 356604214580 us ago, 0 consecutive failures
02-26 11:43:51.761   796 21245 E C2MtkVdec: [0xEB097C00] fetch graphic block err = 110
02-26 11:43:51.761   796 22390 E C2MtkVdec: [0xEB09C900] fetch graphic block err = 110
02-26 11:43:51.761   796 11688 E C2MtkVdec: [0xEA0EA500] fetch graphic block err = 110
02-26 11:43:51.761   796  1563 E C2MtkVdec: [0xEC399B00] fetch graphic block err = 110
02-26 11:43:51.781   796 22394 W C2BqBuffer: last successful dequeue was 243803445853 us ago, 0 consecutive failures
02-26 11:43:51.798   796 11713 E C2MtkVdec: [0xEA0EDD00] fetch graphic block err = 110
02-26 11:43:51.836   784 31138 I resolv  : GetAddrInfoHandler::run: {463 463 463 983503 10243 0}
02-26 11:43:51.861   796 22390 E C2MtkVdec: [0xEB09C900] fetch graphic block err = 110
02-26 11:43:51.861   796 11688 E C2MtkVdec: [0xEA0EA500] fetch graphic block err = 110
02-26 11:43:51.861   796 21245 E C2MtkVdec: [0xEB097C00] fetch graphic block err = 110
02-26 11:43:51.862   796  1563 E C2MtkVdec: [0xEC399B00] fetch graphic block err = 110
02-26 11:43:51.883   796 11692 W C2BqBuffer: last successful dequeue was 116017673867 us ago, 0 consecutive failures
02-26 11:43:51.898   796 11713 E C2MtkVdec: [0xEA0EDD00] fetch graphic block err = 110
02-26 11:43:51.962   796 21245 E C2MtkVdec: [0xEB097C00] fetch graphic block err = 110
02-26 11:43:51.962   796 22390 E C2MtkVdec: [0xEB09C900] fetch graphic block err = 110
02-26 11:43:51.962   796 11688 E C2MtkVdec: [0xEA0EA500] fetch graphic block err = 110
02-26 11:43:51.962   796  1563 E C2MtkVdec: [0xEC399B00] fetch graphic block err = 110
02-26 11:43:51.973   796  6553 W C2BqBuffer: last successful dequeue was 50744552728 us ago, 0 consecutive failures
02-26 11:43:51.999   796 11713 E C2MtkVdec: [0xEA0EDD00] fetch graphic block err = 110
02-26 11:43:52.010  2661  2661 I WifiHAL : Get link layer stats
02-26 11:43:52.010  2661  2661 I WifiHAL : GetLinkStatsCommand::create
02-26 11:43:52.011  2661  2661 I android.hardware.wifi@1.0-service-lazy: WifiCommand::requestResponse err=-14
02-26 11:43:52.011  2661  2661 I WifiHAL : wifi_get_link_stats: result=-1
02-26 11:43:52.013  1459  1668 E WifiVendorHal: getWifiLinkLayerStats_1_5_Internal(l.1176) failed {.code = ERROR_UNKNOWN, .description = unknown}
02-26 11:43:52.047  7880  8301 I com.google.android.ims.: [53] ero.handleMessage:1 [53] : RcsEngineImpl[DUAL_REG]:[d5bc2f90-5012]>Handler: handleMessage processing message:[NOTIFY_UPTIME_IGNORE_STATE_CHANGED] with [non-null]:RcsEngineImpl reference
02-26 11:43:52.052 26562 10975 I ChimeraSrvcProxy: NullBinder for android.net.action.RECOMMEND_NETWORKS triggering remote TransactionTooLargeException due to Service without Chimera impl
02-26 11:43:52.052  7880  8308 I com.google.android.ims.: [54] ehw.c:5 [54] : Connected state: [1], networkType: [WIFI]
02-26 11:43:52.053 26562 10975 W .gms.persistent: Large reply transaction of 1056768 bytes, interface descriptor , code 1
02-26 11:43:52.062   796 11688 E C2MtkVdec: [0xEA0EA500] fetch graphic block err = 110
02-26 11:43:52.062   796 22390 E C2MtkVdec: [0xEB09C900] fetch graphic block err = 110
02-26 11:43:52.062   796 21245 E C2MtkVdec: [0xEB097C00] fetch graphic block err = 110
02-26 11:43:52.062   796  1563 E C2MtkVdec: [0xEC399B00] fetch graphic block err = 110
02-26 11:43:52.073  7880  8301 I com.google.android.ims.: [53] eql.f:5 [53] : ProvisioningEngineDataRetriever: Rcs is enabled from user settings: true
02-26 11:43:52.075   819   819 I BufferQueueProducer: [StatusBar#77](this:0xecfb0cdc,id:-1,api:0,p:-1,c:819) queueBuffer: fps=0.33 dur=6064.03 max=6032.31 min=31.72
02-26 11:43:52.077   794   794 I hwcomposer: [HWCDisplay] [Display_0 (type:1)] fps:3.874458,dur:3871.51,max:3464.02,min:15.36  
02-26 11:43:52.099   796 11713 E C2MtkVdec: [0xEA0EDD00] fetch graphic block err = 110
02-26 11:43:52.125   796 11731 W C2BqBuffer: last successful dequeue was 116017548158 us ago, 0 consecutive failures
02-26 11:43:52.162   796 22390 E C2MtkVdec: [0xEB09C900] fetch graphic block err = 110
02-26 11:43:52.162   796  1563 E C2MtkVdec: [0xEC399B00] fetch graphic block err = 110
02-26 11:43:52.162   796 21245 E C2MtkVdec: [0xEB097C00] fetch graphic block err = 110
02-26 11:43:52.162   796 11688 E C2MtkVdec: [0xEA0EA500] fetch graphic block err = 110
02-26 11:43:52.163   796 11688 E VDO_LOG : ### +VDEC_DRV_GET_TYPE_GET_PIXEL_FORMAT
02-26 11:43:52.163   796 11688 E VDO_LOG : [Info] get updated pixel format:  4
02-26 11:43:52.200   796 11713 E C2MtkVdec: [0xEA0EDD00] fetch graphic block err = 110
02-26 11:43:52.263   796  1563 E C2MtkVdec: [0xEC399B00] fetch graphic block err = 110
02-26 11:43:52.263   796 21245 E C2MtkVdec: [0xEB097C00] fetch graphic block err = 110
02-26 11:43:52.263   796 22390 E C2MtkVdec: [0xEB09C900] fetch graphic block err = 110
02-26 11:43:52.264   796 11688 E C2MtkVdec: [0xEA0EA500] fetch graphic block err = 110
02-26 11:43:52.300   796 11713 E C2MtkVdec: [0xEA0EDD00] fetch graphic block err = 110
02-26 11:43:52.363   796  1563 E C2MtkVdec: [0xEC399B00] fetch graphic block err = 110
02-26 11:43:52.363   796 21245 E C2MtkVdec: [0xEB097C00] fetch graphic block err = 110
02-26 11:43:52.363   796 22390 E C2MtkVdec: [0xEB09C900] fetch graphic block err = 110
02-26 11:43:52.363   796  1563 E VDO_LOG : ### +VDEC_DRV_GET_TYPE_GET_PIXEL_FORMAT
02-26 11:43:52.363   796  1563 E VDO_LOG : [Info] get updated pixel format:  4
02-26 11:43:52.364   796 11688 E C2MtkVdec: [0xEA0EA500] fetch graphic block err = 110
02-26 11:43:52.400   796 11713 E C2MtkVdec: [0xEA0EDD00] fetch graphic block err = 110
02-26 11:43:52.464   796 21245 E C2MtkVdec: [0xEB097C00] fetch graphic block err = 110
02-26 11:43:52.464   796 22390 E C2MtkVdec: [0xEB09C900] fetch graphic block err = 110
02-26 11:43:52.465   796 11688 E C2MtkVdec: [0xEA0EA500] fetch graphic block err = 110
02-26 11:43:52.465   796  1563 E C2MtkVdec: [0xEC399B00] fetch graphic block err = 110
02-26 11:43:52.501   796 11713 E C2MtkVdec: [0xEA0EDD00] fetch graphic block err = 110
02-26 11:43:52.501   796 11713 E VDO_LOG : ### +VDEC_DRV_GET_TYPE_GET_PIXEL_FORMAT
02-26 11:43:52.501   796 11713 E VDO_LOG : [Info] get updated pixel format:  4
02-26 11:43:52.564   796 21245 E C2MtkVdec: [0xEB097C00] fetch graphic block err = 110
02-26 11:43:52.564   796 22390 E C2MtkVdec: [0xEB09C900] fetch graphic block err = 110
02-26 11:43:52.565   796 22390 E VDO_LOG : ### +VDEC_DRV_GET_TYPE_GET_PIXEL_FORMAT
02-26 11:43:52.565   796 22390 E VDO_LOG : [Info] get updated pixel format:  4
02-26 11:43:52.565   796 11688 E C2MtkVdec: [0xEA0EA500] fetch graphic block err = 110
02-26 11:43:52.565   796  1563 E C2MtkVdec: [0xEC399B00] fetch graphic block err = 110
02-26 11:43:52.565  1016  1016 I thermal_repeater: [recvMdThermalInfo] ret=26, strLen=127,  3, 33, -50, 196, 32767, 0
02-26 11:43:52.603   796 11713 E C2MtkVdec: [0xEA0EDD00] fetch graphic block err = 110
02-26 11:43:52.665   796 21245 E C2MtkVdec: [0xEB097C00] fetch graphic block err = 110
02-26 11:43:52.665   796  1563 E C2MtkVdec: [0xEC399B00] fetch graphic block err = 110
02-26 11:43:52.665   796 11688 E C2MtkVdec: [0xEA0EA500] fetch graphic block err = 110
02-26 11:43:52.666   796 22390 E C2MtkVdec: [0xEB09C900] fetch graphic block err = 110
02-26 11:43:52.703   796 11713 E C2MtkVdec: [0xEA0EDD00] fetch graphic block err = 110
02-26 11:43:52.766   796 21245 E C2MtkVdec: [0xEB097C00] fetch graphic block err = 110
02-26 11:43:52.766   796  1563 E C2MtkVdec: [0xEC399B00] fetch graphic block err = 110
02-26 11:43:52.766   796 11688 E C2MtkVdec: [0xEA0EA500] fetch graphic block err = 110
02-26 11:43:52.766   796 22390 E C2MtkVdec: [0xEB09C900] fetch graphic block err = 110
02-26 11:43:52.804   796 11713 E C2MtkVdec: [0xEA0EDD00] fetch graphic block err = 110
02-26 11:43:52.866   796  1563 E C2MtkVdec: [0xEC399B00] fetch graphic block err = 110
02-26 11:43:52.866   796 21245 E C2MtkVdec: [0xEB097C00] fetch graphic block err = 110
02-26 11:43:52.866   796 11688 E C2MtkVdec: [0xEA0EA500] fetch graphic block err = 110
02-26 11:43:52.867   796 22390 E C2MtkVdec: [0xEB09C900] fetch graphic block err = 110
02-26 11:43:52.904   796 11713 E C2MtkVdec: [0xEA0EDD00] fetch graphic block err = 110
02-26 11:43:52.966   796  1563 E C2MtkVdec: [0xEC399B00] fetch graphic block err = 110
02-26 11:43:52.966   796 21245 E C2MtkVdec: [0xEB097C00] fetch graphic block err = 110
02-26 11:43:52.967   796 11688 E C2MtkVdec: [0xEA0EA500] fetch graphic block err = 110
02-26 11:43:52.967   796 22390 E C2MtkVdec: [0xEB09C900] fetch graphic block err = 110
02-26 11:43:53.005   796 11713 E C2MtkVdec: [0xEA0EDD00] fetch graphic block err = 110
02-26 11:43:53.067   796 21245 E C2MtkVdec: [0xEB097C00] fetch graphic block err = 110
02-26 11:43:53.067   796  1563 E C2MtkVdec: [0xEC399B00] fetch graphic block err = 110
02-26 11:43:53.067   796 11688 E C2MtkVdec: [0xEA0EA500] fetch graphic block err = 110
02-26 11:43:53.067   796 22390 E C2MtkVdec: [0xEB09C900] fetch graphic block err = 110
02-26 11:43:53.105   796 11713 E C2MtkVdec: [0xEA0EDD00] fetch graphic block err = 110
02-26 11:43:53.167   796 21245 E C2MtkVdec: [0xEB097C00] fetch graphic block err = 110
02-26 11:43:53.167   796 11688 E C2MtkVdec: [0xEA0EA500] fetch graphic block err = 110
02-26 11:43:53.167   796  1563 E C2MtkVdec: [0xEC399B00] fetch graphic block err = 110
02-26 11:43:53.168   796 22390 E C2MtkVdec: [0xEB09C900] fetch graphic block err = 110
02-26 11:43:53.205   796 11713 E C2MtkVdec: [0xEA0EDD00] fetch graphic block err = 110
02-26 11:43:53.267   796  1563 E C2MtkVdec: [0xEC399B00] fetch graphic block err = 110
02-26 11:43:53.268   796 11688 E C2MtkVdec: [0xEA0EA500] fetch graphic block err = 110
02-26 11:43:53.268   796 21245 E C2MtkVdec: [0xEB097C00] fetch graphic block err = 110
02-26 11:43:53.268   796 22390 E C2MtkVdec: [0xEB09C900] fetch graphic block err = 110
02-26 11:43:53.306   796 11713 E C2MtkVdec: [0xEA0EDD00] fetch graphic block err = 110
02-26 11:43:53.368   796 11688 E C2MtkVdec: [0xEA0EA500] fetch graphic block err = 110
02-26 11:43:53.368   796  1563 E C2MtkVdec: [0xEC399B00] fetch graphic block err = 110
02-26 11:43:53.368   796 21245 E C2MtkVdec: [0xEB097C00] fetch graphic block err = 110
02-26 11:43:53.368   796 22390 E C2MtkVdec: [0xEB09C900] fetch graphic block err = 110
02-26 11:43:53.407   796 11713 E C2MtkVdec: [0xEA0EDD00] fetch graphic block err = 110
02-26 11:43:53.468   796  1563 E C2MtkVdec: [0xEC399B00] fetch graphic block err = 110
02-26 11:43:53.469   796 11688 E C2MtkVdec: [0xEA0EA500] fetch graphic block err = 110
02-26 11:43:53.469   796 21245 E C2MtkVdec: [0xEB097C00] fetch graphic block err = 110
02-26 11:43:53.469   796 22390 E C2MtkVdec: [0xEB09C900] fetch graphic block err = 110
02-26 11:43:53.507   796 11713 E C2MtkVdec: [0xEA0EDD00] fetch graphic block err = 110
02-26 11:43:53.569   796  1563 E C2MtkVdec: [0xEC399B00] fetch graphic block err = 110
02-26 11:43:53.569   796 11688 E C2MtkVdec: [0xEA0EA500] fetch graphic block err = 110
02-26 11:43:53.569   796 21245 E C2MtkVdec: [0xEB097C00] fetch graphic block err = 110
02-26 11:43:53.569   796 22390 E C2MtkVdec: [0xEB09C900] fetch graphic block err = 110
02-26 11:43:53.608   796 11713 E C2MtkVdec: [0xEA0EDD00] fetch graphic block err = 110
02-26 11:43:53.669   796  1563 E C2MtkVdec: [0xEC399B00] fetch graphic block err = 110
02-26 11:43:53.669   796 11688 E C2MtkVdec: [0xEA0EA500] fetch graphic block err = 110
02-26 11:43:53.669   796 22390 E C2MtkVdec: [0xEB09C900] fetch graphic block err = 110
02-26 11:43:53.669   796 21245 E C2MtkVdec: [0xEB097C00] fetch graphic block err = 110
02-26 11:43:53.670   796 21245 E VDO_LOG : ### +VDEC_DRV_GET_TYPE_GET_PIXEL_FORMAT
02-26 11:43:53.670   796 21245 E VDO_LOG : [Info] get updated pixel format:  4
02-26 11:43:53.708   796 11713 E C2MtkVdec: [0xEA0EDD00] fetch graphic block err = 110
02-26 11:43:53.755   796 14950 W C2BqBuffer: last successful dequeue was 464242995257 us ago, 0 consecutive failures
02-26 11:43:53.770   796  1563 E C2MtkVdec: [0xEC399B00] fetch graphic block err = 110
02-26 11:43:53.770   796 22390 E C2MtkVdec: [0xEB09C900] fetch graphic block err = 110
02-26 11:43:53.770   796 11688 E C2MtkVdec: [0xEA0EA500] fetch graphic block err = 110
02-26 11:43:53.772   796 21245 E C2MtkVdec: [0xEB097C00] fetch graphic block err = 110
02-26 11:43:53.809   796 11713 E C2MtkVdec: [0xEA0EDD00] fetch graphic block err = 110
02-26 11:43:53.860   784 31140 I resolv  : GetAddrInfoHandler::run: {463 463 463 983503 10243 0}
02-26 11:43:53.870   796  1563 E C2MtkVdec: [0xEC399B00] fetch graphic block err = 110
02-26 11:43:53.870   796 22390 E C2MtkVdec: [0xEB09C900] fetch graphic block err = 110
02-26 11:43:53.870   796 11688 E C2MtkVdec: [0xEA0EA500] fetch graphic block err = 110
02-26 11:43:53.872   796 21245 E C2MtkVdec: [0xEB097C00] fetch graphic block err = 110
02-26 11:43:53.909   796 11713 E C2MtkVdec: [0xEA0EDD00] fetch graphic block err = 110
02-26 11:43:53.925   796  1567 W C2BqBuffer: last successful dequeue was 403915127852 us ago, 0 consecutive failures
02-26 11:43:53.970   796 11688 E C2MtkVdec: [0xEA0EA500] fetch graphic block err = 110
02-26 11:43:53.970   796  1563 E C2MtkVdec: [0xEC399B00] fetch graphic block err = 110
02-26 11:43:53.970   796 22390 E C2MtkVdec: [0xEB09C900] fetch graphic block err = 110
02-26 11:43:53.972   796 21245 E C2MtkVdec: [0xEB097C00] fetch graphic block err = 110
02-26 11:43:54.010   796 11713 E C2MtkVdec: [0xEA0EDD00] fetch graphic block err = 110
02-26 11:43:54.071   796 22390 E C2MtkVdec: [0xEB09C900] fetch graphic block err = 110
02-26 11:43:54.071   796  1563 E C2MtkVdec: [0xEC399B00] fetch graphic block err = 110
02-26 11:43:54.071   796 11688 E C2MtkVdec: [0xEA0EA500] fetch graphic block err = 110
02-26 11:43:54.073   796 21245 E C2MtkVdec: [0xEB097C00] fetch graphic block err = 110
02-26 11:43:54.110   796 11713 E C2MtkVdec: [0xEA0EDD00] fetch graphic block err = 110
02-26 11:43:54.171   796 22390 E C2MtkVdec: [0xEB09C900] fetch graphic block err = 110
02-26 11:43:54.171   796 11688 E C2MtkVdec: [0xEA0EA500] fetch graphic block err = 110
02-26 11:43:54.171   796  1563 E C2MtkVdec: [0xEC399B00] fetch graphic block err = 110
02-26 11:43:54.173   796 21245 E C2MtkVdec: [0xEB097C00] fetch graphic block err = 110
02-26 11:43:54.211   796 11713 E C2MtkVdec: [0xEA0EDD00] fetch graphic block err = 110
02-26 11:43:54.272   796 22390 E C2MtkVdec: [0xEB09C900] fetch graphic block err = 110
02-26 11:43:54.272   796 11688 E C2MtkVdec: [0xEA0EA500] fetch graphic block err = 110
02-26 11:43:54.272   796  1563 E C2MtkVdec: [0xEC399B00] fetch graphic block err = 110
02-26 11:43:54.273   796 21245 E C2MtkVdec: [0xEB097C00] fetch graphic block err = 110
02-26 11:43:54.311   796 11713 E C2MtkVdec: [0xEA0EDD00] fetch graphic block err = 110
02-26 11:43:54.372   796  1563 E C2MtkVdec: [0xEC399B00] fetch graphic block err = 110
02-26 11:43:54.372   796 22390 E C2MtkVdec: [0xEB09C900] fetch graphic block err = 110
02-26 11:43:54.372   796 11688 E C2MtkVdec: [0xEA0EA500] fetch graphic block err = 110
02-26 11:43:54.374   796 21245 E C2MtkVdec: [0xEB097C00] fetch graphic block err = 110
02-26 11:43:54.411   796 11713 E C2MtkVdec: [0xEA0EDD00] fetch graphic block err = 110
02-26 11:43:54.439   796 13058 W C2BqBuffer: last successful dequeue was 441917661351 us ago, 0 consecutive failures
02-26 11:43:54.472   796  1563 E C2MtkVdec: [0xEC399B00] fetch graphic block err = 110
02-26 11:43:54.472   796 22390 E C2MtkVdec: [0xEB09C900] fetch graphic block err = 110
02-26 11:43:54.472   796 11688 E C2MtkVdec: [0xEA0EA500] fetch graphic block err = 110
02-26 11:43:54.474   796 21245 E C2MtkVdec: [0xEB097C00] fetch graphic block err = 110
02-26 11:43:54.512   796 11713 E C2MtkVdec: [0xEA0EDD00] fetch graphic block err = 110
02-26 11:43:54.572   796  1563 E C2MtkVdec: [0xEC399B00] fetch graphic block err = 110
02-26 11:43:54.572   796 22390 E C2MtkVdec: [0xEB09C900] fetch graphic block err = 110
02-26 11:43:54.573   796 11688 E C2MtkVdec: [0xEA0EA500] fetch graphic block err = 110
02-26 11:43:54.574   796 21245 E C2MtkVdec: [0xEB097C00] fetch graphic block err = 110
02-26 11:43:54.612   796 11713 E C2MtkVdec: [0xEA0EDD00] fetch graphic block err = 110
02-26 11:43:54.673   796  1563 E C2MtkVdec: [0xEC399B00] fetch graphic block err = 110
02-26 11:43:54.673   796 11688 E C2MtkVdec: [0xEA0EA500] fetch graphic block err = 110
02-26 11:43:54.673   796 22390 E C2MtkVdec: [0xEB09C900] fetch graphic block err = 110
02-26 11:43:54.675   796 21245 E C2MtkVdec: [0xEB097C00] fetch graphic block err = 110
02-26 11:43:54.713   796 11713 E C2MtkVdec: [0xEA0EDD00] fetch graphic block err = 110
02-26 11:43:54.773   796 11688 E C2MtkVdec: [0xEA0EA500] fetch graphic block err = 110
02-26 11:43:54.774   796 22390 E C2MtkVdec: [0xEB09C900] fetch graphic block err = 110
02-26 11:43:54.774   796  1563 E C2MtkVdec: [0xEC399B00] fetch graphic block err = 110
02-26 11:43:54.775   796 21245 E C2MtkVdec: [0xEB097C00] fetch graphic block err = 110
02-26 11:43:54.813   796 11713 E C2MtkVdec: [0xEA0EDD00] fetch graphic block err = 110
02-26 11:43:54.874   796 11688 E C2MtkVdec: [0xEA0EA500] fetch graphic block err = 110
02-26 11:43:54.874   796 22390 E C2MtkVdec: [0xEB09C900] fetch graphic block err = 110
02-26 11:43:54.874   796  1563 E C2MtkVdec: [0xEC399B00] fetch graphic block err = 110
02-26 11:43:54.876   796 21245 E C2MtkVdec: [0xEB097C00] fetch graphic block err = 110
02-26 11:43:54.914   796 11713 E C2MtkVdec: [0xEA0EDD00] fetch graphic block err = 110
02-26 11:43:54.974   796 22390 E C2MtkVdec: [0xEB09C900] fetch graphic block err = 110
02-26 11:43:54.974   796 11688 E C2MtkVdec: [0xEA0EA500] fetch graphic block err = 110
02-26 11:43:54.975   796  1563 E C2MtkVdec: [0xEC399B00] fetch graphic block err = 110
02-26 11:43:54.976   796 21245 E C2MtkVdec: [0xEB097C00] fetch graphic block err = 110
02-26 11:43:55.014   796 11713 E C2MtkVdec: [0xEA0EDD00] fetch graphic block err = 110
02-26 11:43:55.036  2661  2661 I WifiHAL : Get link layer stats
02-26 11:43:55.036  2661  2661 I WifiHAL : GetLinkStatsCommand::create
02-26 11:43:55.037  2661  2661 I android.hardware.wifi@1.0-service-lazy: WifiCommand::requestResponse err=-14
02-26 11:43:55.037  2661  2661 I WifiHAL : wifi_get_link_stats: result=-1
02-26 11:43:55.040  1459  1668 E WifiVendorHal: getWifiLinkLayerStats_1_5_Internal(l.1176) failed {.code = ERROR_UNKNOWN, .description = unknown}
02-26 11:43:55.075   796 11688 E C2MtkVdec: [0xEA0EA500] fetch graphic block err = 110
02-26 11:43:55.075   796 22390 E C2MtkVdec: [0xEB09C900] fetch graphic block err = 110
02-26 11:43:55.075   796  1563 E C2MtkVdec: [0xEC399B00] fetch graphic block err = 110
02-26 11:43:55.076   796 21245 E C2MtkVdec: [0xEB097C00] fetch graphic block err = 110
02-26 11:43:55.114   796 11713 E C2MtkVdec: [0xEA0EDD00] fetch graphic block err = 110
02-26 11:43:55.175   796 22390 E C2MtkVdec: [0xEB09C900] fetch graphic block err = 110
02-26 11:43:55.175   796 11688 E C2MtkVdec: [0xEA0EA500] fetch graphic block err = 110
02-26 11:43:55.175   796  1563 E C2MtkVdec: [0xEC399B00] fetch graphic block err = 110
02-26 11:43:55.176   796 11688 E VDO_LOG : ### +VDEC_DRV_GET_TYPE_GET_PIXEL_FORMAT
02-26 11:43:55.176   796 11688 E VDO_LOG : [Info] get updated pixel format:  4
02-26 11:43:55.177   796 21245 E C2MtkVdec: [0xEB097C00] fetch graphic block err = 110
02-26 11:43:55.215   796 11713 E C2MtkVdec: [0xEA0EDD00] fetch graphic block err = 110
02-26 11:43:55.276   796 22390 E C2MtkVdec: [0xEB09C900] fetch graphic block err = 110
02-26 11:43:55.276   796  1563 E C2MtkVdec: [0xEC399B00] fetch graphic block err = 110
02-26 11:43:55.277   796 11688 E C2MtkVdec: [0xEA0EA500] fetch graphic block err = 110
02-26 11:43:55.278   796 21245 E C2MtkVdec: [0xEB097C00] fetch graphic block err = 110
02-26 11:43:55.315   796 11713 E C2MtkVdec: [0xEA0EDD00] fetch graphic block err = 110
02-26 11:43:55.376   796 22390 E C2MtkVdec: [0xEB09C900] fetch graphic block err = 110
02-26 11:43:55.376   796  1563 E C2MtkVdec: [0xEC399B00] fetch graphic block err = 110
02-26 11:43:55.377   796  1563 E VDO_LOG : ### +VDEC_DRV_GET_TYPE_GET_PIXEL_FORMAT
02-26 11:43:55.377   796  1563 E VDO_LOG : [Info] get updated pixel format:  4
02-26 11:43:55.378   796 11688 E C2MtkVdec: [0xEA0EA500] fetch graphic block err = 110
02-26 11:43:55.378   796 21245 E C2MtkVdec: [0xEB097C00] fetch graphic block err = 110
02-26 11:43:55.416   796 11713 E C2MtkVdec: [0xEA0EDD00] fetch graphic block err = 110
02-26 11:43:55.476   796 22390 E C2MtkVdec: [0xEB09C900] fetch graphic block err = 110
02-26 11:43:55.478   796  1563 E C2MtkVdec: [0xEC399B00] fetch graphic block err = 110
